144.76.95.39 - - [20/May/2015:09:05:20 +0000] "GET /scripts//%22$%7BWEBLOC%7D/view.php/?file=$%7Blinkto%7D%5C%22 HTTP/1.0" 404 314 "-" "Mozilla/5.0 (compatible; MJ12bot/v1.4.4; http://www.majestic12.co.uk/bot.php?+)"
144.76.95.39 - - [20/May/2015:09:05:30 +0000] "GET /scripts//%22file://$file/%22 HTTP/1.0" 404 314 "-" "Mozilla/5.0 (compatible; MJ12bot/v1.4.4; http://www.majestic12.co.uk/bot.php?+)"
144.76.95.39 - - [20/May/2015:09:05:49 +0000] "GET / HTTP/1.0" 200 37932 "-" "Mozilla/5.0 (compatible; MJ12bot/v1.4.4; http://www.majestic12.co.uk/bot.php?+)"
144.76.95.39 - - [20/May/2015:09:05:09 +0000] "GET /robots.txt HTTP/1.0" 200 - "-" "Mozilla/5.0 (compatible; MJ12bot/v1.4.4; http://www.majestic12.co.uk/bot.php?+)"
144.76.95.39 - - [20/May/2015:09:05:04 +0000] "GET /articles/ssh-???????????????????/ HTTP/1.0" 404 7861 "-" "Mozilla/5.0 (compatible; MJ12bot/v1.4.4; http://www.majestic12.co.uk/bot.php?+)"
144.76.95.39 - - [20/May/2015:09:05:25 +0000] "GET /blog/geekery/jquery-interface- HTTP/1.0" 404 7861 "-" "Mozilla/5.0 (compatible; MJ12bot/v1.4.4; http://www.majestic12.co.uk/bot.php?+)"
144.76.95.39 - - [20/May/2015:09:05:34 +0000] "GET /robots.txt HTTP/1.0" 200 - "-" "Mozilla/5.0 (compatible; MJ12bot/v1.4.4; http://www.majestic12.co.uk/bot.php?+)"
144.76.95.39 - - [20/May/2015:09:05:37 +0000] "GET /blog/geekery%E2%80%A6 HTTP/1.0" 404 7861 "-" "Mozilla/5.0 (compatible; MJ12bot/v1.4.4; http://www.majestic12.co.uk/bot.php?+)"
144.76.95.39 - - [20/May/2015:09:05:44 +0000] "GET /blog/tags/C HTTP/1.0" 200 37991 "-" "Mozilla/5.0 (compatible; MJ12bot/v1.4.4; http://www.majestic12.co.uk/bot.php?+)"
144.76.95.39 - - [20/May/2015:09:05:48 +0000] "GET /blog/tags/c HTTP/1.0" 200 28169 "-" "Mozilla/5.0 (compatible; MJ12bot/v1.4.4; http://www.majestic12.co.uk/bot.php?+)"
144.76.95.39 - - [20/May/2015:09:05:41 +0000] "GET /robots.txt HTTP/1.0" 200 - "-" "Mozilla/5.0 (compatible; MJ12bot/v1.4.4; http://www.majestic12.co.uk/bot.php?+)"
144.76.95.39 - - [20/May/2015:09:05:45 +0000] "GET /blog/tags/g HTTP/1.0" 404 7861 "-" "Mozilla/5.0 (compatible; MJ12bot/v1.4.4; http://www.majestic12.co.uk/bot.php?+)"
144.76.95.39 - - [20/May/2015:09:05:42 +0000] "GET /demo/jquery-magicpuff.html?iframe=true&width=100%25&height=100%25 HTTP/1.0" 200 1328 "-" "Mozilla/5.0 (compatible; MJ12bot/v1.4.4; http://www.majestic12.co.uk/bot.php?+)"
144.76.95.39 - - [20/May/2015:09:05:37 +0000] "GET /files/xdotool/xdotool-%25 HTTP/1.0" 404 307 "-" "Mozilla/5.0 (compatible; MJ12bot/v1.4.4; http://www.majestic12.co.uk/bot.php?+)"
144.76.95.39 - - [20/May/2015:09:05:25 +0000] "GET /misc/nmh//%22file://$file/%22 HTTP/1.0" 404 319 "-" "Mozilla/5.0 (compatible; MJ12bot/v1.4.4; http://www.majestic12.co.uk/bot.php?+)"
144.76.95.39 - - [20/May/2015:09:05:50 +0000] "GET /robots.txt HTTP/1.0" 200 - "-" "Mozilla/5.0 (compatible; MJ12bot/v1.4.4; http://www.majestic12.co.uk/bot.php?+)"
144.76.95.39 - - [20/May/2015:09:05:21 +0000] "GET /scripts//%22$%7BWEBLOC%7D/view.php?file=$%7Blinkto%7D%5C%22 HTTP/1.0" 404 317 "-" "Mozilla/5.0 (compatible; MJ12bot/v1.4.4; http://www.majestic12.co.uk/bot.php?+)"
144.76.95.39 - - [20/May/2015:09:05:13 +0000] "GET /robots.txt HTTP/1.0" 200 - "-" "Mozilla/5.0 (compatible; MJ12bot/v1.4.4; http://www.majestic12.co.uk/bot.php?+)"
144.76.95.39 - - [20/May/2015:09:05:06 +0000] "GET /scripts//%22$%7BWEBLOC%7D/view.php/?file=$%7Blinkto%7D%5C%22 HTTP/1.0" 404 318 "-" "Mozilla/5.0 (compatible; MJ12bot/v1.4.4; http://www.majestic12.co.uk/bot.php?+)"
144.76.95.39 - - [20/May/2015:09:05:20 +0000] "GET /scripts//%22file://$file/%22 HTTP/1.0" 404 318 "-" "Mozilla/5.0 (compatible; MJ12bot/v1.4.4; http://www.majestic12.co.uk/bot.php?+)"
66.249.73.135 - - [20/May/2015:10:05:49 +0000] "GET /blog/tags/firefox?flav=rss20 HTTP/1.1" 200 16021 "-" "Mozilla/5.0 (compatible; Googlebot/2.1; +http://www.google.com/bot.html)"
66.249.73.135 - - [20/May/2015:10:05:10 +0000] "GET /?flav=atom HTTP/1.1" 200 32352 "-" "Mozilla/5.0 (compatible; Googlebot/2.1; +http://www.google.com/bot.html)"
66.249.73.135 - - [20/May/2015:10:05:00 +0000] "GET /blog/tags/glob HTTP/1.1" 200 9171 "-" "Mozilla/5.0 (compatible; Googlebot/2.1; +http://www.google.com/bot.html)"
66.249.73.135 - - [20/May/2015:10:05:42 +0000] "GET /?flav=rss20 HTTP/1.1" 200 29941 "-" "Mozilla/5.0 (compatible; Googlebot/2.1; +http://www.google.com/bot.html)"
180.76.5.189 - - [20/May/2015:11:05:03 +0000] "GET /robots.txt HTTP/1.1" 200 - "-" "Mozilla/5.0 (Windows NT 5.1; rv:6.0.2) Gecko/20100101 Firefox/6.0.2"
24.0.194.37 - - [20/May/2015:11:05:32 +0000] "GET /presentations/logstash-scale11x/css/fonts/Roboto.css HTTP/1.1" 200 357 "http://semicomplete.com/presentations/logstash-scale11x/" "Mozilla/5.0 (Windows NT 6.3; WOW64) AppleWebKit/537.36 (KHTML, like Gecko) Chrome/32.0.1700.107 Safari/537.36"
66.249.73.185 - - [20/May/2015:11:05:39 +0000] "GET /images/logstash_OSCON.pdf HTTP/1.1" 304 - "-" "Mozilla/5.0 (iPhone; CPU iPhone OS 6_0 like Mac OS X) AppleWebKit/536.26 (KHTML, like Gecko) Version/6.0 Mobile/10A5376e Safari/8536.25 (compatible; Googlebot/2.1; +http://www.google.com/bot.html)"
208.115.111.72 - - [20/May/2015:11:05:10 +0000] "GET /robots.txt HTTP/1.1" 200 - "-" "Mozilla/5.0 (compatible; Ezooms/1.0; help@moz.com)"
208.115.111.72 - - [20/May/2015:11:05:36 +0000] "GET /robots.txt HTTP/1.1" 200 - "-" "Mozilla/5.0 (compatible; Ezooms/1.0; help@moz.com)"
66.249.73.135 - - [20/May/2015:11:05:12 +0000] "GET / HTTP/1.1" 200 37932 "-" "Mozilla/5.0 (iPhone; CPU iPhone OS 6_0 like Mac OS X) AppleWebKit/536.26 (KHTML, like Gecko) Version/6.0 Mobile/10A5376e Safari/8536.25 (compatible; Googlebot/2.1; +http://www.google.com/bot.html)"
66.249.73.185 - - [20/May/2015:11:05:27 +0000] "GET /files/blogposts/20090727/ HTTP/1.1" 200 1167 "-" "SAMSUNG-SGH-E250/1.0 Profile/MIDP-2.0 Configuration/CLDC-1.1 UP.Browser/6.2.3.3.c.1.101 (GUI) MMP/2.0 (compatible; Googlebot-Mobile/2.1; +http://www.google.com/bot.html)"
157.55.35.114 - - [20/May/2015:11:05:18 +0000] "GET /robots.txt HTTP/1.1" 200 - "-" "Mozilla/5.0 (compatible; bingbot/2.0; +http://www.bing.com/bingbot.htm)"
66.249.73.135 - - [20/May/2015:12:05:03 +0000] "GET /?page=6 HTTP/1.1" 200 42175 "-" "Mozilla/5.0 (iPhone; CPU iPhone OS 6_0 like Mac OS X) AppleWebKit/536.26 (KHTML, like Gecko) Version/6.0 Mobile/10A5376e Safari/8536.25 (compatible; Googlebot/2.1; +http://www.google.com/bot.html)"
157.55.35.114 - - [20/May/2015:12:05:36 +0000] "GET /blog/tags/jquery%20mobile HTTP/1.1" 200 9571 "-" "Mozilla/5.0 (compatible; bingbot/2.0; +http://www.bing.com/bingbot.htm)"
66.249.73.135 - - [20/May/2015:12:05:24 +0000] "GET /projects/liboverride/ HTTP/1.1" 200 12909 "-" "Mozilla/5.0 (compatible; Googlebot/2.1; +http://www.google.com/bot.html)"
66.249.73.135 - - [20/May/2015:12:05:04 +0000] "GET /blog/2007/Jan/14 HTTP/1.1" 200 8359 "-" "Mozilla/5.0 (iPhone; CPU iPhone OS 6_0 like Mac OS X) AppleWebKit/536.26 (KHTML, like Gecko) Version/6.0 Mobile/10A5376e Safari/8536.25 (compatible; Googlebot/2.1; +http://www.google.com/bot.html)"
66.249.73.135 - - [20/May/2015:12:05:26 +0000] "GET /blog/tags/smartmontools HTTP/1.1" 200 10068 "-" "Mozilla/5.0 (compatible; Googlebot/2.1; +http://www.google.com/bot.html)"
157.55.33.19 - - [20/May/2015:12:05:23 +0000] "GET /articles/ppp-over-ssh/ HTTP/1.1" 200 18586 "-" "Mozilla/5.0 (compatible; bingbot/2.0; +http://www.bing.com/bingbot.htm)"
66.249.73.135 - - [20/May/2015:12:05:17 +0000] "GET /blog/geekery/185.html HTTP/1.1" 200 9535 "-" "Mozilla/5.0 (iPhone; CPU iPhone OS 6_0 like Mac OS X) AppleWebKit/536.26 (KHTML, like Gecko) Version/6.0 Mobile/10A5376e Safari/8536.25 (compatible; Googlebot/2.1; +http://www.google.com/bot.html)"
157.55.33.15 - - [20/May/2015:12:05:39 +0000] "GET /robots.txt HTTP/1.1" 200 - "-" "Mozilla/5.0 (compatible; bingbot/2.0; +http://www.bing.com/bingbot.htm)"
95.108.158.230 - - [20/May/2015:12:05:35 +0000] "GET /robots.txt HTTP/1.1" 200 - "-" "Mozilla/5.0 (compatible; YandexImages/3.0; +http://yandex.com/bots)"
157.55.32.190 - - [20/May/2015:12:05:18 +0000] "GET /scripts/python/wrap/wrap.py HTTP/1.1" 200 256 "-" "Mozilla/5.0 (compatible; bingbot/2.0; +http://www.bing.com/bingbot.htm)"
66.249.73.135 - - [20/May/2015:12:05:47 +0000] "GET /blog/geekery/c-vs-python-bdb.html HTTP/1.1" 200 11388 "-" "Mozilla/5.0 (iPhone; CPU iPhone OS 6_0 like Mac OS X) AppleWebKit/536.26 (KHTML, like Gecko) Version/6.0 Mobile/10A5376e Safari/8536.25 (compatible; Googlebot/2.1; +http://www.google.com/bot.html)"
157.55.33.15 - - [20/May/2015:12:05:34 +0000] "GET /robots.txt HTTP/1.1" 200 - "-" "Mozilla/5.0 (compatible; bingbot/2.0; +http://www.bing.com/bingbot.htm)"
46.118.127.106 - - [20/May/2015:12:05:17 +0000] "GET /scripts/grok-py-test/configlib.py HTTP/1.1" 200 235 "-" "Mozilla/5.0 (compatible; Googlebot/2.1; +http://www.google.com/bot.html
180.76.5.152 - - [20/May/2015:12:05:25 +0000] "GET /robots.txt HTTP/1.1" 200 - "-" "Mozilla/5.0 (Windows NT 5.1; rv:6.0.2) Gecko/20100101 Firefox/6.0.2"
66.249.73.135 - - [20/May/2015:12:05:54 +0000] "GET /blog/geekery/comcast-dns-hijack-breaks-things.html HTTP/1.1" 200 18095 "-" "Mozilla/5.0 (iPhone; CPU iPhone OS 6_0 like Mac OS X) AppleWebKit/536.26 (KHTML, like Gecko) Version/6.0 Mobile/10A5376e Safari/8536.25 (compatible; Googlebot/2.1; +http://www.google.com/bot.html)"
174.36.228.156 - - [20/May/2015:12:05:00 +0000] "GET /blog HTTP/1.1" 200 37936 "-" "Mozilla/5.0 (X11; U; Linux x86_64; en-US; rv:1.9.0.19; aggregator:Spinn3r (Spinn3r 3.1); http://spinn3r.com/robot) Gecko/2010040121 Firefox/3.0.19"
180.76.5.81 - - [20/May/2015:12:05:30 +0000] "GET /blog/geekery/freebsd-ports-master-sites-sorting.html HTTP/1.1" 200 9528 "-" "Mozilla/5.0 (compatible; Baiduspider/2.0; +http://www.baidu.com/search/spider.html)"
66.249.73.135 - - [20/May/2015:12:05:40 +0000] "GET /scripts/grok-py-test/configlib.py HTTP/1.1" 200 235 "-" "Mozilla/5.0 (compatible; Googlebot/2.1; +http://www.google.com/bot.html)"
66.249.73.135 - - [20/May/2015:12:05:41 +0000] "GET /blog/geekery/firewall-reset-for-testing.html HTTP/1.1" 200 10395 "-" "Mozilla/5.0 (iPhone; CPU iPhone OS 6_0 like Mac OS X) AppleWebKit/536.26 (KHTML, like Gecko) Version/6.0 Mobile/10A5376e Safari/8536.25 (compatible; Googlebot/2.1; +http://www.google.com/bot.html)"
199.59.148.211 - - [20/May/2015:12:05:52 +0000] "GET /robots.txt HTTP/1.1" 200 - "-" "Twitterbot/1.0"
199.59.148.211 - - [20/May/2015:12:05:32 +0000] "GET /files/lumberjack/lumberjack-0.3.0.exe HTTP/1.1" 200 4378624 "-" "Twitterbot/1.0"
66.249.73.135 - - [20/May/2015:12:05:41 +0000] "GET /files/dynamic-dns-with-dhcp/dhcpd.conf HTTP/1.1" 304 - "-" "Mozilla/5.0 (iPhone; CPU iPhone OS 6_0 like Mac OS X) AppleWebKit/536.26 (KHTML, like Gecko) Version/6.0 Mobile/10A5376e Safari/8536.25 (compatible; Googlebot/2.1; +http://www.google.com/bot.html)"
66.249.73.135 - - [20/May/2015:12:05:01 +0000] "GET /blog/geekery/grok-20091103.html HTTP/1.1" 200 11940 "-" "Mozilla/5.0 (iPhone; CPU iPhone OS 6_0 like Mac OS X) AppleWebKit/536.26 (KHTML, like Gecko) Version/6.0 Mobile/10A5376e Safari/8536.25 (compatible; Googlebot/2.1; +http://www.google.com/bot.html)"
183.60.214.19 - - [20/May/2015:12:05:46 +0000] "GET / HTTP/1.1" 200 37932 "-" "Mozilla/5.0 (compatible; EasouSpider; +http://www.easou.com/search/spider.html)"
66.249.73.135 - - [20/May/2015:12:05:10 +0000] "GET /blog/geekery/grok-1.20101030.html HTTP/1.1" 200 9659 "-" "Mozilla/5.0 (iPhone; CPU iPhone OS 6_0 like Mac OS X) AppleWebKit/536.26 (KHTML, like Gecko) Version/6.0 Mobile/10A5376e Safari/8536.25 (compatible; Googlebot/2.1; +http://www.google.com/bot.html)"
66.249.73.135 - - [20/May/2015:13:05:18 +0000] "GET /blog/geekery/grok-speed-improvements.html HTTP/1.1" 200 10192 "-" "Mozilla/5.0 (iPhone; CPU iPhone OS 6_0 like Mac OS X) AppleWebKit/536.26 (KHTML, like Gecko) Version/6.0 Mobile/10A5376e Safari/8536.25 (compatible; Googlebot/2.1; +http://www.google.com/bot.html)"
65.55.52.94 - - [20/May/2015:13:05:42 +0000] "GET /blog/articles/week-of-unix-tools/day-3-awk.html HTTP/1.1" 200 15457 "-" "Mozilla/5.0 (compatible; bingbot/2.0; +http://www.bing.com/bingbot.htm)"
66.249.73.135 - - [20/May/2015:13:05:04 +0000] "GET /blog/geekery/index?page=42 HTTP/1.1" 200 20521 "-" "Mozilla/5.0 (iPhone; CPU iPhone OS 6_0 like Mac OS X) AppleWebKit/536.26 (KHTML, like Gecko) Version/6.0 Mobile/10A5376e Safari/8536.25 (compatible; Googlebot/2.1; +http://www.google.com/bot.html)"
157.55.33.15 - - [20/May/2015:13:05:32 +0000] "GET /scripts/python/wrap/wrapexample.py HTTP/1.1" 200 394 "-" "Mozilla/5.0 (compatible; bingbot/2.0; +http://www.bing.com/bingbot.htm)"
66.249.73.135 - - [20/May/2015:13:05:19 +0000] "GET /blog/geekery/barcamp-block-2.html HTTP/1.1" 200 8605 "-" "Mozilla/5.0 (compatible; Googlebot/2.1; +http://www.google.com/bot.html)"
180.76.5.22 - - [20/May/2015:13:05:58 +0000] "GET /robots.txt HTTP/1.1" 200 - "-" "Mozilla/5.0 (Windows NT 5.1; rv:6.0.2) Gecko/20100101 Firefox/6.0.2"
66.249.73.135 - - [20/May/2015:13:05:18 +0000] "GET /blog/geekery/libevent-and-process-output.html HTTP/1.1" 200 8425 "-" "Mozilla/5.0 (iPhone; CPU iPhone OS 6_0 like Mac OS X) AppleWebKit/536.26 (KHTML, like Gecko) Version/6.0 Mobile/10A5376e Safari/8536.25 (compatible; Googlebot/2.1; +http://www.google.com/bot.html)"
66.249.73.135 - - [20/May/2015:13:05:21 +0000] "GET /blog/geekery/log-analytics-with-open-source.html HTTP/1.1" 200 10382 "-" "Mozilla/5.0 (iPhone; CPU iPhone OS 6_0 like Mac OS X) AppleWebKit/536.26 (KHTML, like Gecko) Version/6.0 Mobile/10A5376e Safari/8536.25 (compatible; Googlebot/2.1; +http://www.google.com/bot.html)"
5.10.83.105 - - [20/May/2015:13:05:27 +0000] "GET /files/xmlpresenter/ HTTP/1.1" 200 950 "-" "Mozilla/5.0 (compatible; AhrefsBot/5.0; +http://ahrefs.com/robot/)"
66.249.73.135 - - [20/May/2015:13:05:55 +0000] "GET /blog/geekery/mysql-prepare-queries-not-cached.html HTTP/1.1" 200 12484 "-" "Mozilla/5.0 (iPhone; CPU iPhone OS 6_0 like Mac OS X) AppleWebKit/536.26 (KHTML, like Gecko) Version/6.0 Mobile/10A5376e Safari/8536.25 (compatible; Googlebot/2.1; +http://www.google.com/bot.html)"
66.249.73.135 - - [20/May/2015:13:05:51 +0000] "GET /blog/tags/firefox?flav=rss20 HTTP/1.1" 200 16021 "-" "Mozilla/5.0 (compatible; Googlebot/2.1; +http://www.google.com/bot.html)"
66.249.73.135 - - [20/May/2015:13:05:58 +0000] "GET /?flav=rss20 HTTP/1.1" 200 29941 "-" "Mozilla/5.0 (compatible; Googlebot/2.1; +http://www.google.com/bot.html)"
173.192.238.44 - - [20/May/2015:13:05:48 +0000] "GET /blog HTTP/1.1" 200 37936 "-" "Mozilla/5.0 (X11; U; Linux x86_64; en-US; rv:1.9.0.19; aggregator:Spinn3r (Spinn3r 3.1); http://spinn3r.com/robot) Gecko/2010040121 Firefox/3.0.19"
5.10.83.66 - - [20/May/2015:13:05:12 +0000] "GET /blog/tags/rspec HTTP/1.1" 200 11805 "-" "Mozilla/5.0 (compatible; AhrefsBot/5.0; +http://ahrefs.com/robot/)"
66.249.73.135 - - [20/May/2015:13:05:52 +0000] "GET /blog/geekery/non-compiler-caching.html HTTP/1.1" 200 10495 "-" "Mozilla/5.0 (iPhone; CPU iPhone OS 6_0 like Mac OS X) AppleWebKit/536.26 (KHTML, like Gecko) Version/6.0 Mobile/10A5376e Safari/8536.25 (compatible; Googlebot/2.1; +http://www.google.com/bot.html)"
66.249.73.135 - - [20/May/2015:13:05:38 +0000] "GET /?flav=atom HTTP/1.1" 200 32352 "-" "Mozilla/5.0 (compatible; Googlebot/2.1; +http://www.google.com/bot.html)"
66.249.73.135 - - [20/May/2015:14:05:38 +0000] "GET /blog/geekery/pull-album-covers-from-amazon.html HTTP/1.1" 200 9356 "-" "Mozilla/5.0 (iPhone; CPU iPhone OS 6_0 like Mac OS X) AppleWebKit/536.26 (KHTML, like Gecko) Version/6.0 Mobile/10A5376e Safari/8536.25 (compatible; Googlebot/2.1; +http://www.google.com/bot.html)"
66.249.73.135 - - [20/May/2015:14:05:27 +0000] "GET /blog/2006?page=4 HTTP/1.1" 200 22516 "-" "Mozilla/5.0 (compatible; Googlebot/2.1; +http://www.google.com/bot.html)"
5.10.83.30 - - [20/May/2015:14:05:51 +0000] "GET /articles/efficiency/ HTTP/1.1" 200 36398 "-" "Mozilla/5.0 (compatible; AhrefsBot/5.0; +http://ahrefs.com/robot/)"
66.249.73.135 - - [20/May/2015:14:05:41 +0000] "GET /blog/geekery/python-method-call-wrapper.html HTTP/1.1" 200 11013 "-" "Mozilla/5.0 (iPhone; CPU iPhone OS 6_0 like Mac OS X) AppleWebKit/536.26 (KHTML, like Gecko) Version/6.0 Mobile/10A5376e Safari/8536.25 (compatible; Googlebot/2.1; +http://www.google.com/bot.html)"
180.76.6.147 - - [20/May/2015:14:05:18 +0000] "GET /robots.txt HTTP/1.1" 200 - "-" "Mozilla/5.0 (Windows NT 5.1; rv:6.0.2) Gecko/20100101 Firefox/6.0.2"
66.249.73.135 - - [20/May/2015:14:05:26 +0000] "GET /blog/geekery/rspec-for-nagios-monitoring.html HTTP/1.1" 200 11805 "-" "Mozilla/5.0 (iPhone; CPU iPhone OS 6_0 like Mac OS X) AppleWebKit/536.26 (KHTML, like Gecko) Version/6.0 Mobile/10A5376e Safari/8536.25 (compatible; Googlebot/2.1; +http://www.google.com/bot.html)"
66.249.73.135 - - [20/May/2015:14:05:43 +0000] "GET /blog/geekery/screen-solaris-terminfo.html HTTP/1.1" 200 9239 "-" "Mozilla/5.0 (iPhone; CPU iPhone OS 6_0 like Mac OS X) AppleWebKit/536.26 (KHTML, like Gecko) Version/6.0 Mobile/10A5376e Safari/8536.25 (compatible; Googlebot/2.1; +http://www.google.com/bot.html)"
66.249.73.135 - - [20/May/2015:14:05:04 +0000] "GET /blog/tags/antispam HTTP/1.1" 200 9094 "-" "Mozilla/5.0 (compatible; Googlebot/2.1; +http://www.google.com/bot.html)"
5.10.83.23 - - [20/May/2015:14:05:33 +0000] "GET /files/blogposts/20071112/?C=M;O=A HTTP/1.1" 200 971 "-" "Mozilla/5.0 (compatible; AhrefsBot/5.0; +http://ahrefs.com/robot/)"
66.249.73.135 - - [20/May/2015:14:05:22 +0000] "GET /blog/geekery/session-balancing-across-tomcats-with-apache.html HTTP/1.1" 200 12375 "-" "Mozilla/5.0 (iPhone; CPU iPhone OS 6_0 like Mac OS X) AppleWebKit/536.26 (KHTML, like Gecko) Version/6.0 Mobile/10A5376e Safari/8536.25 (compatible; Googlebot/2.1; +http://www.google.com/bot.html)"
5.10.83.98 - - [20/May/2015:14:05:49 +0000] "GET /files/xpathtool/?C=M;O=A HTTP/1.1" 200 1677 "-" "Mozilla/5.0 (compatible; AhrefsBot/5.0; +http://ahrefs.com/robot/)"
5.10.83.23 - - [20/May/2015:14:05:11 +0000] "GET /files/blogposts/20071210/?C=S;O=A HTTP/1.1" 200 969 "-" "Mozilla/5.0 (compatible; AhrefsBot/5.0; +http://ahrefs.com/robot/)"
66.249.73.135 - - [20/May/2015:14:05:51 +0000] "GET /blog/2007/Jan/31 HTTP/1.1" 200 12384 "-" "Mozilla/5.0 (compatible; Googlebot/2.1; +http://www.google.com/bot.html)"
66.249.73.135 - - [20/May/2015:14:05:28 +0000] "GET /blog/geekery/ssh-honeypot-is-alive.html HTTP/1.1" 200 10181 "-" "Mozilla/5.0 (iPhone; CPU iPhone OS 6_0 like Mac OS X) AppleWebKit/536.26 (KHTML, like Gecko) Version/6.0 Mobile/10A5376e Safari/8536.25 (compatible; Googlebot/2.1; +http://www.google.com/bot.html)"
157.56.92.151 - - [20/May/2015:14:05:06 +0000] "GET /blog/tags/advent HTTP/1.1" 200 8866 "-" "Mozilla/5.0 (compatible; bingbot/2.0; +http://www.bing.com/bingbot.htm)"
66.249.73.135 - - [20/May/2015:14:05:32 +0000] "GET /blog/geekery/tracking-ssh-bots.html HTTP/1.1" 200 11350 "-" "Mozilla/5.0 (iPhone; CPU iPhone OS 6_0 like Mac OS X) AppleWebKit/536.26 (KHTML, like Gecko) Version/6.0 Mobile/10A5376e Safari/8536.25 (compatible; Googlebot/2.1; +http://www.google.com/bot.html)"
5.10.83.105 - - [20/May/2015:14:05:14 +0000] "GET /files/fex/fex-20070729.tar.gz HTTP/1.1" 200 2788 "-" "Mozilla/5.0 (compatible; AhrefsBot/5.0; +http://ahrefs.com/robot/)"
5.10.83.105 - - [20/May/2015:14:05:06 +0000] "GET /files/blogposts/20070620/?C=N;O=A HTTP/1.1" 200 998 "-" "Mozilla/5.0 (compatible; AhrefsBot/5.0; +http://ahrefs.com/robot/)"
157.55.33.49 - - [20/May/2015:14:05:14 +0000] "GET /robots.txt HTTP/1.1" 200 - "-" "Mozilla/5.0 (compatible; bingbot/2.0; +http://www.bing.com/bingbot.htm)"
180.76.6.43 - - [20/May/2015:14:05:54 +0000] "GET /articles/arp-security HTTP/1.1" 301 344 "-" "Mozilla/5.0 (compatible; Baiduspider/2.0; +http://www.baidu.com/search/spider.html)"
180.76.5.187 - - [20/May/2015:14:05:38 +0000] "GET /articles/arp-security/ HTTP/1.1" 200 19735 "-" "Mozilla/5.0 (compatible; Baiduspider/2.0; +http://www.baidu.com/search/spider.html)"
180.76.5.28 - - [20/May/2015:14:05:59 +0000] "GET /robots.txt HTTP/1.1" 200 - "-" "Mozilla/5.0 (Windows NT 5.1; rv:6.0.2) Gecko/20100101 Firefox/6.0.2"
66.249.73.135 - - [20/May/2015:14:05:48 +0000] "GET /blog/geekery/xdotool-1.20100227.html HTTP/1.1" 200 10675 "-" "Mozilla/5.0 (iPhone; CPU iPhone OS 6_0 like Mac OS X) AppleWebKit/536.26 (KHTML, like Gecko) Version/6.0 Mobile/10A5376e Safari/8536.25 (compatible; Googlebot/2.1; +http://www.google.com/bot.html)"
173.192.238.58 - - [20/May/2015:14:05:06 +0000] "GET /blog HTTP/1.1" 200 37936 "-" "Mozilla/5.0 (X11; U; Linux x86_64; en-US; rv:1.9.0.19; aggregator:Spinn3r (Spinn3r 3.1); http://spinn3r.com/robot) Gecko/2010040121 Firefox/3.0.19"
66.249.73.135 - - [20/May/2015:14:05:23 +0000] "GET /blog/geekery/xdotool-2.20101012.html HTTP/1.1" 200 11951 "-" "Mozilla/5.0 (iPhone; CPU iPhone OS 6_0 like Mac OS X) AppleWebKit/536.26 (KHTML, like Gecko) Version/6.0 Mobile/10A5376e Safari/8536.25 (compatible; Googlebot/2.1; +http://www.google.com/bot.html)"
5.10.83.65 - - [20/May/2015:14:05:20 +0000] "GET /blog/geekery/sysadvent-day-6.html HTTP/1.1" 200 9141 "-" "Mozilla/5.0 (compatible; AhrefsBot/5.0; +http://ahrefs.com/robot/)"
66.249.73.135 - - [20/May/2015:14:05:44 +0000] "GET /?page=12 HTTP/1.1" 200 24693 "-" "Mozilla/5.0 (compatible; Googlebot/2.1; +http://www.google.com/bot.html)"
5.10.83.82 - - [20/May/2015:14:05:29 +0000] "GET /blog/tags/databases HTTP/1.1" 200 13075 "-" "Mozilla/5.0 (compatible; AhrefsBot/5.0; +http://ahrefs.com/robot/)"
66.249.73.135 - - [20/May/2015:15:05:20 +0000] "GET /blog/geekery/year-in-review-2008.html HTTP/1.1" 200 16780 "-" "Mozilla/5.0 (iPhone; CPU iPhone OS 6_0 like Mac OS X) AppleWebKit/536.26 (KHTML, like Gecko) Version/6.0 Mobile/10A5376e Safari/8536.25 (compatible; Googlebot/2.1; +http://www.google.com/bot.html)"
66.249.73.135 - - [20/May/2015:15:05:16 +0000] "GET /presentations/foo/ HTTP/1.1" 200 1135 "-" "Mozilla/5.0 (compatible; Googlebot/2.1; +http://www.google.com/bot.html)"
66.249.73.135 - - [20/May/2015:15:05:36 +0000] "GET /blog/tags/function%20pointers HTTP/1.1" 200 9995 "-" "Mozilla/5.0 (compatible; Googlebot/2.1; +http://www.google.com/bot.html)"
66.249.73.135 - - [20/May/2015:15:05:50 +0000] "GET /blog/geekery?page=6 HTTP/1.1" 200 44504 "-" "Mozilla/5.0 (iPhone; CPU iPhone OS 6_0 like Mac OS X) AppleWebKit/536.26 (KHTML, like Gecko) Version/6.0 Mobile/10A5376e Safari/8536.25 (compatible; Googlebot/2.1; +http://www.google.com/bot.html)"
180.76.6.141 - - [20/May/2015:15:05:35 +0000] "GET /blog/geekery/puppet-facts-into-mcollective.html HTTP/1.1" 200 9872 "-" "Mozilla/5.0 (compatible; Baiduspider/2.0; +http://www.baidu.com/search/spider.html)"
66.249.73.135 - - [20/May/2015:15:05:44 +0000] "GET /blog/productivity/grok-plans.html HTTP/1.1" 200 10997 "-" "Mozilla/5.0 (iPhone; CPU iPhone OS 6_0 like Mac OS X) AppleWebKit/536.26 (KHTML, like Gecko) Version/6.0 Mobile/10A5376e Safari/8536.25 (compatible; Googlebot/2.1; +http://www.google.com/bot.html)"
66.249.73.135 - - [20/May/2015:15:05:26 +0000] "GET /files/xdotool/docs/man/man3/ HTTP/1.1" 200 2216 "-" "Mozilla/5.0 (iPhone; CPU iPhone OS 6_0 like Mac OS X) AppleWebKit/536.26 (KHTML, like Gecko) Version/6.0 Mobile/10A5376e Safari/8536.25 (compatible; Googlebot/2.1; +http://www.google.com/bot.html)"
66.249.73.135 - - [20/May/2015:15:05:10 +0000] "GET /blog/tags/C?page=2 HTTP/1.1" 200 16311 "-" "Mozilla/5.0 (iPhone; CPU iPhone OS 6_0 like Mac OS X) AppleWebKit/536.26 (KHTML, like Gecko) Version/6.0 Mobile/10A5376e Safari/8536.25 (compatible; Googlebot/2.1; +http://www.google.com/bot.html)"
5.10.83.65 - - [20/May/2015:15:05:18 +0000] "GET /projects/newpsm/images/newmouse.png HTTP/1.1" 200 81412 "-" "Mozilla/5.0 (compatible; AhrefsBot/5.0; +http://ahrefs.com/robot/)"
100.43.83.137 - - [20/May/2015:15:05:32 +0000] "GET /blog/tags/eventmachine HTTP/1.1" 200 10808 "-" "Mozilla/5.0 (compatible; YandexBot/3.0; +http://yandex.com/bots)"
66.249.73.135 - - [20/May/2015:15:05:00 +0000] "GET /blog/tags/%20barcamp HTTP/1.1" 200 10745 "-" "Mozilla/5.0 (iPhone; CPU iPhone OS 6_0 like Mac OS X) AppleWebKit/536.26 (KHTML, like Gecko) Version/6.0 Mobile/10A5376e Safari/8536.25 (compatible; Googlebot/2.1; +http://www.google.com/bot.html)"
66.249.73.135 - - [20/May/2015:15:05:40 +0000] "GET /?flav=rss20 HTTP/1.1" 200 29941 "-" "Mozilla/5.0 (compatible; Googlebot/2.1; +http://www.google.com/bot.html)"
180.76.6.46 - - [20/May/2015:15:05:50 +0000] "GET /robots.txt HTTP/1.1" 200 - "-" "Mozilla/5.0 (Windows NT 5.1; rv:6.0.2) Gecko/20100101 Firefox/6.0.2"
5.10.83.91 - - [20/May/2015:15:05:10 +0000] "GET /blog/geekery/xdotool-20070903.html HTTP/1.1" 200 8558 "-" "Mozilla/5.0 (compatible; AhrefsBot/5.0; +http://ahrefs.com/robot/)"
5.10.83.65 - - [20/May/2015:15:05:27 +0000] "GET /files/blogposts/20090727/winmgr.png HTTP/1.1" 200 19802 "-" "Mozilla/5.0 (compatible; AhrefsBot/5.0; +http://ahrefs.com/robot/)"
66.249.73.135 - - [20/May/2015:15:05:10 +0000] "GET /blog/tags/advent HTTP/1.1" 200 8866 "-" "Mozilla/5.0 (iPhone; CPU iPhone OS 6_0 like Mac OS X) AppleWebKit/536.26 (KHTML, like Gecko) Version/6.0 Mobile/10A5376e Safari/8536.25 (compatible; Googlebot/2.1; +http://www.google.com/bot.html)"
68.180.224.225 - - [20/May/2015:15:05:16 +0000] "GET /robots.txt HTTP/1.1" 200 - "-" "Mozilla/5.0 (compatible; Yahoo! Slurp; http://help.yahoo.com/help/us/ysearch/slurp)"
66.249.73.135 - - [20/May/2015:15:05:47 +0000] "GET /?flav=atom HTTP/1.1" 200 32352 "-" "Mozilla/5.0 (compatible; Googlebot/2.1; +http://www.google.com/bot.html)"
66.249.73.135 - - [20/May/2015:15:05:49 +0000] "GET /blog/tags/MEH HTTP/1.1" 200 10265 "-" "Mozilla/5.0 (iPhone; CPU iPhone OS 6_0 like Mac OS X) AppleWebKit/536.26 (KHTML, like Gecko) Version/6.0 Mobile/10A5376e Safari/8536.25 (compatible; Googlebot/2.1; +http://www.google.com/bot.html)"
66.249.73.135 - - [20/May/2015:15:05:42 +0000] "GET /blog/tags/firefox?flav=rss20 HTTP/1.1" 200 16021 "-" "Mozilla/5.0 (compatible; Googlebot/2.1; +http://www.google.com/bot.html)"
208.115.113.88 - - [20/May/2015:15:05:45 +0000] "GET /robots.txt HTTP/1.1" 200 - "-" "Mozilla/5.0 (compatible; Ezooms/1.0; help@moz.com)"
208.115.113.88 - - [20/May/2015:15:05:51 +0000] "GET /robots.txt HTTP/1.1" 200 - "-" "Mozilla/5.0 (compatible; Ezooms/1.0; help@moz.com)"
5.10.83.91 - - [20/May/2015:15:05:42 +0000] "GET /files/blogposts/20081105/?C=D;O=A HTTP/1.1" 200 972 "-" "Mozilla/5.0 (compatible; AhrefsBot/5.0; +http://ahrefs.com/robot/)"
199.16.156.126 - - [20/May/2015:15:05:55 +0000] "GET /robots.txt HTTP/1.1" 200 - "-" "Twitterbot/1.0"
199.16.156.125 - - [20/May/2015:15:05:24 +0000] "GET /files/lumberjack/lumberjack-0.3.0.exe HTTP/1.1" 200 4378624 "-" "Twitterbot/1.0"
66.249.73.135 - - [20/May/2015:15:05:53 +0000] "GET /blog/tags/debugging HTTP/1.1" 200 24083 "-" "Mozilla/5.0 (iPhone; CPU iPhone OS 6_0 like Mac OS X) AppleWebKit/536.26 (KHTML, like Gecko) Version/6.0 Mobile/10A5376e Safari/8536.25 (compatible; Googlebot/2.1; +http://www.google.com/bot.html)"
66.249.73.135 - - [20/May/2015:16:05:34 +0000] "GET /blog/tags/database HTTP/1.1" 200 12107 "-" "Mozilla/5.0 (iPhone; CPU iPhone OS 6_0 like Mac OS X) AppleWebKit/536.26 (KHTML, like Gecko) Version/6.0 Mobile/10A5376e Safari/8536.25 (compatible; Googlebot/2.1; +http://www.google.com/bot.html)"
183.60.215.50 - - [20/May/2015:16:05:45 +0000] "GET /projects/keynav HTTP/1.1" 301 338 "-" "Mozilla/5.0 (compatible; EasouSpider; +http://www.easou.com/search/spider.html)"
65.55.52.111 - - [20/May/2015:16:05:51 +0000] "GET /blog/geekery/xsendevent-xdotool-and-ld_preload.html HTTP/1.1" 200 10049 "-" "Mozilla/5.0 (compatible; bingbot/2.0; +http://www.bing.com/bingbot.htm)"
66.249.73.135 - - [20/May/2015:16:05:54 +0000] "GET /blog/tags/examples HTTP/1.1" 200 9208 "-" "Mozilla/5.0 (iPhone; CPU iPhone OS 6_0 like Mac OS X) AppleWebKit/536.26 (KHTML, like Gecko) Version/6.0 Mobile/10A5376e Safari/8536.25 (compatible; Googlebot/2.1; +http://www.google.com/bot.html)"
66.249.73.135 - - [20/May/2015:16:05:02 +0000] "GET / HTTP/1.1" 200 37932 "-" "Mozilla/5.0 (compatible; Googlebot/2.1; +http://www.google.com/bot.html)"
180.76.6.233 - - [20/May/2015:16:05:17 +0000] "GET /files/images/?C=N;O=A HTTP/1.1" 200 948 "-" "Mozilla/5.0 (compatible; Baiduspider/2.0; +http://www.baidu.com/search/spider.html)"
200.31.173.106 - - [20/May/2015:16:05:57 +0000] "GET /robots.txt HTTP/1.1" 200 - "-" "Mozilla/5.0 (X11; Ubuntu; Linux x86_64; rv:21.0) Gecko/20100101 Firefox/21.0"
173.192.238.58 - - [20/May/2015:17:05:07 +0000] "GET /blog HTTP/1.1" 200 37936 "-" "Mozilla/5.0 (X11; U; Linux x86_64; en-US; rv:1.9.0.19; aggregator:Spinn3r (Spinn3r 3.1); http://spinn3r.com/robot) Gecko/2010040121 Firefox/3.0.19"
66.249.73.135 - - [20/May/2015:17:05:38 +0000] "GET /blog/tags/grok HTTP/1.1" 200 30346 "-" "Mozilla/5.0 (iPhone; CPU iPhone OS 6_0 like Mac OS X) AppleWebKit/536.26 (KHTML, like Gecko) Version/6.0 Mobile/10A5376e Safari/8536.25 (compatible; Googlebot/2.1; +http://www.google.com/bot.html)"
95.108.158.230 - - [20/May/2015:17:05:59 +0000] "GET /files/xdotool/docs/html/search/search.png HTTP/1.1" 304 - "-" "Mozilla/5.0 (compatible; YandexImages/3.0; +http://yandex.com/bots)"
180.76.5.114 - - [20/May/2015:17:05:27 +0000] "GET /robots.txt HTTP/1.1" 200 - "-" "Mozilla/5.0 (Windows NT 5.1; rv:6.0.2) Gecko/20100101 Firefox/6.0.2"
157.56.92.158 - - [20/May/2015:17:05:30 +0000] "GET /projects/newpsm/ HTTP/1.1" 200 19964 "-" "Mozilla/5.0 (compatible; bingbot/2.0; +http://www.bing.com/bingbot.htm)"
66.249.73.135 - - [20/May/2015:17:05:14 +0000] "GET /blog/tags/grok?page=2 HTTP/1.1" 200 29611 "-" "Mozilla/5.0 (iPhone; CPU iPhone OS 6_0 like Mac OS X) AppleWebKit/536.26 (KHTML, like Gecko) Version/6.0 Mobile/10A5376e Safari/8536.25 (compatible; Googlebot/2.1; +http://www.google.com/bot.html)"
5.10.83.21 - - [20/May/2015:17:05:20 +0000] "GET /files/xdotool/docs/man/man3/xdo.3 HTTP/1.1" 200 906 "-" "Mozilla/5.0 (compatible; AhrefsBot/5.0; +http://ahrefs.com/robot/)"
157.55.33.49 - - [20/May/2015:17:05:27 +0000] "GET /?page=2 HTTP/1.1" 200 36673 "-" "Mozilla/5.0 (compatible; bingbot/2.0; +http://www.bing.com/bingbot.htm)"
157.56.92.151 - - [20/May/2015:17:05:09 +0000] "GET /images/web/2009/banner.png HTTP/1.1" 200 52315 "-" "Mozilla/5.0 (compatible; bingbot/2.0; +http://www.bing.com/bingbot.htm)"
5.10.83.98 - - [20/May/2015:17:05:18 +0000] "GET /files/rpm/logstash/?C=S;O=D HTTP/1.1" 200 5115 "-" "Mozilla/5.0 (compatible; AhrefsBot/5.0; +http://ahrefs.com/robot/)"
66.249.73.135 - - [20/May/2015:17:05:02 +0000] "GET / HTTP/1.1" 200 37932 "-" "Mozilla/5.0 (compatible; Googlebot/2.1; +http://www.google.com/bot.html)"
157.56.92.142 - - [20/May/2015:17:05:44 +0000] "GET /blog/tags/sanity HTTP/1.1" 200 10260 "-" "Mozilla/5.0 (compatible; bingbot/2.0; +http://www.bing.com/bingbot.htm)"
66.249.73.185 - - [20/May/2015:17:05:31 +0000] "GET /files/logstash/ HTTP/1.1" 200 13316 "-" "SAMSUNG-SGH-E250/1.0 Profile/MIDP-2.0 Configuration/CLDC-1.1 UP.Browser/6.2.3.3.c.1.101 (GUI) MMP/2.0 (compatible; Googlebot-Mobile/2.1; +http://www.google.com/bot.html)"
5.10.83.73 - - [20/May/2015:17:05:40 +0000] "GET /files/xdotool/Makefile.no-pkg-config HTTP/1.1" 200 518 "-" "Mozilla/5.0 (compatible; AhrefsBot/5.0; +http://ahrefs.com/robot/)"
66.249.73.135 - - [20/May/2015:17:05:23 +0000] "GET /blog/tags/history HTTP/1.1" 200 21103 "-" "Mozilla/5.0 (iPhone; CPU iPhone OS 6_0 like Mac OS X) AppleWebKit/536.26 (KHTML, like Gecko) Version/6.0 Mobile/10A5376e Safari/8536.25 (compatible; Googlebot/2.1; +http://www.google.com/bot.html)"
66.249.73.135 - - [20/May/2015:17:05:19 +0000] "GET /blog/tags/imap HTTP/1.1" 200 10556 "-" "Mozilla/5.0 (iPhone; CPU iPhone OS 6_0 like Mac OS X) AppleWebKit/536.26 (KHTML, like Gecko) Version/6.0 Mobile/10A5376e Safari/8536.25 (compatible; Googlebot/2.1; +http://www.google.com/bot.html)"
180.76.6.14 - - [20/May/2015:17:05:47 +0000] "GET /blog/tags/firefox?page=2 HTTP/1.1" 200 14326 "-" "Mozilla/5.0 (compatible; Baiduspider/2.0; +http://www.baidu.com/search/spider.html)"
66.249.73.185 - - [20/May/2015:17:05:34 +0000] "GET /files/blogposts/20080611/ HTTP/1.1" 200 1175 "-" "Mozilla/5.0 (compatible; Googlebot/2.1; +http://www.google.com/bot.html)"
157.55.33.183 - - [20/May/2015:17:05:54 +0000] "GET /images/jordan-80.png HTTP/1.1" 200 6146 "-" "Mozilla/5.0 (compatible; bingbot/2.0; +http://www.bing.com/bingbot.htm)"
66.249.73.135 - - [20/May/2015:18:05:53 +0000] "GET /blog/tags/installer%20failure HTTP/1.1" 200 8948 "-" "Mozilla/5.0 (iPhone; CPU iPhone OS 6_0 like Mac OS X) AppleWebKit/536.26 (KHTML, like Gecko) Version/6.0 Mobile/10A5376e Safari/8536.25 (compatible; Googlebot/2.1; +http://www.google.com/bot.html)"
100.43.83.137 - - [20/May/2015:18:05:51 +0000] "GET /blog/tags/dns HTTP/1.1" 200 26292 "-" "Mozilla/5.0 (compatible; YandexBot/3.0; +http://yandex.com/bots)"
5.10.83.23 - - [20/May/2015:18:05:00 +0000] "GET /blog/tags/community HTTP/1.1" 200 10293 "-" "Mozilla/5.0 (compatible; AhrefsBot/5.0; +http://ahrefs.com/robot/)"
66.249.73.135 - - [20/May/2015:18:05:12 +0000] "GET /blog/tags/iptables HTTP/1.1" 200 16127 "-" "Mozilla/5.0 (iPhone; CPU iPhone OS 6_0 like Mac OS X) AppleWebKit/536.26 (KHTML, like Gecko) Version/6.0 Mobile/10A5376e Safari/8536.25 (compatible; Googlebot/2.1; +http://www.google.com/bot.html)"
5.10.83.82 - - [20/May/2015:18:05:15 +0000] "GET /projects/solaudio/ HTTP/1.1" 200 8301 "-" "Mozilla/5.0 (compatible; AhrefsBot/5.0; +http://ahrefs.com/robot/)"
5.10.83.23 - - [20/May/2015:18:05:00 +0000] "GET /files/blogposts/20070917/?C=D;O=A HTTP/1.1" 200 984 "-" "Mozilla/5.0 (compatible; AhrefsBot/5.0; +http://ahrefs.com/robot/)"
66.249.73.135 - - [20/May/2015:18:05:46 +0000] "GET /blog/tags/java HTTP/1.1" 200 22586 "-" "Mozilla/5.0 (iPhone; CPU iPhone OS 6_0 like Mac OS X) AppleWebKit/536.26 (KHTML, like Gecko) Version/6.0 Mobile/10A5376e Safari/8536.25 (compatible; Googlebot/2.1; +http://www.google.com/bot.html)"
208.43.243.244 - - [20/May/2015:18:05:40 +0000] "GET /robots.txt HTTP/1.1" 200 - "-" "Mozilla/5.0 (compatible; SiteExplorer/1.0b; +http://siteexplorer.info/)"
180.76.5.73 - - [20/May/2015:18:05:07 +0000] "GET /robots.txt HTTP/1.1" 200 - "-" "Mozilla/5.0 (Windows NT 5.1; rv:6.0.2) Gecko/20100101 Firefox/6.0.2"
5.10.83.91 - - [20/May/2015:18:05:17 +0000] "GET /files/logstash/logstash-1.0.10gelf_fix-monolithic.jar HTTP/1.1" 200 33493986 "-" "Mozilla/5.0 (compatible; AhrefsBot/5.0; +http://ahrefs.com/robot/)"
66.249.73.135 - - [20/May/2015:18:05:38 +0000] "GET /blog/tags/jquery HTTP/1.1" 200 30615 "-" "Mozilla/5.0 (iPhone; CPU iPhone OS 6_0 like Mac OS X) AppleWebKit/536.26 (KHTML, like Gecko) Version/6.0 Mobile/10A5376e Safari/8536.25 (compatible; Googlebot/2.1; +http://www.google.com/bot.html)"
180.76.6.43 - - [20/May/2015:18:05:40 +0000] "GET /blog/projects/newpsm HTTP/1.1" 200 46487 "-" "Mozilla/5.0 (compatible; Baiduspider/2.0; +http://www.baidu.com/search/spider.html)"
5.10.83.65 - - [20/May/2015:18:05:48 +0000] "GET /blog/geekery/shell-shortcut-hacks.html HTTP/1.1" 200 9363 "-" "Mozilla/5.0 (compatible; AhrefsBot/5.0; +http://ahrefs.com/robot/)"
66.249.73.135 - - [20/May/2015:18:05:04 +0000] "GET /blog/tags/loop HTTP/1.1" 200 9699 "-" "Mozilla/5.0 (iPhone; CPU iPhone OS 6_0 like Mac OS X) AppleWebKit/536.26 (KHTML, like Gecko) Version/6.0 Mobile/10A5376e Safari/8536.25 (compatible; Googlebot/2.1; +http://www.google.com/bot.html)"
66.249.73.135 - - [20/May/2015:18:05:18 +0000] "GET /?flav=rss20 HTTP/1.1" 200 29941 "-" "Mozilla/5.0 (compatible; Googlebot/2.1; +http://www.google.com/bot.html)"
66.249.73.135 - - [20/May/2015:19:05:54 +0000] "GET /blog/tags/lucene HTTP/1.1" 200 10571 "-" "Mozilla/5.0 (iPhone; CPU iPhone OS 6_0 like Mac OS X) AppleWebKit/536.26 (KHTML, like Gecko) Version/6.0 Mobile/10A5376e Safari/8536.25 (compatible; Googlebot/2.1; +http://www.google.com/bot.html)"
66.249.73.135 - - [20/May/2015:19:05:26 +0000] "GET /?flav=atom HTTP/1.1" 200 32352 "-" "Mozilla/5.0 (compatible; Googlebot/2.1; +http://www.google.com/bot.html)"
103.245.44.13 - - [20/May/2015:19:05:55 +0000] "GET /robots.txt HTTP/1.0" 200 - "-" "binlar_2.6.3 (test@mgmt.mic)"
174.36.228.156 - - [20/May/2015:19:05:46 +0000] "GET /blog HTTP/1.1" 200 37936 "-" "Mozilla/5.0 (X11; U; Linux x86_64; en-US; rv:1.9.0.19; aggregator:Spinn3r (Spinn3r 3.1); http://spinn3r.com/robot) Gecko/2010040121 Firefox/3.0.19"
66.249.73.135 - - [20/May/2015:19:05:06 +0000] "GET /blog/tags/munin HTTP/1.1" 200 9746 "-" "Mozilla/5.0 (iPhone; CPU iPhone OS 6_0 like Mac OS X) AppleWebKit/536.26 (KHTML, like Gecko) Version/6.0 Mobile/10A5376e Safari/8536.25 (compatible; Googlebot/2.1; +http://www.google.com/bot.html)"
5.10.83.23 - - [20/May/2015:19:05:40 +0000] "GET /blog/geekery/rrdtool-behavior-detection.html HTTP/1.1" 200 8500 "-" "Mozilla/5.0 (compatible; AhrefsBot/5.0; +http://ahrefs.com/robot/)"
66.249.73.135 - - [20/May/2015:19:05:15 +0000] "GET /blog/tags/firefox?flav=rss20 HTTP/1.1" 200 16021 "-" "Mozilla/5.0 (compatible; Googlebot/2.1; +http://www.google.com/bot.html)"
5.10.83.53 - - [20/May/2015:19:05:33 +0000] "GET /files/xdotool/docs/latex/?C=N;O=A HTTP/1.1" 200 4179 "-" "Mozilla/5.0 (compatible; AhrefsBot/5.0; +http://ahrefs.com/robot/)"
66.249.73.135 - - [20/May/2015:19:05:46 +0000] "GET /blog/tags/ruby HTTP/1.1" 200 35904 "-" "Mozilla/5.0 (iPhone; CPU iPhone OS 6_0 like Mac OS X) AppleWebKit/536.26 (KHTML, like Gecko) Version/6.0 Mobile/10A5376e Safari/8536.25 (compatible; Googlebot/2.1; +http://www.google.com/bot.html)"
66.249.73.135 - - [20/May/2015:19:05:58 +0000] "GET /blog/tags/puppet HTTP/1.1" 200 22277 "-" "Mozilla/5.0 (iPhone; CPU iPhone OS 6_0 like Mac OS X) AppleWebKit/536.26 (KHTML, like Gecko) Version/6.0 Mobile/10A5376e Safari/8536.25 (compatible; Googlebot/2.1; +http://www.google.com/bot.html)"
180.76.5.151 - - [20/May/2015:19:05:46 +0000] "GET /robots.txt HTTP/1.1" 200 - "-" "Mozilla/5.0 (Windows NT 5.1; rv:6.0.2) Gecko/20100101 Firefox/6.0.2"
5.10.83.53 - - [20/May/2015:19:05:02 +0000] "GET /files/blogposts/20080310/?C=D;O=A HTTP/1.1" 200 980 "-" "Mozilla/5.0 (compatible; AhrefsBot/5.0; +http://ahrefs.com/robot/)"
5.10.83.21 - - [20/May/2015:19:05:52 +0000] "GET /files/blogposts/20090519/ HTTP/1.1" 200 976 "-" "Mozilla/5.0 (compatible; AhrefsBot/5.0; +http://ahrefs.com/robot/)"
66.249.73.135 - - [20/May/2015:19:05:40 +0000] "GET /blog/tags/logstash HTTP/1.1" 200 19007 "-" "Mozilla/5.0 (compatible; Googlebot/2.1; +http://www.google.com/bot.html)"
66.249.73.135 - - [20/May/2015:19:05:18 +0000] "GET /blog/tags/mysql HTTP/1.1" 200 20868 "-" "Mozilla/5.0 (iPhone; CPU iPhone OS 6_0 like Mac OS X) AppleWebKit/536.26 (KHTML, like Gecko) Version/6.0 Mobile/10A5376e Safari/8536.25 (compatible; Googlebot/2.1; +http://www.google.com/bot.html)"
5.10.83.21 - - [20/May/2015:19:05:38 +0000] "GET /files/?C=M;O=A HTTP/1.1" 200 13281 "-" "Mozilla/5.0 (compatible; AhrefsBot/5.0; +http://ahrefs.com/robot/)"
5.10.83.91 - - [20/May/2015:19:05:41 +0000] "GET /presentations/hackday06 HTTP/1.1" 301 338 "-" "Mozilla/5.0 (compatible; AhrefsBot/5.0; +http://ahrefs.com/robot/)"
66.249.73.135 - - [20/May/2015:19:05:29 +0000] "GET /blog/tags/screen HTTP/1.1" 200 26645 "-" "Mozilla/5.0 (iPhone; CPU iPhone OS 6_0 like Mac OS X) AppleWebKit/536.26 (KHTML, like Gecko) Version/6.0 Mobile/10A5376e Safari/8536.25 (compatible; Googlebot/2.1; +http://www.google.com/bot.html)"
100.43.83.137 - - [20/May/2015:19:05:03 +0000] "GET /blog/geekery/shell-shortcut-hacks.html HTTP/1.1" 200 9363 "-" "Mozilla/5.0 (compatible; YandexBot/3.0; +http://yandex.com/bots)"
157.55.33.17 - - [20/May/2015:19:05:24 +0000] "GET /blog/geekery/screen-solaris-terminfo.html HTTP/1.1" 200 9239 "-" "Mozilla/5.0 (compatible; bingbot/2.0; +http://www.bing.com/bingbot.htm)"
157.56.92.151 - - [20/May/2015:19:05:50 +0000] "GET /images/jordan-80.png HTTP/1.1" 200 6146 "-" "Mozilla/5.0 (compatible; bingbot/2.0; +http://www.bing.com/bingbot.htm)"
66.249.73.135 - - [20/May/2015:19:05:09 +0000] "GET /blog/tags/speed HTTP/1.1" 200 10903 "-" "Mozilla/5.0 (iPhone; CPU iPhone OS 6_0 like Mac OS X) AppleWebKit/536.26 (KHTML, like Gecko) Version/6.0 Mobile/10A5376e Safari/8536.25 (compatible; Googlebot/2.1; +http://www.google.com/bot.html)"
184.66.149.103 - - [20/May/2015:20:05:38 +0000] "GET /presentations/logstash-monitorama-2013/css/fonts/Roboto.css HTTP/1.1" 200 357 "http://semicomplete.com/presentations/logstash-monitorama-2013/" "Mozilla/5.0 (X11; Linux x86_64) AppleWebKit/537.36 (KHTML, like Gecko) Chrome/32.0.1700.102 Safari/537.36"
184.66.149.103 - - [20/May/2015:20:05:31 +0000] "GET /presentations/logstash-monitorama-2013/css/fonts/Roboto-Bold.ttf HTTP/1.1" 200 38720 "http://semicomplete.com/presentations/logstash-monitorama-2013/" "Mozilla/5.0 (X11; Linux x86_64) AppleWebKit/537.36 (KHTML, like Gecko) Chrome/32.0.1700.102 Safari/537.36"
184.66.149.103 - - [20/May/2015:20:05:26 +0000] "GET /presentations/logstash-monitorama-2013/css/fonts/Roboto-Regular.ttf HTTP/1.1" 200 41820 "http://semicomplete.com/presentations/logstash-monitorama-2013/" "Mozilla/5.0 (X11; Linux x86_64) AppleWebKit/537.36 (KHTML, like Gecko) Chrome/32.0.1700.102 Safari/537.36"
66.249.73.135 - - [20/May/2015:20:05:47 +0000] "GET /blog/tags/usability HTTP/1.1" 200 10185 "-" "Mozilla/5.0 (iPhone; CPU iPhone OS 6_0 like Mac OS X) AppleWebKit/536.26 (KHTML, like Gecko) Version/6.0 Mobile/10A5376e Safari/8536.25 (compatible; Googlebot/2.1; +http://www.google.com/bot.html)"
66.249.73.135 - - [20/May/2015:20:05:48 +0000] "GET /blog/tags/smart HTTP/1.1" 200 10068 "-" "Mozilla/5.0 (iPhone; CPU iPhone OS 6_0 like Mac OS X) AppleWebKit/536.26 (KHTML, like Gecko) Version/6.0 Mobile/10A5376e Safari/8536.25 (compatible; Googlebot/2.1; +http://www.google.com/bot.html)"
66.249.73.135 - - [20/May/2015:20:05:49 +0000] "GET /blog/tags/standards HTTP/1.1" 200 13358 "-" "Mozilla/5.0 (iPhone; CPU iPhone OS 6_0 like Mac OS X) AppleWebKit/536.26 (KHTML, like Gecko) Version/6.0 Mobile/10A5376e Safari/8536.25 (compatible; Googlebot/2.1; +http://www.google.com/bot.html)"
5.10.83.82 - - [20/May/2015:20:05:39 +0000] "GET /files/blogposts/20090727/?C=N;O=A HTTP/1.1" 200 1171 "-" "Mozilla/5.0 (compatible; AhrefsBot/5.0; +http://ahrefs.com/robot/)"
66.249.73.185 - - [20/May/2015:20:05:49 +0000] "GET /files/pam_logfailure/ HTTP/1.1" 200 992 "-" "SAMSUNG-SGH-E250/1.0 Profile/MIDP-2.0 Configuration/CLDC-1.1 UP.Browser/6.2.3.3.c.1.101 (GUI) MMP/2.0 (compatible; Googlebot-Mobile/2.1; +http://www.google.com/bot.html)"
157.56.229.247 - - [20/May/2015:20:05:10 +0000] "GET /images/web/2009/banner.png HTTP/1.1" 200 52315 "-" "Mozilla/5.0 (compatible; bingbot/2.0; +http://www.bing.com/bingbot.htm)"
5.10.83.91 - - [20/May/2015:20:05:05 +0000] "GET /files/java-chatclient/?C=D;O=A HTTP/1.1" 200 960 "-" "Mozilla/5.0 (compatible; AhrefsBot/5.0; +http://ahrefs.com/robot/)"
66.249.73.135 - - [20/May/2015:20:05:40 +0000] "GET /blog/tags/vmware HTTP/1.1" 200 25370 "-" "Mozilla/5.0 (iPhone; CPU iPhone OS 6_0 like Mac OS X) AppleWebKit/536.26 (KHTML, like Gecko) Version/6.0 Mobile/10A5376e Safari/8536.25 (compatible; Googlebot/2.1; +http://www.google.com/bot.html)"
180.76.6.130 - - [20/May/2015:20:05:43 +0000] "GET /robots.txt HTTP/1.1" 200 - "-" "Mozilla/5.0 (Windows NT 5.1; rv:6.0.2) Gecko/20100101 Firefox/6.0.2"
66.249.73.185 - - [20/May/2015:20:05:17 +0000] "GET /files/ HTTP/1.1" 200 13277 "-" "SAMSUNG-SGH-E250/1.0 Profile/MIDP-2.0 Configuration/CLDC-1.1 UP.Browser/6.2.3.3.c.1.101 (GUI) MMP/2.0 (compatible; Googlebot-Mobile/2.1; +http://www.google.com/bot.html)"
173.192.238.41 - - [20/May/2015:20:05:26 +0000] "GET /blog HTTP/1.1" 200 37936 "-" "Mozilla/5.0 (X11; U; Linux x86_64; en-US; rv:1.9.0.19; aggregator:Spinn3r (Spinn3r 3.1); http://spinn3r.com/robot) Gecko/2010040121 Firefox/3.0.19"
66.249.73.135 - - [20/May/2015:20:05:57 +0000] "GET /blog/tags/xdotool HTTP/1.1" 200 44297 "-" "Mozilla/5.0 (iPhone; CPU iPhone OS 6_0 like Mac OS X) AppleWebKit/536.26 (KHTML, like Gecko) Version/6.0 Mobile/10A5376e Safari/8536.25 (compatible; Googlebot/2.1; +http://www.google.com/bot.html)"
66.249.73.135 - - [20/May/2015:20:05:54 +0000] "GET /blog/tags/sysadmin HTTP/1.1" 200 40797 "-" "Mozilla/5.0 (iPhone; CPU iPhone OS 6_0 like Mac OS X) AppleWebKit/536.26 (KHTML, like Gecko) Version/6.0 Mobile/10A5376e Safari/8536.25 (compatible; Googlebot/2.1; +http://www.google.com/bot.html)"
5.10.83.82 - - [20/May/2015:20:05:31 +0000] "GET /articles/ppp-over-ssh/ HTTP/1.1" 200 18586 "-" "Mozilla/5.0 (compatible; AhrefsBot/5.0; +http://ahrefs.com/robot/)"
66.249.73.135 - - [20/May/2015:20:05:41 +0000] "GET /blog/tags/x11 HTTP/1.1" 200 33820 "-" "Mozilla/5.0 (iPhone; CPU iPhone OS 6_0 like Mac OS X) AppleWebKit/536.26 (KHTML, like Gecko) Version/6.0 Mobile/10A5376e Safari/8536.25 (compatible; Googlebot/2.1; +http://www.google.com/bot.html)"
66.249.73.185 - - [20/May/2015:21:05:45 +0000] "GET /presentations/logstash-puppetconf-2012/images/pc-load-letter.jpg HTTP/1.1" 304 - "-" "Googlebot-Image/1.0"
66.249.73.185 - - [20/May/2015:21:05:09 +0000] "GET /presentations/logstash-puppetconf-2012/images/xkcd-perlswing-many.png HTTP/1.1" 304 - "-" "Googlebot-Image/1.0"
66.249.73.185 - - [20/May/2015:21:05:32 +0000] "GET /presentations/logstash-puppetconf-2012/images/sysadvent.png HTTP/1.1" 304 - "-" "Googlebot-Image/1.0"
5.10.83.53 - - [20/May/2015:21:05:07 +0000] "GET /files/xdotool/docs/html/structxdo.html HTTP/1.1" 200 9938 "-" "Mozilla/5.0 (compatible; AhrefsBot/5.0; +http://ahrefs.com/robot/)"
66.249.73.135 - - [20/May/2015:21:05:59 +0000] "GET /blog/tags/wine HTTP/1.1" 200 10021 "-" "Mozilla/5.0 (iPhone; CPU iPhone OS 6_0 like Mac OS X) AppleWebKit/536.26 (KHTML, like Gecko) Version/6.0 Mobile/10A5376e Safari/8536.25 (compatible; Googlebot/2.1; +http://www.google.com/bot.html)"
5.10.83.53 - - [20/May/2015:21:05:59 +0000] "GET /files/grok/?C=N;O=A HTTP/1.1" 200 3894 "-" "Mozilla/5.0 (compatible; AhrefsBot/5.0; +http://ahrefs.com/robot/)"
66.249.73.135 - - [20/May/2015:21:05:37 +0000] "GET /blog/geekery/puppet-manage-homedirectory-contents.html HTTP/1.1" 200 10001 "-" "Mozilla/5.0 (compatible; Googlebot/2.1; +http://www.google.com/bot.html)"
5.10.83.21 - - [20/May/2015:21:05:36 +0000] "GET /files/blogposts/20070826/test_new_re.rb HTTP/1.1" 200 1293 "-" "Mozilla/5.0 (compatible; AhrefsBot/5.0; +http://ahrefs.com/robot/)"
66.249.73.135 - - [20/May/2015:21:05:18 +0000] "GET /blog/tags/zsh HTTP/1.1" 200 16958 "-" "Mozilla/5.0 (iPhone; CPU iPhone OS 6_0 like Mac OS X) AppleWebKit/536.26 (KHTML, like Gecko) Version/6.0 Mobile/10A5376e Safari/8536.25 (compatible; Googlebot/2.1; +http://www.google.com/bot.html)"
66.249.73.135 - - [20/May/2015:21:05:47 +0000] "GET /files/blogposts/20090105/ff3linux.png HTTP/1.1" 304 - "-" "Googlebot-Image/1.0"
66.249.73.135 - - [20/May/2015:21:05:11 +0000] "GET /blog/tags/xsendevent HTTP/1.1" 200 10049 "-" "Mozilla/5.0 (iPhone; CPU iPhone OS 6_0 like Mac OS X) AppleWebKit/536.26 (KHTML, like Gecko) Version/6.0 Mobile/10A5376e Safari/8536.25 (compatible; Googlebot/2.1; +http://www.google.com/bot.html)"
100.43.83.137 - - [20/May/2015:21:05:01 +0000] "GET /blog/tags/standards HTTP/1.1" 200 13358 "-" "Mozilla/5.0 (compatible; YandexBot/3.0; +http://yandex.com/bots)"
66.249.73.135 - - [20/May/2015:21:05:00 +0000] "GET /?flav=atom HTTP/1.1" 200 32352 "-" "Mozilla/5.0 (compatible; Googlebot/2.1; +http://www.google.com/bot.html)"
180.76.6.56 - - [20/May/2015:21:05:56 +0000] "GET /robots.txt HTTP/1.1" 200 - "-" "Mozilla/5.0 (Windows NT 5.1; rv:6.0.2) Gecko/20100101 Firefox/6.0.2"