207.241.237.228 - - [18/May/2015:03:05:26 +0000] "GET /blog/tags/motherboards HTTP/1.0" 200 9368 "http://www.semicomplete.com/blog/tags/linux" "Mozilla/5.0 (compatible; archive.org_bot +http://www.archive.org/details/archive.org_bot)"
66.249.73.135 - - [18/May/2015:03:05:05 +0000] "GET /blog/tags/xlib?page=2 HTTP/1.1" 200 24410 "-" "Mozilla/5.0 (compatible; Googlebot/2.1; +http://www.google.com/bot.html)"
207.241.237.228 - - [18/May/2015:03:05:00 +0000] "GET /blog/tags/virtualization HTTP/1.0" 200 12416 "http://www.semicomplete.com/blog/tags/linux" "Mozilla/5.0 (compatible; archive.org_bot +http://www.archive.org/details/archive.org_bot)"
207.241.237.228 - - [18/May/2015:03:05:12 +0000] "GET /blog/tags/upgrades HTTP/1.0" 200 10732 "http://www.semicomplete.com/blog/tags/linux" "Mozilla/5.0 (compatible; archive.org_bot +http://www.archive.org/details/archive.org_bot)"
207.241.237.228 - - [18/May/2015:03:05:02 +0000] "GET /blog/geekery/fedora-9-subversion-1.5.html HTTP/1.0" 200 8877 "http://www.semicomplete.com/blog/tags/linux" "Mozilla/5.0 (compatible; archive.org_bot +http://www.archive.org/details/archive.org_bot)"
207.241.237.228 - - [18/May/2015:03:05:24 +0000] "GET /blog/geekery/firewall-reset-for-testing.html HTTP/1.0" 200 10395 "http://www.semicomplete.com/blog/tags/linux" "Mozilla/5.0 (compatible; archive.org_bot +http://www.archive.org/details/archive.org_bot)"
207.241.237.228 - - [18/May/2015:03:05:23 +0000] "GET /projects/kioskweb/demo/keyboard.html HTTP/1.0" 200 994 "http://www.semicomplete.com/blog/tags/year%20review" "Mozilla/5.0 (compatible; archive.org_bot +http://www.archive.org/details/archive.org_bot)"
207.241.237.228 - - [18/May/2015:03:05:20 +0000] "GET /blog/geekery/222.html HTTP/1.0" 200 10322 "http://www.semicomplete.com/blog/tags/year%20review" "Mozilla/5.0 (compatible; archive.org_bot +http://www.archive.org/details/archive.org_bot)"
66.249.73.135 - - [18/May/2015:03:05:24 +0000] "GET /blog/geekery/sms-traffic-reports.html HTTP/1.1" 200 9097 "-" "Mozilla/5.0 (iPhone; CPU iPhone OS 6_0 like Mac OS X) AppleWebKit/536.26 (KHTML, like Gecko) Version/6.0 Mobile/10A5376e Safari/8536.25 (compatible; Googlebot/2.1; +http://www.google.com/bot.html)"
207.241.237.228 - - [18/May/2015:03:05:19 +0000] "GET /blog/tags/travel HTTP/1.0" 200 44288 "http://www.semicomplete.com/blog/tags/year%20review" "Mozilla/5.0 (compatible; archive.org_bot +http://www.archive.org/details/archive.org_bot)"
207.241.237.101 - - [18/May/2015:03:05:44 +0000] "GET /blog/tags/release?page=2 HTTP/1.0" 200 28250 "http://www.semicomplete.com/blog/tags/release" "Mozilla/5.0 (compatible; archive.org_bot +http://www.archive.org/details/archive.org_bot)"
207.241.237.228 - - [18/May/2015:03:05:03 +0000] "GET /blog/tags/shmoocon HTTP/1.0" 200 16395 "http://www.semicomplete.com/blog/tags/year%20review" "Mozilla/5.0 (compatible; archive.org_bot +http://www.archive.org/details/archive.org_bot)"
207.241.237.228 - - [18/May/2015:03:05:21 +0000] "GET /blog/tags/keyboard HTTP/1.0" 200 11571 "http://www.semicomplete.com/blog/tags/release" "Mozilla/5.0 (compatible; archive.org_bot +http://www.archive.org/details/archive.org_bot)"
66.249.73.135 - - [18/May/2015:03:05:51 +0000] "GET /blog/tags/databases HTTP/1.1" 200 13075 "-" "Mozilla/5.0 (iPhone; CPU iPhone OS 6_0 like Mac OS X) AppleWebKit/536.26 (KHTML, like Gecko) Version/6.0 Mobile/10A5376e Safari/8536.25 (compatible; Googlebot/2.1; +http://www.google.com/bot.html)"
207.241.237.102 - - [18/May/2015:03:05:18 +0000] "GET /blog/geekery/grok-1.20101030.html HTTP/1.0" 200 9659 "http://www.semicomplete.com/blog/tags/release" "Mozilla/5.0 (compatible; archive.org_bot +http://www.archive.org/details/archive.org_bot)"
178.255.215.83 - - [18/May/2015:03:05:16 +0000] "GET /projects/pam_captcha HTTP/1.1" 301 343 "-" "Mozilla/5.0 (compatible; Exabot/3.0 (BiggerBetter); +http://www.exabot.com/go/robot)"
178.255.215.83 - - [18/May/2015:03:05:39 +0000] "GET /projects/pam_captcha/ HTTP/1.1" 200 10514 "-" "Mozilla/5.0 (compatible; Exabot/3.0 (BiggerBetter); +http://www.exabot.com/go/robot)"
178.255.215.83 - - [18/May/2015:03:05:38 +0000] "GET /projects/pam_captcha HTTP/1.1" 301 343 "-" "Mozilla/5.0 (compatible; Exabot/3.0 (BiggerBetter); +http://www.exabot.com/go/robot)"
178.255.215.83 - - [18/May/2015:03:05:57 +0000] "GET /projects/pam_captcha/ HTTP/1.1" 200 10514 "-" "Mozilla/5.0 (compatible; Exabot/3.0 (BiggerBetter); +http://www.exabot.com/go/robot)"
180.76.5.144 - - [18/May/2015:03:05:05 +0000] "GET /blog/tools/week-of-unix-pipe-friendly-tools.html?commentlimit=0 HTTP/1.1" 200 9832 "-" "Mozilla/5.0 (compatible; Baiduspider/2.0; +http://www.baidu.com/search/spider.html)"
66.249.73.135 - - [18/May/2015:03:05:37 +0000] "GET /blog/tags/pipe HTTP/1.1" 200 8705 "-" "Mozilla/5.0 (iPhone; CPU iPhone OS 6_0 like Mac OS X) AppleWebKit/536.26 (KHTML, like Gecko) Version/6.0 Mobile/10A5376e Safari/8536.25 (compatible; Googlebot/2.1; +http://www.google.com/bot.html)"
208.115.111.72 - - [18/May/2015:03:05:37 +0000] "GET /robots.txt HTTP/1.1" 200 - "-" "Mozilla/5.0 (compatible; Ezooms/1.0; help@moz.com)"
208.115.111.72 - - [18/May/2015:03:05:47 +0000] "GET /robots.txt HTTP/1.1" 200 - "-" "Mozilla/5.0 (compatible; Ezooms/1.0; help@moz.com)"
66.249.73.135 - - [18/May/2015:03:05:48 +0000] "GET /blog/tags/service%20providers HTTP/1.1" 200 13313 "-" "Mozilla/5.0 (iPhone; CPU iPhone OS 6_0 like Mac OS X) AppleWebKit/536.26 (KHTML, like Gecko) Version/6.0 Mobile/10A5376e Safari/8536.25 (compatible; Googlebot/2.1; +http://www.google.com/bot.html)"
66.249.73.135 - - [18/May/2015:03:05:40 +0000] "GET /?flav=rss20 HTTP/1.1" 200 29941 "-" "Mozilla/5.0 (compatible; Googlebot/2.1; +http://www.google.com/bot.html)"
66.249.73.135 - - [18/May/2015:03:05:34 +0000] "GET /misc/Title.php.txt HTTP/1.1" 500 - "-" "Mozilla/5.0 (compatible; Googlebot/2.1; +http://www.google.com/bot.html)"
178.255.215.71 - - [18/May/2015:03:05:37 +0000] "GET /blog/tags/ruby HTTP/1.1" 200 35904 "-" "Mozilla/5.0 (compatible; Exabot/3.0; +http://www.exabot.com/go/robot)"
207.241.237.223 - - [18/May/2015:03:05:44 +0000] "GET /blog/articles/week-of-unix-tools/day-1-sed.html HTTP/1.0" 200 16563 "http://semicomplete.com/articles/week-of-unix-tools/" "Mozilla/5.0 (compatible; archive.org_bot +http://www.archive.org/details/archive.org_bot)"
66.249.73.135 - - [18/May/2015:03:05:39 +0000] "GET /?flav=atom HTTP/1.1" 200 32352 "-" "Mozilla/5.0 (compatible; Googlebot/2.1; +http://www.google.com/bot.html)"
180.153.236.122 - - [18/May/2015:03:05:37 +0000] "GET /articles/ssh-security/ HTTP/1.1" 200 16543 "http://www.semicomplete.com/articles/ssh-security/" "Mozilla/5.0 (Windows; U; Windows NT 5.1; zh-CN; )  Firefox/1.5.0.11; 360Spider"
207.241.237.225 - - [18/May/2015:03:05:32 +0000] "GET /blog/articles/week-of-unix-tools/main.html HTTP/1.0" 200 9313 "http://semicomplete.com/articles/week-of-unix-tools/" "Mozilla/5.0 (compatible; archive.org_bot +http://www.archive.org/details/archive.org_bot)"
66.249.73.135 - - [18/May/2015:03:05:48 +0000] "GET /blog/articles/week-of-unix-tools/day-4-data-sources.html HTTP/1.1" 200 13042 "-" "Mozilla/5.0 (compatible; Googlebot/2.1; +http://www.google.com/bot.html)"
66.249.73.135 - - [18/May/2015:03:05:56 +0000] "GET /blog/tags/ewmh HTTP/1.1" 200 10282 "-" "Mozilla/5.0 (iPhone; CPU iPhone OS 6_0 like Mac OS X) AppleWebKit/536.26 (KHTML, like Gecko) Version/6.0 Mobile/10A5376e Safari/8536.25 (compatible; Googlebot/2.1; +http://www.google.com/bot.html)"
180.76.6.150 - - [18/May/2015:03:05:43 +0000] "GET /blog/articles/week-of-unix-tools/day-5-xargs.html HTTP/1.1" 200 12571 "-" "Mozilla/5.0 (compatible; Baiduspider/2.0; +http://www.baidu.com/search/spider.html)"
207.241.237.227 - - [18/May/2015:04:05:00 +0000] "GET /blog/articles/week-of-unix-tools/day-3-awk.html HTTP/1.0" 200 15457 "http://semicomplete.com/articles/week-of-unix-tools/" "Mozilla/5.0 (compatible; archive.org_bot +http://www.archive.org/details/archive.org_bot)"
178.255.215.71 - - [18/May/2015:04:05:33 +0000] "GET /scripts/grok-py-test/main.py HTTP/1.1" 304 - "-" "Mozilla/5.0 (compatible; Exabot/3.0; +http://www.exabot.com/go/robot)"
207.241.237.223 - - [18/May/2015:04:05:02 +0000] "GET /blog/articles/week-of-unix-tools/day-5-xargs.html HTTP/1.0" 200 12571 "http://semicomplete.com/articles/week-of-unix-tools/" "Mozilla/5.0 (compatible; archive.org_bot +http://www.archive.org/details/archive.org_bot)"
178.255.215.83 - - [18/May/2015:04:05:36 +0000] "GET /blog/2007/Jan/27 HTTP/1.1" 200 12493 "-" "Mozilla/5.0 (compatible; Exabot/3.0 (BiggerBetter); +http://www.exabot.com/go/robot)"
178.255.215.83 - - [18/May/2015:04:05:20 +0000] "GET /blog/2007/May/27 HTTP/1.1" 200 8913 "-" "Mozilla/5.0 (compatible; Exabot/3.0 (BiggerBetter); +http://www.exabot.com/go/robot)"
66.249.73.135 - - [18/May/2015:04:05:28 +0000] "GET /blog/tags/pam_captcha HTTP/1.1" 200 14868 "-" "Mozilla/5.0 (iPhone; CPU iPhone OS 6_0 like Mac OS X) AppleWebKit/536.26 (KHTML, like Gecko) Version/6.0 Mobile/10A5376e Safari/8536.25 (compatible; Googlebot/2.1; +http://www.google.com/bot.html)"
207.241.237.101 - - [18/May/2015:04:05:23 +0000] "GET /robots.txt HTTP/1.0" 200 - "-" "Mozilla/5.0 (compatible; archive.org_bot +http://www.archive.org/details/archive.org_bot)"
207.241.237.101 - - [18/May/2015:04:05:16 +0000] "GET /blog/articles/week-of-unix-tools/day-2-cut-and-paste.html HTTP/1.0" 200 13312 "http://semicomplete.com/articles/week-of-unix-tools/" "Mozilla/5.0 (compatible; archive.org_bot +http://www.archive.org/details/archive.org_bot)"
157.55.32.109 - - [18/May/2015:04:05:23 +0000] "GET /blog/2006/Dec/19 HTTP/1.1" 200 10547 "-" "Mozilla/5.0 (compatible; bingbot/2.0; +http://www.bing.com/bingbot.htm)"
66.249.73.135 - - [18/May/2015:04:05:55 +0000] "GET / HTTP/1.1" 200 37932 "-" "Mozilla/5.0 (compatible; Googlebot/2.1; +http://www.google.com/bot.html)"
66.249.73.135 - - [18/May/2015:04:05:29 +0000] "GET /blog/geekery/python-cgrok-bindings-2.html HTTP/1.1" 200 8750 "-" "Mozilla/5.0 (iPhone; CPU iPhone OS 6_0 like Mac OS X) AppleWebKit/536.26 (KHTML, like Gecko) Version/6.0 Mobile/10A5376e Safari/8536.25 (compatible; Googlebot/2.1; +http://www.google.com/bot.html)"
180.76.5.74 - - [18/May/2015:04:05:59 +0000] "GET /blog/tools/week-of-unix-pipe-friendly-tools.html HTTP/1.1" 200 9832 "-" "Mozilla/5.0 (compatible; Baiduspider/2.0; +http://www.baidu.com/search/spider.html)"
180.76.6.53 - - [18/May/2015:04:05:33 +0000] "GET /robots.txt HTTP/1.1" 200 - "-" "Mozilla/5.0 (Windows NT 5.1; rv:6.0.2) Gecko/20100101 Firefox/6.0.2"
94.228.34.233 - - [18/May/2015:04:05:04 +0000] "GET /resume.xml HTTP/1.1" 304 - "-" "magpie-crawler/1.1 (U; Linux amd64; en-GB; +http://www.brandwatch.net)"
66.249.73.135 - - [18/May/2015:04:05:20 +0000] "GET /blog/tags/flex HTTP/1.1" 200 9008 "-" "Mozilla/5.0 (iPhone; CPU iPhone OS 6_0 like Mac OS X) AppleWebKit/536.26 (KHTML, like Gecko) Version/6.0 Mobile/10A5376e Safari/8536.25 (compatible; Googlebot/2.1; +http://www.google.com/bot.html)"
66.249.73.185 - - [18/May/2015:04:05:56 +0000] "GET /presentations/puppet-presentation/puppet-at-loggly.html HTTP/1.1" 304 - "-" "Mozilla/5.0 (iPhone; CPU iPhone OS 6_0 like Mac OS X) AppleWebKit/536.26 (KHTML, like Gecko) Version/6.0 Mobile/10A5376e Safari/8536.25 (compatible; Googlebot/2.1; +http://www.google.com/bot.html)"
66.249.73.135 - - [18/May/2015:04:05:28 +0000] "GET /blog/geekery/xdotool-2.20100818.html HTTP/1.1" 200 11417 "-" "Mozilla/5.0 (iPhone; CPU iPhone OS 6_0 like Mac OS X) AppleWebKit/536.26 (KHTML, like Gecko) Version/6.0 Mobile/10A5376e Safari/8536.25 (compatible; Googlebot/2.1; +http://www.google.com/bot.html)"
66.249.73.185 - - [18/May/2015:04:05:38 +0000] "GET /presentations/logstash-puppetconf-2012/images/apache-negative-duration.png HTTP/1.1" 304 - "-" "Googlebot-Image/1.0"
66.249.73.135 - - [18/May/2015:04:05:35 +0000] "GET /blog/tags/kyocera HTTP/1.1" 200 10475 "-" "Mozilla/5.0 (compatible; Googlebot/2.1; +http://www.google.com/bot.html)"
180.76.6.28 - - [18/May/2015:04:05:55 +0000] "GET /blog/articles/dynamic-dns-with-dhcp/ HTTP/1.1" 200 18848 "-" "Mozilla/5.0 (compatible; Baiduspider/2.0; +http://www.baidu.com/search/spider.html)"
66.249.73.135 - - [18/May/2015:04:05:08 +0000] "GET /blog/tags/embedding HTTP/1.1" 200 10130 "-" "Mozilla/5.0 (iPhone; CPU iPhone OS 6_0 like Mac OS X) AppleWebKit/536.26 (KHTML, like Gecko) Version/6.0 Mobile/10A5376e Safari/8536.25 (compatible; Googlebot/2.1; +http://www.google.com/bot.html)"
66.249.73.135 - - [18/May/2015:05:05:32 +0000] "GET /blog/tags/libpcre HTTP/1.1" 200 8809 "-" "Mozilla/5.0 (iPhone; CPU iPhone OS 6_0 like Mac OS X) AppleWebKit/536.26 (KHTML, like Gecko) Version/6.0 Mobile/10A5376e Safari/8536.25 (compatible; Googlebot/2.1; +http://www.google.com/bot.html)"
66.249.73.135 - - [18/May/2015:05:05:32 +0000] "GET /blog/tags/fix HTTP/1.1" 200 9183 "-" "Mozilla/5.0 (iPhone; CPU iPhone OS 6_0 like Mac OS X) AppleWebKit/536.26 (KHTML, like Gecko) Version/6.0 Mobile/10A5376e Safari/8536.25 (compatible; Googlebot/2.1; +http://www.google.com/bot.html)"
66.249.73.135 - - [18/May/2015:05:05:49 +0000] "GET /blog/tags/firefox?flav=rss20 HTTP/1.1" 200 16021 "-" "Mozilla/5.0 (compatible; Googlebot/2.1; +http://www.google.com/bot.html)"
180.76.5.61 - - [18/May/2015:05:05:03 +0000] "GET /blog/geekery/grok-and-eventdb.html?commentlimit=0 HTTP/1.1" 200 12456 "-" "Mozilla/5.0 (compatible; Baiduspider/2.0; +http://www.baidu.com/search/spider.html)"
207.241.237.227 - - [18/May/2015:05:05:51 +0000] "GET /blog/static/about.html HTTP/1.0" 200 11474 "http://www.semicomplete.com/about/" "Mozilla/5.0 (compatible; archive.org_bot +http://www.archive.org/details/archive.org_bot)"
66.249.73.135 - - [18/May/2015:05:05:46 +0000] "GET /blog/tags/indexing HTTP/1.1" 200 8683 "-" "Mozilla/5.0 (iPhone; CPU iPhone OS 6_0 like Mac OS X) AppleWebKit/536.26 (KHTML, like Gecko) Version/6.0 Mobile/10A5376e Safari/8536.25 (compatible; Googlebot/2.1; +http://www.google.com/bot.html)"
199.16.156.125 - - [18/May/2015:05:05:19 +0000] "GET /robots.txt HTTP/1.1" 200 - "-" "Twitterbot/1.0"
199.16.156.125 - - [18/May/2015:05:05:08 +0000] "GET /files/lumberjack/lumberjack-0.3.0.exe HTTP/1.1" 200 4378624 "-" "Twitterbot/1.0"
66.249.73.135 - - [18/May/2015:05:05:25 +0000] "GET /?flav=rss20 HTTP/1.1" 200 29941 "-" "Mozilla/5.0 (compatible; Googlebot/2.1; +http://www.google.com/bot.html)"
217.69.133.70 - - [18/May/2015:05:05:32 +0000] "GET /robots.txt HTTP/1.1" 200 - "-" "Mozilla/5.0 (compatible; Linux x86_64; Mail.RU_Bot/2.0; +http://go.mail.ru/help/robots)"
217.69.133.234 - - [18/May/2015:05:05:23 +0000] "GET /presentations/logstash-scale11x/ HTTP/1.1" 304 - "-" "Mozilla/5.0 (compatible; Linux x86_64; Mail.RU_Bot/2.0; +http://go.mail.ru/help/robots)"
66.249.73.185 - - [18/May/2015:05:05:38 +0000] "GET /files/firefox-tabsearch/ HTTP/1.1" 200 1865 "-" "Mozilla/5.0 (compatible; Googlebot/2.1; +http://www.google.com/bot.html)"
66.249.73.185 - - [18/May/2015:05:05:35 +0000] "GET /files/pam_logfailure/ HTTP/1.1" 200 992 "-" "DoCoMo/2.0 N905i(c100;TB;W24H16) (compatible; Googlebot-Mobile/2.1; +http://www.google.com/bot.html)"
66.249.73.135 - - [18/May/2015:05:05:49 +0000] "GET /blog/geekery/ie-javascript-error.html HTTP/1.1" 200 8600 "-" "Mozilla/5.0 (iPhone; CPU iPhone OS 6_0 like Mac OS X) AppleWebKit/536.26 (KHTML, like Gecko) Version/6.0 Mobile/10A5376e Safari/8536.25 (compatible; Googlebot/2.1; +http://www.google.com/bot.html)"
66.249.73.135 - - [18/May/2015:05:05:41 +0000] "GET /blog/geekery/splitting-large-logs.html HTTP/1.1" 200 11920 "-" "Mozilla/5.0 (iPhone; CPU iPhone OS 6_0 like Mac OS X) AppleWebKit/536.26 (KHTML, like Gecko) Version/6.0 Mobile/10A5376e Safari/8536.25 (compatible; Googlebot/2.1; +http://www.google.com/bot.html)"
180.76.6.52 - - [18/May/2015:05:05:14 +0000] "GET /files/fastsplit/?C=D;O=A HTTP/1.1" 200 958 "-" "Mozilla/5.0 (compatible; Baiduspider/2.0; +http://www.baidu.com/search/spider.html)"
66.249.73.135 - - [18/May/2015:05:05:25 +0000] "GET /?flav=atom HTTP/1.1" 200 32352 "-" "Mozilla/5.0 (compatible; Googlebot/2.1; +http://www.google.com/bot.html)"
66.249.73.135 - - [18/May/2015:05:05:08 +0000] "GET /blog/geekery/vim-function-to-make-errors-readable.html HTTP/1.1" 200 10260 "-" "Mozilla/5.0 (iPhone; CPU iPhone OS 6_0 like Mac OS X) AppleWebKit/536.26 (KHTML, like Gecko) Version/6.0 Mobile/10A5376e Safari/8536.25 (compatible; Googlebot/2.1; +http://www.google.com/bot.html)"
66.249.73.135 - - [18/May/2015:05:05:40 +0000] "GET /files/blogposts/20070915/patch-ruby1.8.6-regparse.c HTTP/1.1" 200 2729 "-" "Mozilla/5.0 (iPhone; CPU iPhone OS 6_0 like Mac OS X) AppleWebKit/536.26 (KHTML, like Gecko) Version/6.0 Mobile/10A5376e Safari/8536.25 (compatible; Googlebot/2.1; +http://www.google.com/bot.html)"
199.30.20.161 - - [18/May/2015:05:05:18 +0000] "GET /robots.txt HTTP/1.1" 200 - "-" "msnbot-media/1.1 (+http://search.msn.com/msnbot.htm)"
199.30.20.161 - - [18/May/2015:05:05:31 +0000] "GET /blog/geekery/bypassing-captive-portals.html HTTP/1.1" 200 10613 "-" "msnbot-media/1.1 (+http://search.msn.com/msnbot.htm)"
178.255.215.83 - - [18/May/2015:05:05:04 +0000] "GET /blog/tags/unix?page=1 HTTP/1.1" 200 23664 "-" "Mozilla/5.0 (compatible; Exabot/3.0 (BiggerBetter); +http://www.exabot.com/go/robot)"
178.255.215.83 - - [18/May/2015:05:05:03 +0000] "GET /blog/geekery/unix-seminar.html HTTP/1.1" 200 8782 "-" "Mozilla/5.0 (compatible; Exabot/3.0 (BiggerBetter); +http://www.exabot.com/go/robot)"
178.255.215.83 - - [18/May/2015:05:05:30 +0000] "GET /blog/tags/ldap HTTP/1.1" 200 17499 "-" "Mozilla/5.0 (compatible; Exabot/3.0 (BiggerBetter); +http://www.exabot.com/go/robot)"
178.255.215.83 - - [18/May/2015:05:05:53 +0000] "GET /blog/tags/shebang HTTP/1.1" 200 9438 "-" "Mozilla/5.0 (compatible; Exabot/3.0 (BiggerBetter); +http://www.exabot.com/go/robot)"
178.255.215.83 - - [18/May/2015:05:05:12 +0000] "GET /blog/geekery/zsh-disable-cd-username.html HTTP/1.1" 200 9183 "-" "Mozilla/5.0 (compatible; Exabot/3.0 (BiggerBetter); +http://www.exabot.com/go/robot)"
66.249.73.135 - - [18/May/2015:05:05:47 +0000] "GET /files/xdotool/docs/html/structxdo__search.html HTTP/1.1" 304 - "-" "Mozilla/5.0 (iPhone; CPU iPhone OS 6_0 like Mac OS X) AppleWebKit/536.26 (KHTML, like Gecko) Version/6.0 Mobile/10A5376e Safari/8536.25 (compatible; Googlebot/2.1; +http://www.google.com/bot.html)"
66.249.73.185 - - [18/May/2015:05:05:10 +0000] "GET /files/pp/ HTTP/1.1" 200 1139 "-" "Mozilla/5.0 (compatible; Googlebot/2.1; +http://www.google.com/bot.html)"
180.76.5.190 - - [18/May/2015:06:05:34 +0000] "GET /files/urledit/?C=N;O=D HTTP/1.1" 200 941 "-" "Mozilla/5.0 (compatible; Baiduspider/2.0; +http://www.baidu.com/search/spider.html)"
101.226.168.196 - - [18/May/2015:06:05:35 +0000] "GET /blog/projects/xdotool/ HTTP/1.1" 200 12292 "http://www.semicomplete.com/blog/projects/xdotool/" "Mozilla/4.0 (compatible; MSIE 8.0; Windows NT 6.1; Trident/4.0; SLCC2; .NET CLR 2.0.50727; .NET CLR 3.5.30729; .NET CLR 3.0.30729; Media Center PC 6.0; MDDR; .NET4.0C; .NET4.0E; .NET CLR 1.1.4322; Tablet PC 2.0); 360Spider"
101.226.168.198 - - [18/May/2015:06:05:26 +0000] "GET /blog/geekery/jquery-interface-/p%20ppuffer.html HTTP/1.1" 404 7861 "http://www.semicomplete.com/blog/geekery/jquery-interface-/p%20ppuffer.html" "Mozilla/4.0 (compatible; MSIE 8.0; Windows NT 6.1; Trident/4.0; SLCC2; .NET CLR 2.0.50727; .NET CLR 3.5.30729; .NET CLR 3.0.30729; Media Center PC 6.0; MDDR; .NET4.0C; .NET4.0E; .NET CLR 1.1.4322; Tablet PC 2.0); 360Spider"
66.249.73.135 - - [18/May/2015:06:05:40 +0000] "GET /files/blogposts/20080611/pcapinject.c HTTP/1.1" 304 - "-" "Mozilla/5.0 (iPhone; CPU iPhone OS 6_0 like Mac OS X) AppleWebKit/536.26 (KHTML, like Gecko) Version/6.0 Mobile/10A5376e Safari/8536.25 (compatible; Googlebot/2.1; +http://www.google.com/bot.html)"
100.43.83.137 - - [18/May/2015:06:05:07 +0000] "GET /robots.txt HTTP/1.1" 200 - "-" "Mozilla/5.0 (compatible; YandexBot/3.0; +http://yandex.com/bots)"
178.255.215.83 - - [18/May/2015:06:05:21 +0000] "GET /blog/2007/May/20 HTTP/1.1" 200 8583 "-" "Mozilla/5.0 (compatible; Exabot/3.0 (BiggerBetter); +http://www.exabot.com/go/robot)"
66.249.73.135 - - [18/May/2015:06:05:04 +0000] "GET /blog/tags/scapy HTTP/1.1" 200 8694 "-" "Mozilla/5.0 (iPhone; CPU iPhone OS 6_0 like Mac OS X) AppleWebKit/536.26 (KHTML, like Gecko) Version/6.0 Mobile/10A5376e Safari/8536.25 (compatible; Googlebot/2.1; +http://www.google.com/bot.html)"
66.249.73.135 - - [18/May/2015:06:05:22 +0000] "GET /blog/tags/speed HTTP/1.1" 200 10903 "-" "Mozilla/5.0 (compatible; Googlebot/2.1; +http://www.google.com/bot.html)"
199.30.20.65 - - [18/May/2015:06:05:54 +0000] "GET /robots.txt HTTP/1.1" 200 - "-" "msnbot-media/1.1 (+http://search.msn.com/msnbot.htm)"
199.30.20.65 - - [18/May/2015:06:05:04 +0000] "GET /blog/geekery/Kyocera-KPC650-EVDO-in-FreeBSD.html HTTP/1.1" 200 10475 "-" "msnbot-media/1.1 (+http://search.msn.com/msnbot.htm)"
66.249.73.135 - - [18/May/2015:06:05:31 +0000] "GET /blog/geekery/pam_captcha_research.html HTTP/1.1" 200 9752 "-" "Mozilla/5.0 (iPhone; CPU iPhone OS 6_0 like Mac OS X) AppleWebKit/536.26 (KHTML, like Gecko) Version/6.0 Mobile/10A5376e Safari/8536.25 (compatible; Googlebot/2.1; +http://www.google.com/bot.html)"
66.249.73.135 - - [18/May/2015:06:05:13 +0000] "GET / HTTP/1.1" 200 37932 "-" "Mozilla/5.0 (compatible; Googlebot/2.1; +http://www.google.com/bot.html)"
207.241.237.224 - - [18/May/2015:06:05:52 +0000] "GET /blog/articles/week-of-unix-tools/day-4-data-sources.html HTTP/1.0" 200 13042 "http://semicomplete.com/articles/week-of-unix-tools/" "Mozilla/5.0 (compatible; archive.org_bot +http://www.archive.org/details/archive.org_bot)"
66.249.73.185 - - [18/May/2015:06:05:41 +0000] "GET /files/xdotool/docs/html/osx__hacks_8h_source.html HTTP/1.1" 304 - "-" "Mozilla/5.0 (iPhone; CPU iPhone OS 6_0 like Mac OS X) AppleWebKit/536.26 (KHTML, like Gecko) Version/6.0 Mobile/10A5376e Safari/8536.25 (compatible; Googlebot/2.1; +http://www.google.com/bot.html)"
157.56.93.154 - - [18/May/2015:06:05:16 +0000] "GET /robots.txt HTTP/1.1" 200 - "-" "Mozilla/5.0 (compatible; bingbot/2.0; +http://www.bing.com/bingbot.htm)"
66.249.73.135 - - [18/May/2015:06:05:48 +0000] "GET /blog/tags/firefox?flav=rss20 HTTP/1.1" 200 16021 "-" "Mozilla/5.0 (compatible; Googlebot/2.1; +http://www.google.com/bot.html)"
66.249.73.135 - - [18/May/2015:06:05:27 +0000] "GET /blog/tags/pylons HTTP/1.1" 200 9158 "-" "Mozilla/5.0 (iPhone; CPU iPhone OS 6_0 like Mac OS X) AppleWebKit/536.26 (KHTML, like Gecko) Version/6.0 Mobile/10A5376e Safari/8536.25 (compatible; Googlebot/2.1; +http://www.google.com/bot.html)"
66.249.73.135 - - [18/May/2015:07:05:24 +0000] "GET /blog/tags/macros HTTP/1.1" 200 10521 "-" "Mozilla/5.0 (iPhone; CPU iPhone OS 6_0 like Mac OS X) AppleWebKit/536.26 (KHTML, like Gecko) Version/6.0 Mobile/10A5376e Safari/8536.25 (compatible; Googlebot/2.1; +http://www.google.com/bot.html)"
66.249.73.135 - - [18/May/2015:07:05:02 +0000] "GET /blog/tags/extensions HTTP/1.1" 200 13317 "-" "Mozilla/5.0 (iPhone; CPU iPhone OS 6_0 like Mac OS X) AppleWebKit/536.26 (KHTML, like Gecko) Version/6.0 Mobile/10A5376e Safari/8536.25 (compatible; Googlebot/2.1; +http://www.google.com/bot.html)"
180.76.6.54 - - [18/May/2015:07:05:17 +0000] "GET /blog/geekery/merging-multiple-svn-repos?commentlimit=0 HTTP/1.1" 200 9223 "-" "Mozilla/5.0 (compatible; Baiduspider/2.0; +http://www.baidu.com/search/spider.html)"
66.249.73.185 - - [18/May/2015:07:05:18 +0000] "GET /files/bingerpc.py HTTP/1.1" 304 - "-" "Mozilla/5.0 (iPhone; CPU iPhone OS 6_0 like Mac OS X) AppleWebKit/536.26 (KHTML, like Gecko) Version/6.0 Mobile/10A5376e Safari/8536.25 (compatible; Googlebot/2.1; +http://www.google.com/bot.html)"
188.207.200.116 - - [18/May/2015:07:05:27 +0000] "GET /robots.txt HTTP/1.0" 200 - "-" "Mozilla/5.0 (compatible; BeetleBot; )"
188.207.200.116 - - [18/May/2015:07:05:45 +0000] "GET /blog HTTP/1.0" 200 37936 "-" "Mozilla/5.0 (compatible; BeetleBot; )"
66.249.73.135 - - [18/May/2015:07:05:43 +0000] "GET /files/blogposts/20080611/pcapinject.c HTTP/1.1" 304 - "-" "Mozilla/5.0 (compatible; Googlebot/2.1; +http://www.google.com/bot.html)"
66.249.73.135 - - [18/May/2015:07:05:45 +0000] "GET /?flav=rss20 HTTP/1.1" 200 29941 "-" "Mozilla/5.0 (compatible; Googlebot/2.1; +http://www.google.com/bot.html)"
178.255.215.83 - - [18/May/2015:07:05:02 +0000] "GET /scripts/python/?C=D;O=A HTTP/1.1" 200 1137 "-" "Mozilla/5.0 (compatible; Exabot/3.0 (BiggerBetter); +http://www.exabot.com/go/robot)"
178.255.215.83 - - [18/May/2015:07:05:19 +0000] "GET /scripts/python/wrap.backup/?C=N;O=A HTTP/1.1" 200 2420 "-" "Mozilla/5.0 (compatible; Exabot/3.0 (BiggerBetter); +http://www.exabot.com/go/robot)"
178.255.215.83 - - [18/May/2015:07:05:48 +0000] "GET /scripts/python/wrap.backup/happyfoo.pyc HTTP/1.1" 200 1083 "-" "Mozilla/5.0 (compatible; Exabot/3.0 (BiggerBetter); +http://www.exabot.com/go/robot)"
157.56.93.154 - - [18/May/2015:07:05:15 +0000] "GET /scripts/backup/ HTTP/1.1" 200 1328 "-" "Mozilla/5.0 (compatible; bingbot/2.0; +http://www.bing.com/bingbot.htm)"
66.249.73.135 - - [18/May/2015:07:05:02 +0000] "GET /blog/productivity/vim-text-objects.html HTTP/1.1" 200 8801 "-" "Mozilla/5.0 (iPhone; CPU iPhone OS 6_0 like Mac OS X) AppleWebKit/536.26 (KHTML, like Gecko) Version/6.0 Mobile/10A5376e Safari/8536.25 (compatible; Googlebot/2.1; +http://www.google.com/bot.html)"
66.249.73.135 - - [18/May/2015:07:05:42 +0000] "GET /?flav=atom HTTP/1.1" 200 32352 "-" "Mozilla/5.0 (compatible; Googlebot/2.1; +http://www.google.com/bot.html)"
100.43.83.137 - - [18/May/2015:07:05:36 +0000] "GET /projects/firefox-urledit/urledit-screencast.html HTTP/1.1" 200 783 "-" "Mozilla/5.0 (compatible; YandexBot/3.0; +http://yandex.com/bots)"
208.115.113.88 - - [18/May/2015:07:05:01 +0000] "GET /robots.txt HTTP/1.1" 200 - "-" "Mozilla/5.0 (compatible; Ezooms/1.0; help@moz.com)"
208.115.113.88 - - [18/May/2015:07:05:40 +0000] "GET /robots.txt HTTP/1.1" 200 - "-" "Mozilla/5.0 (compatible; Ezooms/1.0; help@moz.com)"
180.76.5.214 - - [18/May/2015:07:05:00 +0000] "GET /blog/tags/hacks?page=1 HTTP/1.1" 200 33623 "-" "Mozilla/5.0 (compatible; Baiduspider/2.0; +http://www.baidu.com/search/spider.html)"
66.249.73.135 - - [18/May/2015:07:05:11 +0000] "GET /blog/geekery/175.html HTTP/1.1" 200 9304 "-" "Mozilla/5.0 (iPhone; CPU iPhone OS 6_0 like Mac OS X) AppleWebKit/536.26 (KHTML, like Gecko) Version/6.0 Mobile/10A5376e Safari/8536.25 (compatible; Googlebot/2.1; +http://www.google.com/bot.html)"
157.56.93.40 - - [18/May/2015:07:05:51 +0000] "GET /blog/tags/temperature HTTP/1.1" 200 10068 "-" "Mozilla/5.0 (compatible; bingbot/2.0; +http://www.bing.com/bingbot.htm)"
66.249.73.135 - - [18/May/2015:07:05:17 +0000] "GET /blog/geekery/low-entropy-captchas.html HTTP/1.1" 200 11546 "-" "Mozilla/5.0 (iPhone; CPU iPhone OS 6_0 like Mac OS X) AppleWebKit/536.26 (KHTML, like Gecko) Version/6.0 Mobile/10A5376e Safari/8536.25 (compatible; Googlebot/2.1; +http://www.google.com/bot.html)"
75.97.9.59 - - [18/May/2015:08:05:20 +0000] "GET /presentations/logstash-scale11x/css/fonts/Roboto.css HTTP/1.1" 200 357 "http://semicomplete.com/presentations/logstash-scale11x/" "Mozilla/5.0 (Windows NT 6.1; WOW64) AppleWebKit/537.36 (KHTML, like Gecko) Chrome/32.0.1700.107 Safari/537.36"
75.97.9.59 - - [18/May/2015:08:05:31 +0000] "GET /presentations/logstash-scale11x/css/fonts/Roboto-Bold.ttf HTTP/1.1" 200 38720 "http://semicomplete.com/presentations/logstash-scale11x/" "Mozilla/5.0 (Windows NT 6.1; WOW64) AppleWebKit/537.36 (KHTML, like Gecko) Chrome/32.0.1700.107 Safari/537.36"
75.97.9.59 - - [18/May/2015:08:05:28 +0000] "GET /presentations/logstash-scale11x/css/fonts/Roboto-Regular.ttf HTTP/1.1" 200 41820 "http://semicomplete.com/presentations/logstash-scale11x/" "Mozilla/5.0 (Windows NT 6.1; WOW64) AppleWebKit/537.36 (KHTML, like Gecko) Chrome/32.0.1700.107 Safari/537.36"
75.97.9.59 - - [18/May/2015:08:05:50 +0000] "GET /presentations/logstash-scale11x/css/fonts/Roboto.css HTTP/1.1" 304 - "http://semicomplete.com/presentations/logstash-scale11x/" "Mozilla/5.0 (Windows NT 6.1; WOW64) AppleWebKit/537.36 (KHTML, like Gecko) Chrome/32.0.1700.107 Safari/537.36"
75.97.9.59 - - [18/May/2015:08:05:40 +0000] "GET /presentations/logstash-scale11x/css/fonts/Roboto-Bold.ttf HTTP/1.1" 304 - "http://semicomplete.com/presentations/logstash-scale11x/" "Mozilla/5.0 (Windows NT 6.1; WOW64) AppleWebKit/537.36 (KHTML, like Gecko) Chrome/32.0.1700.107 Safari/537.36"
75.97.9.59 - - [18/May/2015:08:05:54 +0000] "GET /presentations/logstash-scale11x/css/fonts/Roboto-Regular.ttf HTTP/1.1" 304 - "http://semicomplete.com/presentations/logstash-scale11x/" "Mozilla/5.0 (Windows NT 6.1; WOW64) AppleWebKit/537.36 (KHTML, like Gecko) Chrome/32.0.1700.107 Safari/537.36"
75.97.9.59 - - [18/May/2015:08:05:36 +0000] "GET /presentations/logstash-scale11x/css/fonts/Roboto.css HTTP/1.1" 304 - "http://semicomplete.com/presentations/logstash-scale11x/" "Mozilla/5.0 (Windows NT 6.1; WOW64) AppleWebKit/537.36 (KHTML, like Gecko) Chrome/32.0.1700.107 Safari/537.36"
75.97.9.59 - - [18/May/2015:09:05:41 +0000] "GET /presentations/logstash-scale11x/css/fonts/Roboto-Bold.ttf HTTP/1.1" 304 - "http://semicomplete.com/presentations/logstash-scale11x/" "Mozilla/5.0 (Windows NT 6.1; WOW64) AppleWebKit/537.36 (KHTML, like Gecko) Chrome/32.0.1700.107 Safari/537.36"
75.97.9.59 - - [18/May/2015:09:05:10 +0000] "GET /presentations/logstash-scale11x/css/fonts/Roboto-Regular.ttf HTTP/1.1" 304 - "http://semicomplete.com/presentations/logstash-scale11x/" "Mozilla/5.0 (Windows NT 6.1; WOW64) AppleWebKit/537.36 (KHTML, like Gecko) Chrome/32.0.1700.107 Safari/537.36"
66.249.73.135 - - [18/May/2015:09:05:18 +0000] "GET /blog/tags/shell?page=1 HTTP/1.1" 200 32907 "-" "Mozilla/5.0 (compatible; Googlebot/2.1; +http://www.google.com/bot.html)"
75.97.9.59 - - [18/May/2015:09:05:00 +0000] "GET /presentations/logstash-scale11x/css/fonts/Roboto.css HTTP/1.1" 304 - "http://semicomplete.com/presentations/logstash-scale11x/" "Mozilla/5.0 (Windows NT 6.1; WOW64) AppleWebKit/537.36 (KHTML, like Gecko) Chrome/32.0.1700.107 Safari/537.36"
75.97.9.59 - - [18/May/2015:09:05:05 +0000] "GET /presentations/logstash-scale11x/css/fonts/Roboto-Bold.ttf HTTP/1.1" 304 - "http://semicomplete.com/presentations/logstash-scale11x/" "Mozilla/5.0 (Windows NT 6.1; WOW64) AppleWebKit/537.36 (KHTML, like Gecko) Chrome/32.0.1700.107 Safari/537.36"
75.97.9.59 - - [18/May/2015:09:05:56 +0000] "GET /presentations/logstash-scale11x/css/fonts/Roboto-Regular.ttf HTTP/1.1" 304 - "http://semicomplete.com/presentations/logstash-scale11x/" "Mozilla/5.0 (Windows NT 6.1; WOW64) AppleWebKit/537.36 (KHTML, like Gecko) Chrome/32.0.1700.107 Safari/537.36"
66.249.73.135 - - [18/May/2015:09:05:59 +0000] "GET /blog/tags/fancydb HTTP/1.1" 200 9708 "-" "Mozilla/5.0 (iPhone; CPU iPhone OS 6_0 like Mac OS X) AppleWebKit/536.26 (KHTML, like Gecko) Version/6.0 Mobile/10A5376e Safari/8536.25 (compatible; Googlebot/2.1; +http://www.google.com/bot.html)"
180.76.5.204 - - [18/May/2015:09:05:53 +0000] "GET /blog/tags/xml?page=1 HTTP/1.1" 200 29960 "-" "Mozilla/5.0 (compatible; Baiduspider/2.0; +http://www.baidu.com/search/spider.html)"
66.249.73.135 - - [18/May/2015:09:05:18 +0000] "GET /blog/geekery/python-dict-merging.html HTTP/1.1" 200 8439 "-" "Mozilla/5.0 (iPhone; CPU iPhone OS 6_0 like Mac OS X) AppleWebKit/536.26 (KHTML, like Gecko) Version/6.0 Mobile/10A5376e Safari/8536.25 (compatible; Googlebot/2.1; +http://www.google.com/bot.html)"
199.16.156.126 - - [18/May/2015:10:05:18 +0000] "GET /robots.txt HTTP/1.1" 200 - "-" "Twitterbot/1.0"
199.16.156.124 - - [18/May/2015:10:05:29 +0000] "GET /files/lumberjack/lumberjack-0.3.0.exe HTTP/1.1" 200 4378624 "-" "Twitterbot/1.0"
66.249.73.135 - - [18/May/2015:10:05:36 +0000] "GET /blog/tags/sysadvent2009 HTTP/1.1" 200 8586 "-" "Mozilla/5.0 (iPhone; CPU iPhone OS 6_0 like Mac OS X) AppleWebKit/536.26 (KHTML, like Gecko) Version/6.0 Mobile/10A5376e Safari/8536.25 (compatible; Googlebot/2.1; +http://www.google.com/bot.html)"
180.76.5.71 - - [18/May/2015:10:05:17 +0000] "GET /robots.txt HTTP/1.1" 200 - "-" "Mozilla/5.0 (Windows NT 5.1; rv:6.0.2) Gecko/20100101 Firefox/6.0.2"
157.55.33.44 - - [18/May/2015:10:05:01 +0000] "GET /projects/java-chatclient/imchat.tar.gz HTTP/1.1" 301 357 "-" "Mozilla/5.0 (compatible; bingbot/2.0; +http://www.bing.com/bingbot.htm)"
157.56.229.184 - - [18/May/2015:10:05:23 +0000] "GET /articles/arp-security/ HTTP/1.1" 200 19735 "-" "Mozilla/5.0 (compatible; bingbot/2.0; +http://www.bing.com/bingbot.htm)"
66.249.73.135 - - [18/May/2015:10:05:32 +0000] "GET /blog/tags/shell?page=3 HTTP/1.1" 200 20447 "-" "Mozilla/5.0 (compatible; Googlebot/2.1; +http://www.google.com/bot.html)"
66.249.73.135 - - [18/May/2015:10:05:51 +0000] "GET /blog/tags/flashback2010 HTTP/1.1" 200 10849 "-" "Mozilla/5.0 (iPhone; CPU iPhone OS 6_0 like Mac OS X) AppleWebKit/536.26 (KHTML, like Gecko) Version/6.0 Mobile/10A5376e Safari/8536.25 (compatible; Googlebot/2.1; +http://www.google.com/bot.html)"
66.249.73.135 - - [18/May/2015:10:05:28 +0000] "GET /blog/tags/laptop HTTP/1.1" 200 8854 "-" "Mozilla/5.0 (iPhone; CPU iPhone OS 6_0 like Mac OS X) AppleWebKit/536.26 (KHTML, like Gecko) Version/6.0 Mobile/10A5376e Safari/8536.25 (compatible; Googlebot/2.1; +http://www.google.com/bot.html)"
66.249.73.185 - - [18/May/2015:10:05:29 +0000] "GET /doc/org/elasticsearch/action/support/master/TransportMasterNodeOperationAction.html HTTP/1.1" 404 363 "-" "Mozilla/5.0 (compatible; Googlebot/2.1; +http://www.google.com/bot.html)"
100.43.83.137 - - [18/May/2015:10:05:12 +0000] "GET /blog/geekery/log-analytics-with-open-source.html HTTP/1.1" 200 10382 "-" "Mozilla/5.0 (compatible; YandexBot/3.0; +http://yandex.com/bots)"
66.249.73.135 - - [18/May/2015:10:05:17 +0000] "GET /blog/tags/firefox?flav=rss20 HTTP/1.1" 200 16021 "-" "Mozilla/5.0 (compatible; Googlebot/2.1; +http://www.google.com/bot.html)"
66.249.73.135 - - [18/May/2015:10:05:34 +0000] "GET /blog/site/sitemove4.html HTTP/1.1" 200 8370 "-" "Mozilla/5.0 (iPhone; CPU iPhone OS 6_0 like Mac OS X) AppleWebKit/536.26 (KHTML, like Gecko) Version/6.0 Mobile/10A5376e Safari/8536.25 (compatible; Googlebot/2.1; +http://www.google.com/bot.html)"
66.249.73.135 - - [18/May/2015:10:05:09 +0000] "GET /?flav=rss20 HTTP/1.1" 200 29941 "-" "Mozilla/5.0 (compatible; Googlebot/2.1; +http://www.google.com/bot.html)"
66.249.73.135 - - [18/May/2015:10:05:23 +0000] "GET /blog/geekery/grok-pattern-predicates HTTP/1.1" 200 10730 "-" "Mozilla/5.0 (iPhone; CPU iPhone OS 6_0 like Mac OS X) AppleWebKit/536.26 (KHTML, like Gecko) Version/6.0 Mobile/10A5376e Safari/8536.25 (compatible; Googlebot/2.1; +http://www.google.com/bot.html)"
66.249.73.135 - - [18/May/2015:10:05:53 +0000] "GET /blog/tags/httpd HTTP/1.1" 200 9940 "-" "Mozilla/5.0 (iPhone; CPU iPhone OS 6_0 like Mac OS X) AppleWebKit/536.26 (KHTML, like Gecko) Version/6.0 Mobile/10A5376e Safari/8536.25 (compatible; Googlebot/2.1; +http://www.google.com/bot.html)"
178.255.215.71 - - [18/May/2015:10:05:46 +0000] "GET /blog/growing-logstash-value.html HTTP/1.1" 200 11113 "-" "Mozilla/5.0 (compatible; Exabot/3.0; +http://www.exabot.com/go/robot)"
66.249.73.135 - - [18/May/2015:10:05:06 +0000] "GET /files/xdotool/docs/html/structcontext.html HTTP/1.1" 304 - "-" "Mozilla/5.0 (iPhone; CPU iPhone OS 6_0 like Mac OS X) AppleWebKit/536.26 (KHTML, like Gecko) Version/6.0 Mobile/10A5376e Safari/8536.25 (compatible; Googlebot/2.1; +http://www.google.com/bot.html)"
66.249.73.135 - - [18/May/2015:10:05:19 +0000] "GET /scripts/backup/recover HTTP/1.1" 200 339 "-" "Mozilla/5.0 (compatible; Googlebot/2.1; +http://www.google.com/bot.html)"
157.55.35.36 - - [18/May/2015:10:05:18 +0000] "GET /?page=3 HTTP/1.1" 200 39559 "-" "Mozilla/5.0 (compatible; bingbot/2.0; +http://www.bing.com/bingbot.htm)"
66.249.73.135 - - [18/May/2015:10:05:58 +0000] "GET /blog/geekery/distributed-xargs.html HTTP/1.1" 200 10922 "-" "Mozilla/5.0 (iPhone; CPU iPhone OS 6_0 like Mac OS X) AppleWebKit/536.26 (KHTML, like Gecko) Version/6.0 Mobile/10A5376e Safari/8536.25 (compatible; Googlebot/2.1; +http://www.google.com/bot.html)"
180.76.6.233 - - [18/May/2015:10:05:38 +0000] "GET /blog/tags/shell?page=1 HTTP/1.1" 200 32907 "-" "Mozilla/5.0 (compatible; Baiduspider/2.0; +http://www.baidu.com/search/spider.html)"
180.76.5.191 - - [18/May/2015:10:05:09 +0000] "GET /robots.txt HTTP/1.1" 200 - "-" "Mozilla/5.0 (Windows NT 5.1; rv:6.0.2) Gecko/20100101 Firefox/6.0.2"
66.249.73.185 - - [18/May/2015:10:05:51 +0000] "GET /files/rpm/apache-maven.spec HTTP/1.1" 304 - "-" "Mozilla/5.0 (iPhone; CPU iPhone OS 6_0 like Mac OS X) AppleWebKit/536.26 (KHTML, like Gecko) Version/6.0 Mobile/10A5376e Safari/8536.25 (compatible; Googlebot/2.1; +http://www.google.com/bot.html)"
68.180.224.225 - - [18/May/2015:10:05:56 +0000] "GET /robots.txt HTTP/1.1" 200 - "-" "Mozilla/5.0 (compatible; Yahoo! Slurp; http://help.yahoo.com/help/us/ysearch/slurp)"
66.249.73.135 - - [18/May/2015:10:05:15 +0000] "GET /blog/site/183.html HTTP/1.1" 200 8590 "-" "Mozilla/5.0 (compatible; Googlebot/2.1; +http://www.google.com/bot.html)"
66.249.73.135 - - [18/May/2015:10:05:27 +0000] "GET /?flav=atom HTTP/1.1" 200 32352 "-" "Mozilla/5.0 (compatible; Googlebot/2.1; +http://www.google.com/bot.html)"
100.43.83.137 - - [18/May/2015:10:05:15 +0000] "GET /blog/tags/soekris HTTP/1.1" 200 19483 "-" "Mozilla/5.0 (compatible; YandexBot/3.0; +http://yandex.com/bots)"
100.43.83.137 - - [18/May/2015:10:05:01 +0000] "GET /blog/geekery/puppet-exported-resource-expiration.html HTTP/1.1" 200 9804 "-" "Mozilla/5.0 (compatible; YandexBot/3.0; +http://yandex.com/bots)"
100.43.83.137 - - [18/May/2015:10:05:56 +0000] "GET /blog/tags/scripting HTTP/1.1" 200 8775 "-" "Mozilla/5.0 (compatible; YandexBot/3.0; +http://yandex.com/bots)"
100.43.83.137 - - [18/May/2015:10:05:58 +0000] "GET /blog/tags/tools HTTP/1.1" 200 26510 "-" "Mozilla/5.0 (compatible; YandexBot/3.0; +http://yandex.com/bots)"
100.43.83.137 - - [18/May/2015:10:05:44 +0000] "GET /scripts/streamtest HTTP/1.1" 304 - "-" "Mozilla/5.0 (compatible; YandexBot/3.0; +http://yandex.com/bots)"
100.43.83.137 - - [18/May/2015:10:05:12 +0000] "GET /blog/geekery/interesting-freebsd-network-config.html HTTP/1.1" 200 9265 "-" "Mozilla/5.0 (compatible; YandexBot/3.0; +http://yandex.com/bots)"
100.43.83.137 - - [18/May/2015:10:05:58 +0000] "GET /blog/tags/alert HTTP/1.1" 200 10976 "-" "Mozilla/5.0 (compatible; YandexBot/3.0; +http://yandex.com/bots)"
100.43.83.137 - - [18/May/2015:10:05:19 +0000] "GET /blog/geekery/102.html HTTP/1.1" 200 8772 "-" "Mozilla/5.0 (compatible; YandexBot/3.0; +http://yandex.com/bots)"
100.43.83.137 - - [18/May/2015:10:05:27 +0000] "GET /blog/tags/g++ HTTP/1.1" 200 10260 "-" "Mozilla/5.0 (compatible; YandexBot/3.0; +http://yandex.com/bots)"
100.43.83.137 - - [18/May/2015:10:05:02 +0000] "GET /blog/tags/wifi HTTP/1.1" 200 10613 "-" "Mozilla/5.0 (compatible; YandexBot/3.0; +http://yandex.com/bots)"
100.43.83.137 - - [18/May/2015:10:05:03 +0000] "GET /?page=28 HTTP/1.1" 200 34105 "-" "Mozilla/5.0 (compatible; YandexBot/3.0; +http://yandex.com/bots)"
100.43.83.137 - - [18/May/2015:10:05:08 +0000] "GET /icons/blank.gif HTTP/1.1" 304 - "-" "Mozilla/5.0 (compatible; YandexImages/3.0; +http://yandex.com/bots)"
66.249.73.135 - - [18/May/2015:10:05:57 +0000] "GET /projects/xdotool/xdotool.xhtml HTTP/1.1" 304 - "-" "Mozilla/5.0 (iPhone; CPU iPhone OS 6_0 like Mac OS X) AppleWebKit/536.26 (KHTML, like Gecko) Version/6.0 Mobile/10A5376e Safari/8536.25 (compatible; Googlebot/2.1; +http://www.google.com/bot.html)"
180.76.5.173 - - [18/May/2015:11:05:58 +0000] "GET /blog/tags/barcamp?page=1 HTTP/1.1" 200 44422 "-" "Mozilla/5.0 (compatible; Baiduspider/2.0; +http://www.baidu.com/search/spider.html)"
66.249.73.135 - - [18/May/2015:11:05:49 +0000] "GET /blog/tags/pptp HTTP/1.1" 200 9983 "-" "Mozilla/5.0 (iPhone; CPU iPhone OS 6_0 like Mac OS X) AppleWebKit/536.26 (KHTML, like Gecko) Version/6.0 Mobile/10A5376e Safari/8536.25 (compatible; Googlebot/2.1; +http://www.google.com/bot.html)"
178.255.215.71 - - [18/May/2015:11:05:29 +0000] "GET /blog/geekery/jquery-mobile-full-height-content.html HTTP/1.1" 200 9571 "-" "Mozilla/5.0 (compatible; Exabot/3.0; +http://www.exabot.com/go/robot)"
180.76.6.142 - - [18/May/2015:11:05:01 +0000] "GET /robots.txt HTTP/1.1" 200 - "-" "Mozilla/5.0 (Windows NT 5.1; rv:6.0.2) Gecko/20100101 Firefox/6.0.2"
66.249.73.185 - - [18/May/2015:11:05:07 +0000] "GET / HTTP/1.1" 200 37932 "-" "Mozilla/5.0 (iPhone; CPU iPhone OS 6_0 like Mac OS X) AppleWebKit/536.26 (KHTML, like Gecko) Version/6.0 Mobile/10A5376e Safari/8536.25 (compatible; Googlebot/2.1; +http://www.google.com/bot.html)"
66.249.73.135 - - [18/May/2015:11:05:02 +0000] "GET /blog/tags/year%20review HTTP/1.1" 200 34590 "-" "Mozilla/5.0 (compatible; Googlebot/2.1; +http://www.google.com/bot.html)"
66.249.73.135 - - [18/May/2015:11:05:07 +0000] "GET /projects/xdotool/ HTTP/1.1" 200 12292 "-" "Mozilla/5.0 (iPhone; CPU iPhone OS 6_0 like Mac OS X) AppleWebKit/536.26 (KHTML, like Gecko) Version/6.0 Mobile/10A5376e Safari/8536.25 (compatible; Googlebot/2.1; +http://www.google.com/bot.html)"
66.249.73.135 - - [18/May/2015:11:05:03 +0000] "GET /blog/geekery/matplotlib-induces-self-loathing.html?commentlimit=0 HTTP/1.1" 200 11180 "-" "Mozilla/5.0 (compatible; Googlebot/2.1; +http://www.google.com/bot.html)"
66.249.73.135 - - [18/May/2015:11:05:26 +0000] "GET / HTTP/1.1" 200 37932 "-" "Mozilla/5.0 (compatible; Googlebot/2.1; +http://www.google.com/bot.html)"
66.249.73.135 - - [18/May/2015:11:05:46 +0000] "GET /blog/misc/cablebox-fix.html HTTP/1.1" 200 8649 "-" "Mozilla/5.0 (compatible; Googlebot/2.1; +http://www.google.com/bot.html)"
66.249.73.135 - - [18/May/2015:11:05:43 +0000] "GET /blog/geekery/xvfb-firefox.html HTTP/1.1" 200 10975 "-" "Mozilla/5.0 (iPhone; CPU iPhone OS 6_0 like Mac OS X) AppleWebKit/536.26 (KHTML, like Gecko) Version/6.0 Mobile/10A5376e Safari/8536.25 (compatible; Googlebot/2.1; +http://www.google.com/bot.html)"
180.76.6.213 - - [18/May/2015:11:05:32 +0000] "GET /blog/geekery/freebsd-development.html?commentlimit=0 HTTP/1.1" 200 10006 "-" "Mozilla/5.0 (compatible; Baiduspider/2.0; +http://www.baidu.com/search/spider.html)"
66.249.73.185 - - [18/May/2015:11:05:45 +0000] "GET /files/hello/hello_c HTTP/1.1" 200 6575 "-" "Mozilla/5.0 (compatible; Googlebot/2.1; +http://www.google.com/bot.html)"
100.43.83.137 - - [18/May/2015:11:05:51 +0000] "GET /robots.txt HTTP/1.1" 200 - "-" "Mozilla/5.0 (compatible; YandexBot/3.0; +http://yandex.com/bots)"
100.43.83.137 - - [18/May/2015:11:05:51 +0000] "GET / HTTP/1.1" 200 37932 "-" "Mozilla/5.0 (compatible; YandexBot/3.0; +http://yandex.com/bots)"
100.43.83.137 - - [18/May/2015:11:05:27 +0000] "GET / HTTP/1.1" 200 37932 "-" "Mozilla/5.0 (compatible; YandexBot/3.0; +http://yandex.com/bots)"
100.43.83.137 - - [18/May/2015:11:05:31 +0000] "GET / HTTP/1.1" 200 37932 "-" "Mozilla/5.0 (compatible; YandexBot/3.0; +http://yandex.com/bots)"
100.43.83.137 - - [18/May/2015:11:05:20 +0000] "GET / HTTP/1.1" 200 37932 "-" "Mozilla/5.0 (compatible; YandexBot/3.0; +http://yandex.com/bots)"
66.249.73.135 - - [18/May/2015:11:05:34 +0000] "GET /blog/geekery/defcon-16-pre.html HTTP/1.1" 200 8562 "-" "Mozilla/5.0 (iPhone; CPU iPhone OS 6_0 like Mac OS X) AppleWebKit/536.26 (KHTML, like Gecko) Version/6.0 Mobile/10A5376e Safari/8536.25 (compatible; Googlebot/2.1; +http://www.google.com/bot.html)"
66.249.73.135 - - [18/May/2015:11:05:08 +0000] "GET /blog/tags/firefox?flav=rss20 HTTP/1.1" 200 16021 "-" "Mozilla/5.0 (compatible; Googlebot/2.1; +http://www.google.com/bot.html)"
157.55.33.88 - - [18/May/2015:11:05:53 +0000] "GET /blog/rants/dns-providers.html HTTP/1.1" 200 13313 "-" "Mozilla/5.0 (compatible; bingbot/2.0; +http://www.bing.com/bingbot.htm)"
66.249.73.135 - - [18/May/2015:11:05:04 +0000] "GET /blog/site/siterelocation.html HTTP/1.1" 200 8137 "-" "Mozilla/5.0 (iPhone; CPU iPhone OS 6_0 like Mac OS X) AppleWebKit/536.26 (KHTML, like Gecko) Version/6.0 Mobile/10A5376e Safari/8536.25 (compatible; Googlebot/2.1; +http://www.google.com/bot.html)"
180.76.6.46 - - [18/May/2015:11:05:13 +0000] "GET /blog/geekery/Kyocera-KPC650-EVDO-in-FreeBSD.html HTTP/1.1" 200 10475 "-" "Mozilla/5.0 (compatible; Baiduspider/2.0; +http://www.baidu.com/search/spider.html)"
66.249.73.135 - - [18/May/2015:11:05:48 +0000] "GET /?flav=rss20 HTTP/1.1" 200 29941 "-" "Mozilla/5.0 (compatible; Googlebot/2.1; +http://www.google.com/bot.html)"
180.76.6.43 - - [18/May/2015:11:05:12 +0000] "GET /robots.txt HTTP/1.1" 200 - "-" "Mozilla/5.0 (Windows NT 5.1; rv:6.0.2) Gecko/20100101 Firefox/6.0.2"
157.55.35.36 - - [18/May/2015:11:05:17 +0000] "GET /blog/geekery/apache-httpd-cache-for-maven.html HTTP/1.1" 200 9940 "-" "Mozilla/5.0 (compatible; bingbot/2.0; +http://www.bing.com/bingbot.htm)"
199.16.156.124 - - [18/May/2015:11:05:54 +0000] "GET /robots.txt HTTP/1.1" 200 - "-" "Twitterbot/1.0"
199.16.156.126 - - [18/May/2015:11:05:21 +0000] "GET /files/lumberjack/lumberjack-0.3.0.exe HTTP/1.1" 200 4378624 "-" "Twitterbot/1.0"
66.249.73.135 - - [18/May/2015:11:05:14 +0000] "GET /blog/geekery/disabling-battery-in-ubuntu-vms.html HTTP/1.1" 200 9316 "-" "Mozilla/5.0 (iPhone; CPU iPhone OS 6_0 like Mac OS X) AppleWebKit/536.26 (KHTML, like Gecko) Version/6.0 Mobile/10A5376e Safari/8536.25 (compatible; Googlebot/2.1; +http://www.google.com/bot.html)"
66.249.73.135 - - [18/May/2015:12:05:47 +0000] "GET /projects/keynav HTTP/1.1" 301 338 "-" "Mozilla/5.0 (compatible; Googlebot/2.1; +http://www.google.com/bot.html)"
66.249.73.135 - - [18/May/2015:12:05:46 +0000] "GET /projects/keynav/ HTTP/1.1" 200 18985 "-" "Mozilla/5.0 (compatible; Googlebot/2.1; +http://www.google.com/bot.html)"
217.69.133.234 - - [18/May/2015:12:05:59 +0000] "GET /robots.txt HTTP/1.1" 200 - "-" "Mozilla/5.0 (compatible; Linux x86_64; Mail.RU_Bot/2.0; +http://go.mail.ru/help/robots)"
217.69.133.236 - - [18/May/2015:12:05:18 +0000] "GET /blog/articles/dynamic-dns-with-dhcp HTTP/1.1" 200 18848 "-" "Mozilla/5.0 (compatible; Linux x86_64; Mail.RU_Bot/2.0; +http://go.mail.ru/help/robots)"
66.249.73.135 - - [18/May/2015:12:05:55 +0000] "GET /blog/geekery/bypassing-captive-portals.html HTTP/1.1" 200 10613 "-" "Mozilla/5.0 (iPhone; CPU iPhone OS 6_0 like Mac OS X) AppleWebKit/536.26 (KHTML, like Gecko) Version/6.0 Mobile/10A5376e Safari/8536.25 (compatible; Googlebot/2.1; +http://www.google.com/bot.html)"
217.69.133.238 - - [18/May/2015:12:05:33 +0000] "GET /robots.txt HTTP/1.1" 200 - "-" "Mozilla/5.0 (compatible; Linux x86_64; Mail.RU_Bot/2.0; +http://go.mail.ru/help/robots)"
217.69.133.238 - - [18/May/2015:12:05:19 +0000] "GET /articles/openldap-with-saslauthd/ HTTP/1.1" 200 12700 "-" "Mozilla/5.0 (compatible; Linux x86_64; Mail.RU_Bot/2.0; +http://go.mail.ru/help/robots)"
217.69.133.238 - - [18/May/2015:12:05:50 +0000] "GET /projects/nis2ldap/ HTTP/1.1" 200 8352 "-" "Mozilla/5.0 (compatible; Linux x86_64; Mail.RU_Bot/2.0; +http://go.mail.ru/help/robots)"
178.255.215.83 - - [18/May/2015:12:05:21 +0000] "GET /articles/dynamic-dns-with-dhcp/ HTTP/1.1" 200 18848 "-" "Mozilla/5.0 (compatible; Exabot/3.0 (BiggerBetter); +http://www.exabot.com/go/robot)"
180.76.5.173 - - [18/May/2015:12:05:54 +0000] "GET /blog/geekery/grok-pcre-predicates.html?commentlimit=0 HTTP/1.1" 200 8590 "-" "Mozilla/5.0 (compatible; Baiduspider/2.0; +http://www.baidu.com/search/spider.html)"
66.249.73.185 - - [18/May/2015:12:05:16 +0000] "GET /presentations/logstash-puppetconf-2012/images/nagios-sms2.png HTTP/1.1" 304 - "-" "Googlebot-Image/1.0"
66.249.73.135 - - [18/May/2015:12:05:22 +0000] "GET /blog/tags/os HTTP/1.1" 200 9667 "-" "Mozilla/5.0 (iPhone; CPU iPhone OS 6_0 like Mac OS X) AppleWebKit/536.26 (KHTML, like Gecko) Version/6.0 Mobile/10A5376e Safari/8536.25 (compatible; Googlebot/2.1; +http://www.google.com/bot.html)"
66.249.73.135 - - [18/May/2015:12:05:27 +0000] "GET /?flav=atom HTTP/1.1" 200 32352 "-" "Mozilla/5.0 (compatible; Googlebot/2.1; +http://www.google.com/bot.html)"
66.249.73.135 - - [18/May/2015:12:05:36 +0000] "GET / HTTP/1.1" 200 37932 "-" "Mozilla/5.0 (compatible; Googlebot/2.1; +http://www.google.com/bot.html)"
157.55.33.114 - - [18/May/2015:12:05:27 +0000] "GET /images/web/2009/banner.png HTTP/1.1" 200 52315 "-" "Mozilla/5.0 (compatible; bingbot/2.0; +http://www.bing.com/bingbot.htm)"
178.255.215.83 - - [18/May/2015:13:05:58 +0000] "GET /projects/firefox-urledit/urledit-screencast.html HTTP/1.1" 304 - "-" "Mozilla/5.0 (compatible; Exabot/3.0 (BiggerBetter); +http://www.exabot.com/go/robot)"
180.76.6.230 - - [18/May/2015:13:05:46 +0000] "GET /robots.txt HTTP/1.1" 200 - "-" "Mozilla/5.0 (Windows NT 5.1; rv:6.0.2) Gecko/20100101 Firefox/6.0.2"
66.249.73.135 - - [18/May/2015:13:05:07 +0000] "GET /articles/arp-security/ HTTP/1.1" 200 19735 "-" "Mozilla/5.0 (iPhone; CPU iPhone OS 6_0 like Mac OS X) AppleWebKit/536.26 (KHTML, like Gecko) Version/6.0 Mobile/10A5376e Safari/8536.25 (compatible; Googlebot/2.1; +http://www.google.com/bot.html)"
180.76.5.39 - - [18/May/2015:13:05:09 +0000] "GET /scripts/?C=M;O=A HTTP/1.1" 200 21894 "-" "Mozilla/5.0 (compatible; Baiduspider/2.0; +http://www.baidu.com/search/spider.html)"
66.249.73.135 - - [18/May/2015:13:05:50 +0000] "GET /articles/ppp-over-ssh/ HTTP/1.1" 200 18586 "-" "Mozilla/5.0 (iPhone; CPU iPhone OS 6_0 like Mac OS X) AppleWebKit/536.26 (KHTML, like Gecko) Version/6.0 Mobile/10A5376e Safari/8536.25 (compatible; Googlebot/2.1; +http://www.google.com/bot.html)"
157.56.92.151 - - [18/May/2015:13:05:22 +0000] "GET /images/howbasicworks.gif HTTP/1.1" 200 29707 "-" "Mozilla/5.0 (compatible; bingbot/2.0; +http://www.bing.com/bingbot.htm)"
66.249.73.135 - - [18/May/2015:13:05:10 +0000] "GET /blog/geekery/impulse-driven-computing.html HTTP/1.1" 200 10167 "-" "Mozilla/5.0 (compatible; Googlebot/2.1; +http://www.google.com/bot.html)"
