Znalezione wpisy dotycz�ce robot�w internetowych:
83.149.9.216 - - [17/May/2015:10:05:57 +0000] "GET /presentations/logstash-monitorama-2013/css/fonts/Roboto-Bold.ttf HTTP/1.1" 200 38720 "http://semicomplete.com/presentations/logstash-monitorama-2013/" "Mozilla/5.0 (Macintosh; Intel Mac OS X 10_9_1) AppleWebKit/537.36 (KHTML, like Gecko) Chrome/32.0.1700.77 Safari/537.36"
83.149.9.216 - - [17/May/2015:10:05:50 +0000] "GET /presentations/logstash-monitorama-2013/css/fonts/Roboto-Regular.ttf HTTP/1.1" 200 41820 "http://semicomplete.com/presentations/logstash-monitorama-2013/" "Mozilla/5.0 (Macintosh; Intel Mac OS X 10_9_1) AppleWebKit/537.36 (KHTML, like Gecko) Chrome/32.0.1700.77 Safari/537.36"
66.249.73.135 - - [17/May/2015:10:05:40 +0000] "GET /blog/tags/ipv6 HTTP/1.1" 200 12251 "-" "Mozilla/5.0 (iPhone; CPU iPhone OS 6_0 like Mac OS X) AppleWebKit/536.26 (KHTML, like Gecko) Version/6.0 Mobile/10A5376e Safari/8536.25 (compatible; Googlebot/2.1; +http://www.google.com/bot.html)"
66.249.73.185 - - [17/May/2015:10:05:37 +0000] "GET / HTTP/1.1" 200 37932 "-" "Mozilla/5.0 (compatible; Googlebot/2.1; +http://www.google.com/bot.html)"
123.125.71.35 - - [17/May/2015:10:05:46 +0000] "GET /blog/tags/release HTTP/1.1" 200 40693 "-" "Mozilla/5.0 (compatible; Baiduspider/2.0; +http://www.baidu.com/search/spider.html)"
207.241.237.225 - - [17/May/2015:10:05:58 +0000] "GET /blog/tags/examples HTTP/1.0" 200 9208 "http://www.semicomplete.com/blog/tags/C" "Mozilla/5.0 (compatible; archive.org_bot +http://www.archive.org/details/archive.org_bot)"
66.249.73.135 - - [17/May/2015:10:05:16 +0000] "GET /blog/tags/munin HTTP/1.1" 200 9746 "-" "Mozilla/5.0 (compatible; Googlebot/2.1; +http://www.google.com/bot.html)"
66.249.73.135 - - [17/May/2015:10:05:33 +0000] "GET /blog/tags/firefox?flav=rss20 HTTP/1.1" 200 16021 "-" "Mozilla/5.0 (compatible; Googlebot/2.1; +http://www.google.com/bot.html)"
66.249.73.135 - - [17/May/2015:10:05:17 +0000] "GET /blog/geekery/eventdb-ideas.html HTTP/1.1" 200 11418 "-" "Mozilla/5.0 (iPhone; CPU iPhone OS 6_0 like Mac OS X) AppleWebKit/536.26 (KHTML, like Gecko) Version/6.0 Mobile/10A5376e Safari/8536.25 (compatible; Googlebot/2.1; +http://www.google.com/bot.html)"
207.241.237.220 - - [17/May/2015:10:05:28 +0000] "GET /blog/tags/projects HTTP/1.0" 200 28370 "http://www.semicomplete.com/blog/tags/C" "Mozilla/5.0 (compatible; archive.org_bot +http://www.archive.org/details/archive.org_bot)"
207.241.237.227 - - [17/May/2015:10:05:47 +0000] "GET /blog/geekery/soekris-gpio.html HTTP/1.0" 200 9587 "http://www.semicomplete.com/blog/tags/C" "Mozilla/5.0 (compatible; archive.org_bot +http://www.archive.org/details/archive.org_bot)"
66.249.73.185 - - [17/May/2015:10:05:22 +0000] "GET /doc/index.html?org/elasticsearch/action/search/SearchResponse.html HTTP/1.1" 404 294 "-" "Mozilla/5.0 (compatible; Googlebot/2.1; +http://www.google.com/bot.html)"
207.241.237.228 - - [17/May/2015:10:05:40 +0000] "GET /blog/tags/defcon HTTP/1.0" 200 24142 "http://www.semicomplete.com/blog/tags/C" "Mozilla/5.0 (compatible; archive.org_bot +http://www.archive.org/details/archive.org_bot)"
207.241.237.101 - - [17/May/2015:10:05:51 +0000] "GET /blog/tags/regex HTTP/1.0" 200 14888 "http://www.semicomplete.com/blog/tags/C" "Mozilla/5.0 (compatible; archive.org_bot +http://www.archive.org/details/archive.org_bot)"
66.249.73.135 - - [17/May/2015:11:05:17 +0000] "GET /blog/geekery/vmware-cpu-performance.html HTTP/1.1" 200 12908 "-" "Mozilla/5.0 (iPhone; CPU iPhone OS 6_0 like Mac OS X) AppleWebKit/536.26 (KHTML, like Gecko) Version/6.0 Mobile/10A5376e Safari/8536.25 (compatible; Googlebot/2.1; +http://www.google.com/bot.html)"
218.30.103.62 - - [17/May/2015:11:05:11 +0000] "GET /robots.txt HTTP/1.1" 200 - "-" "Sogou web spider/4.0(+http://www.sogou.com/docs/help/webmasters.htm#07)"
218.30.103.62 - - [17/May/2015:11:05:46 +0000] "GET /robots.txt HTTP/1.1" 200 - "-" "Sogou web spider/4.0(+http://www.sogou.com/docs/help/webmasters.htm#07)"
218.30.103.62 - - [17/May/2015:11:05:45 +0000] "GET /projects/fex/ HTTP/1.1" 200 14352 "-" "Sogou web spider/4.0(+http://www.sogou.com/docs/help/webmasters.htm#07)"
218.30.103.62 - - [17/May/2015:11:05:17 +0000] "GET /projects/xdotool/xdotool.xhtml HTTP/1.1" 304 - "-" "Sogou web spider/4.0(+http://www.sogou.com/docs/help/webmasters.htm#07)"
218.30.103.62 - - [17/May/2015:11:05:37 +0000] "GET /blog/geekery/c-vs-python-bdb.html HTTP/1.1" 200 11388 "-" "Sogou web spider/4.0(+http://www.sogou.com/docs/help/webmasters.htm#07)"
218.30.103.62 - - [17/May/2015:11:05:39 +0000] "GET /blog/productivity/better-zsh-xterm-title-fix.html HTTP/1.1" 200 10185 "-" "Sogou web spider/4.0(+http://www.sogou.com/docs/help/webmasters.htm#07)"
218.30.103.62 - - [17/May/2015:11:05:11 +0000] "GET /blog/geekery/xvfb-firefox.html HTTP/1.1" 200 10975 "-" "Sogou web spider/4.0(+http://www.sogou.com/docs/help/webmasters.htm#07)"
218.30.103.62 - - [17/May/2015:11:05:00 +0000] "GET /blog/geekery/puppet-facts-into-mcollective.html HTTP/1.1" 200 9872 "-" "Sogou web spider/4.0(+http://www.sogou.com/docs/help/webmasters.htm#07)"
218.30.103.62 - - [17/May/2015:11:05:28 +0000] "GET /blog/geekery/jquery-interface-puffer.html%20target= HTTP/1.1" 200 202 "-" "Sogou web spider/4.0(+http://www.sogou.com/docs/help/webmasters.htm#07)"
218.30.103.62 - - [17/May/2015:11:05:05 +0000] "GET /blog/geekery/ec2-reserved-vs-ondemand.html HTTP/1.1" 200 11834 "-" "Sogou web spider/4.0(+http://www.sogou.com/docs/help/webmasters.htm#07)"
66.249.73.135 - - [17/May/2015:11:05:31 +0000] "GET /blog/web/firefox-scrolling-fix.html HTTP/1.1" 200 8956 "-" "Mozilla/5.0 (iPhone; CPU iPhone OS 6_0 like Mac OS X) AppleWebKit/536.26 (KHTML, like Gecko) Version/6.0 Mobile/10A5376e Safari/8536.25 (compatible; Googlebot/2.1; +http://www.google.com/bot.html)"
66.249.73.135 - - [17/May/2015:11:05:58 +0000] "GET /blog/tags/bdb HTTP/1.1" 200 23099 "-" "DoCoMo/2.0 N905i(c100;TB;W24H16) (compatible; Googlebot-Mobile/2.1; +http://www.google.com/bot.html)"
174.37.205.76 - - [17/May/2015:11:05:19 +0000] "GET /blog HTTP/1.1" 200 37936 "-" "Mozilla/5.0 (X11; U; Linux x86_64; en-US; rv:1.9.0.19; aggregator:Spinn3r (Spinn3r 3.1); http://spinn3r.com/robot) Gecko/2010040121 Firefox/3.0.19"
66.249.73.135 - - [17/May/2015:11:05:26 +0000] "GET /?flav=atom HTTP/1.1" 200 32352 "-" "Mozilla/5.0 (compatible; Googlebot/2.1; +http://www.google.com/bot.html)"
207.241.237.220 - - [17/May/2015:11:05:24 +0000] "GET /blog/tags/C?page=2 HTTP/1.0" 200 16311 "http://www.semicomplete.com/blog/tags/C" "Mozilla/5.0 (compatible; archive.org_bot +http://www.archive.org/details/archive.org_bot)"
66.249.73.135 - - [17/May/2015:11:05:00 +0000] "GET /?flav=rss20 HTTP/1.1" 200 29941 "-" "Mozilla/5.0 (compatible; Googlebot/2.1; +http://www.google.com/bot.html)"
123.125.71.117 - - [17/May/2015:11:05:16 +0000] "GET / HTTP/1.1" 200 36824 "-" "Mozilla/5.0 (compatible; Baiduspider/2.0; +http://www.baidu.com/search/spider.html)"
220.181.108.153 - - [17/May/2015:11:05:09 +0000] "GET / HTTP/1.1" 200 36824 "-" "Mozilla/5.0 (compatible; Baiduspider/2.0; +http://www.baidu.com/search/spider.html)"
66.249.73.135 - - [17/May/2015:11:05:32 +0000] "GET /blog/geekery/rhapsody-on-linux.html HTTP/1.1" 200 9109 "-" "Mozilla/5.0 (iPhone; CPU iPhone OS 6_0 like Mac OS X) AppleWebKit/536.26 (KHTML, like Gecko) Version/6.0 Mobile/10A5376e Safari/8536.25 (compatible; Googlebot/2.1; +http://www.google.com/bot.html)"
5.102.173.71 - - [17/May/2015:11:05:13 +0000] "GET /robots.txt HTTP/1.1" 200 - "-" "Mozilla/5.0 (compatible; MojeekBot/0.6; http://www.mojeek.com/bot.html)"
5.102.173.71 - - [17/May/2015:11:05:06 +0000] "GET /projects/xdotool/ HTTP/1.1" 200 12292 "-" "Mozilla/5.0 (compatible; MojeekBot/0.6; http://www.mojeek.com/bot.html)"
66.249.73.185 - - [17/May/2015:11:05:58 +0000] "GET /presentations/logstash-1/ HTTP/1.1" 304 - "-" "Mozilla/5.0 (compatible; Googlebot/2.1; +http://www.google.com/bot.html)"
66.249.73.135 - - [17/May/2015:11:05:14 +0000] "GET /blog/geekery/xdotool-2.20110530.html HTTP/1.1" 200 11936 "-" "Mozilla/5.0 (iPhone; CPU iPhone OS 6_0 like Mac OS X) AppleWebKit/536.26 (KHTML, like Gecko) Version/6.0 Mobile/10A5376e Safari/8536.25 (compatible; Googlebot/2.1; +http://www.google.com/bot.html)"
220.241.45.142 - - [17/May/2015:12:05:07 +0000] "GET /robots.txt HTTP/1.0" 200 - "-" "Mozilla/5.0 (compatible; MJ12bot/v1.4.4; http://www.majestic12.co.uk/bot.php?+)"
220.241.45.142 - - [17/May/2015:12:05:30 +0000] "GET /projects/firefox-tabsearch/ HTTP/1.0" 200 9661 "-" "Mozilla/5.0 (compatible; MJ12bot/v1.4.4; http://www.majestic12.co.uk/bot.php?+)"
66.249.73.135 - - [17/May/2015:12:05:28 +0000] "GET /blog/tags/noise HTTP/1.1" 200 8985 "-" "Mozilla/5.0 (compatible; Googlebot/2.1; +http://www.google.com/bot.html)"
178.255.215.83 - - [17/May/2015:12:05:47 +0000] "GET /blog/projects/xmlpresenter/main.html HTTP/1.1" 200 11628 "-" "Mozilla/5.0 (compatible; Exabot/3.0 (BiggerBetter); +http://www.exabot.com/go/robot)"
66.249.73.135 - - [17/May/2015:12:05:09 +0000] "GET /blog/tags/linux HTTP/1.1" 200 29219 "-" "Mozilla/5.0 (iPhone; CPU iPhone OS 6_0 like Mac OS X) AppleWebKit/536.26 (KHTML, like Gecko) Version/6.0 Mobile/10A5376e Safari/8536.25 (compatible; Googlebot/2.1; +http://www.google.com/bot.html)"
100.43.83.137 - - [17/May/2015:12:05:42 +0000] "GET /images/webhits-2.png HTTP/1.1" 304 - "-" "Mozilla/5.0 (compatible; YandexImages/3.0; +http://yandex.com/bots)"
66.249.73.135 - - [17/May/2015:12:05:29 +0000] "GET /blog/geekery/sparsa2006.html HTTP/1.1" 200 25306 "-" "Mozilla/5.0 (iPhone; CPU iPhone OS 6_0 like Mac OS X) AppleWebKit/536.26 (KHTML, like Gecko) Version/6.0 Mobile/10A5376e Safari/8536.25 (compatible; Googlebot/2.1; +http://www.google.com/bot.html)"
94.228.34.233 - - [17/May/2015:12:05:23 +0000] "GET /resume.xml HTTP/1.1" 304 - "-" "magpie-crawler/1.1 (U; Linux amd64; en-GB; +http://www.brandwatch.net)"
207.241.237.102 - - [17/May/2015:12:05:07 +0000] "GET /blog/tags/regexp HTTP/1.0" 200 20513 "http://www.semicomplete.com/blog/tags/C" "Mozilla/5.0 (compatible; archive.org_bot +http://www.archive.org/details/archive.org_bot)"
100.43.83.137 - - [17/May/2015:12:05:05 +0000] "GET /images/proofsocietyisdoomed.png HTTP/1.1" 304 - "-" "Mozilla/5.0 (compatible; YandexImages/3.0; +http://yandex.com/bots)"
66.249.73.135 - - [17/May/2015:12:05:25 +0000] "GET /blog/tags/C HTTP/1.1" 200 37991 "-" "Mozilla/5.0 (iPhone; CPU iPhone OS 6_0 like Mac OS X) AppleWebKit/536.26 (KHTML, like Gecko) Version/6.0 Mobile/10A5376e Safari/8536.25 (compatible; Googlebot/2.1; +http://www.google.com/bot.html)"
180.76.5.27 - - [17/May/2015:12:05:09 +0000] "GET /misc/rcfiles/ion3/look_simpleblue.lua HTTP/1.1" 200 3179 "-" "Mozilla/5.0 (compatible; Baiduspider/2.0; +http://www.baidu.com/search/spider.html)"
173.192.238.41 - - [17/May/2015:12:05:44 +0000] "GET /blog HTTP/1.1" 200 37936 "-" "Mozilla/5.0 (X11; U; Linux x86_64; en-US; rv:1.9.0.19; aggregator:Spinn3r (Spinn3r 3.1); http://spinn3r.com/robot) Gecko/2010040121 Firefox/3.0.19"
66.249.73.135 - - [17/May/2015:13:05:53 +0000] "GET /blog/tags/xpathtool HTTP/1.1" 200 12150 "-" "Mozilla/5.0 (iPhone; CPU iPhone OS 6_0 like Mac OS X) AppleWebKit/536.26 (KHTML, like Gecko) Version/6.0 Mobile/10A5376e Safari/8536.25 (compatible; Googlebot/2.1; +http://www.google.com/bot.html)"
100.43.83.137 - - [17/May/2015:13:05:48 +0000] "GET /files/blogposts/20090105/ff3linux.png HTTP/1.1" 304 - "-" "Mozilla/5.0 (compatible; YandexImages/3.0; +http://yandex.com/bots)"
207.241.237.101 - - [17/May/2015:13:05:03 +0000] "GET /files/blogposts/20080107/oniguruma_named_captures.c HTTP/1.0" 200 2056 "http://www.semicomplete.com/blog/tags/C" "Mozilla/5.0 (compatible; archive.org_bot +http://www.archive.org/details/archive.org_bot)"
207.241.237.223 - - [17/May/2015:13:05:41 +0000] "GET /files/blogposts/20080106/glow.c HTTP/1.0" 200 1921 "http://www.semicomplete.com/blog/tags/C" "Mozilla/5.0 (compatible; archive.org_bot +http://www.archive.org/details/archive.org_bot)"
199.16.156.126 - - [17/May/2015:13:05:36 +0000] "GET /robots.txt HTTP/1.1" 200 - "-" "Twitterbot/1.0"
199.16.156.125 - - [17/May/2015:13:05:08 +0000] "GET /files/lumberjack/lumberjack-0.3.0.exe HTTP/1.1" 200 4378624 "-" "Twitterbot/1.0"
207.241.237.226 - - [17/May/2015:13:05:33 +0000] "GET /blog/geekery/overriding-shared-library-functions.html HTTP/1.0" 200 9108 "http://www.semicomplete.com/blog/tags/C" "Mozilla/5.0 (compatible; archive.org_bot +http://www.archive.org/details/archive.org_bot)"
207.241.237.104 - - [17/May/2015:13:05:29 +0000] "GET /blog/tags/net4501 HTTP/1.0" 200 11756 "http://www.semicomplete.com/blog/tags/C" "Mozilla/5.0 (compatible; archive.org_bot +http://www.archive.org/details/archive.org_bot)"
66.249.73.135 - - [17/May/2015:13:05:59 +0000] "GET /blog/tags/scale HTTP/1.1" 200 9746 "-" "Mozilla/5.0 (compatible; Googlebot/2.1; +http://www.google.com/bot.html)"
180.76.6.156 - - [17/May/2015:13:05:58 +0000] "GET /files/hello/?C=M;O=A HTTP/1.1" 200 1127 "-" "Mozilla/5.0 (compatible; Baiduspider/2.0; +http://www.baidu.com/search/spider.html)"
66.249.73.135 - - [17/May/2015:13:05:29 +0000] "GET /blog/tags/firefox?flav=rss20 HTTP/1.1" 200 16021 "-" "Mozilla/5.0 (compatible; Googlebot/2.1; +http://www.google.com/bot.html)"
100.43.83.137 - - [17/May/2015:13:05:42 +0000] "GET /blog/tags/rdbms HTTP/1.1" 200 8909 "-" "Mozilla/5.0 (compatible; YandexBot/3.0; +http://yandex.com/bots)"
217.69.133.70 - - [17/May/2015:14:05:08 +0000] "GET /robots.txt HTTP/1.1" 200 - "-" "Mozilla/5.0 (compatible; Linux x86_64; Mail.RU_Bot/2.0; +http://go.mail.ru/help/robots)"
217.69.133.237 - - [17/May/2015:14:05:12 +0000] "GET /blog/geekery/devopsdays-2010.html HTTP/1.1" 200 10087 "-" "Mozilla/5.0 (compatible; Linux x86_64; Mail.RU_Bot/2.0; +http://go.mail.ru/help/robots)"
65.55.213.79 - - [17/May/2015:14:05:37 +0000] "GET /?page=2 HTTP/1.1" 200 36673 "-" "msnbot/2.0b (+http://search.msn.com/msnbot.htm)"
65.55.213.73 - - [17/May/2015:14:05:55 +0000] "GET /resume.xml HTTP/1.1" 200 25606 "-" "msnbot/2.0b (+http://search.msn.com/msnbot.htm)"
65.55.213.73 - - [17/May/2015:14:05:53 +0000] "GET /articles/openldap-with-saslauthd/ HTTP/1.1" 200 12700 "-" "msnbot/2.0b (+http://search.msn.com/msnbot.htm)"
65.55.213.73 - - [17/May/2015:14:05:44 +0000] "GET /projects/liboverride HTTP/1.1" 301 335 "-" "msnbot/2.0b (+http://search.msn.com/msnbot.htm)"
65.55.213.73 - - [17/May/2015:14:05:45 +0000] "GET /projects/liboverride/ HTTP/1.1" 200 12909 "-" "msnbot/2.0b (+http://search.msn.com/msnbot.htm)"
65.55.213.73 - - [17/May/2015:14:05:15 +0000] "GET /presentations/security HTTP/1.1" 301 337 "-" "msnbot/2.0b (+http://search.msn.com/msnbot.htm)"
65.55.213.73 - - [17/May/2015:14:05:54 +0000] "GET /presentations/security/ HTTP/1.1" 200 38217 "-" "msnbot/2.0b (+http://search.msn.com/msnbot.htm)"
65.55.213.73 - - [17/May/2015:14:05:01 +0000] "GET /presentations/hackday08 HTTP/1.1" 301 338 "-" "msnbot/2.0b (+http://search.msn.com/msnbot.htm)"
65.55.213.73 - - [17/May/2015:14:05:24 +0000] "GET /presentations/hackday08/ HTTP/1.1" 200 2817 "-" "msnbot/2.0b (+http://search.msn.com/msnbot.htm)"
65.55.213.73 - - [17/May/2015:14:05:16 +0000] "GET /projects/keynav HTTP/1.1" 301 330 "-" "msnbot/2.0b (+http://search.msn.com/msnbot.htm)"
65.55.213.73 - - [17/May/2015:14:05:00 +0000] "GET /projects/keynav/ HTTP/1.1" 200 18985 "-" "msnbot/2.0b (+http://search.msn.com/msnbot.htm)"
65.55.213.74 - - [17/May/2015:14:05:24 +0000] "GET /presentations/hackday06 HTTP/1.1" 301 338 "-" "msnbot/2.0b (+http://search.msn.com/msnbot.htm)"
65.55.213.74 - - [17/May/2015:14:05:17 +0000] "GET /presentations/hackday06/ HTTP/1.1" 200 6719 "-" "msnbot/2.0b (+http://search.msn.com/msnbot.htm)"
65.55.213.74 - - [17/May/2015:14:05:59 +0000] "GET /scripts HTTP/1.1" 301 322 "-" "msnbot/2.0b (+http://search.msn.com/msnbot.htm)"
65.55.213.74 - - [17/May/2015:14:05:48 +0000] "GET /scripts/ HTTP/1.1" 200 21890 "-" "msnbot/2.0b (+http://search.msn.com/msnbot.htm)"
65.55.213.74 - - [17/May/2015:14:05:55 +0000] "GET /articles/dynamic-dns-with-dhcp/ HTTP/1.1" 200 18848 "-" "msnbot/2.0b (+http://search.msn.com/msnbot.htm)"
65.55.213.74 - - [17/May/2015:14:05:38 +0000] "GET /projects/grok HTTP/1.1" 301 337 "-" "msnbot/2.0b (+http://search.msn.com/msnbot.htm)"
65.55.213.74 - - [17/May/2015:14:05:34 +0000] "GET /projects/xpathtool HTTP/1.1" 301 333 "-" "msnbot/2.0b (+http://search.msn.com/msnbot.htm)"
65.55.213.74 - - [17/May/2015:14:05:46 +0000] "GET /projects/xpathtool/ HTTP/1.1" 200 10745 "-" "msnbot/2.0b (+http://search.msn.com/msnbot.htm)"
65.55.213.74 - - [17/May/2015:14:05:17 +0000] "GET /projects/xmlpresenter HTTP/1.1" 301 336 "-" "msnbot/2.0b (+http://search.msn.com/msnbot.htm)"
65.55.213.74 - - [17/May/2015:14:05:56 +0000] "GET /projects/xmlpresenter/ HTTP/1.1" 200 11628 "-" "msnbot/2.0b (+http://search.msn.com/msnbot.htm)"
65.55.213.74 - - [17/May/2015:14:05:28 +0000] "GET /projects HTTP/1.1" 301 323 "-" "msnbot/2.0b (+http://search.msn.com/msnbot.htm)"
65.55.213.74 - - [17/May/2015:14:05:48 +0000] "GET /projects/ HTTP/1.1" 200 10927 "-" "msnbot/2.0b (+http://search.msn.com/msnbot.htm)"
65.55.213.74 - - [17/May/2015:14:05:53 +0000] "GET /projects/xboxproxy HTTP/1.1" 301 333 "-" "msnbot/2.0b (+http://search.msn.com/msnbot.htm)"
65.55.213.74 - - [17/May/2015:14:05:09 +0000] "GET /projects/xboxproxy/ HTTP/1.1" 200 13171 "-" "msnbot/2.0b (+http://search.msn.com/msnbot.htm)"
65.55.213.74 - - [17/May/2015:14:05:05 +0000] "GET /projects/solaudio HTTP/1.1" 301 332 "-" "msnbot/2.0b (+http://search.msn.com/msnbot.htm)"
65.55.213.74 - - [17/May/2015:14:05:25 +0000] "GET /projects/solaudio/ HTTP/1.1" 200 8301 "-" "msnbot/2.0b (+http://search.msn.com/msnbot.htm)"
65.55.213.79 - - [17/May/2015:14:05:21 +0000] "GET /about/ HTTP/1.1" 200 11474 "-" "msnbot/2.0b (+http://search.msn.com/msnbot.htm)"
65.55.213.79 - - [17/May/2015:14:05:05 +0000] "GET /articles/arp-security/ HTTP/1.1" 200 19735 "-" "msnbot/2.0b (+http://search.msn.com/msnbot.htm)"
65.55.213.79 - - [17/May/2015:14:05:55 +0000] "GET /articles/efficiency/ HTTP/1.1" 200 36398 "-" "msnbot/2.0b (+http://search.msn.com/msnbot.htm)"
65.55.213.79 - - [17/May/2015:14:05:04 +0000] "GET /projects/pmbackup HTTP/1.1" 301 332 "-" "msnbot/2.0b (+http://search.msn.com/msnbot.htm)"
65.55.213.79 - - [17/May/2015:14:05:10 +0000] "GET /projects/pmbackup/ HTTP/1.1" 200 15945 "-" "msnbot/2.0b (+http://search.msn.com/msnbot.htm)"
65.55.213.79 - - [17/May/2015:14:05:42 +0000] "GET /projects/nis2ldap HTTP/1.1" 301 332 "-" "msnbot/2.0b (+http://search.msn.com/msnbot.htm)"
65.55.213.73 - - [17/May/2015:14:05:25 +0000] "GET /projects/nis2ldap/ HTTP/1.1" 200 8352 "-" "msnbot/2.0b (+http://search.msn.com/msnbot.htm)"
65.55.213.73 - - [17/May/2015:14:05:58 +0000] "GET /articles/week-of-unix-tools/ HTTP/1.1" 200 9313 "-" "msnbot/2.0b (+http://search.msn.com/msnbot.htm)"
65.55.213.73 - - [17/May/2015:14:05:06 +0000] "GET /projects/newpsm HTTP/1.1" 301 330 "-" "msnbot/2.0b (+http://search.msn.com/msnbot.htm)"
65.55.213.73 - - [17/May/2015:14:05:03 +0000] "GET /projects/newpsm/ HTTP/1.1" 200 19964 "-" "msnbot/2.0b (+http://search.msn.com/msnbot.htm)"
65.55.213.73 - - [17/May/2015:14:05:25 +0000] "GET /projects/firefox-urledit HTTP/1.1" 301 339 "-" "msnbot/2.0b (+http://search.msn.com/msnbot.htm)"
65.55.213.73 - - [17/May/2015:14:05:31 +0000] "GET /projects/firefox-urledit/ HTTP/1.1" 200 9258 "-" "msnbot/2.0b (+http://search.msn.com/msnbot.htm)"
65.55.213.73 - - [17/May/2015:14:05:26 +0000] "GET /articles HTTP/1.1" 301 323 "-" "msnbot/2.0b (+http://search.msn.com/msnbot.htm)"
65.55.213.73 - - [17/May/2015:14:05:34 +0000] "GET /articles/ HTTP/1.1" 200 9981 "-" "msnbot/2.0b (+http://search.msn.com/msnbot.htm)"
65.55.213.73 - - [17/May/2015:14:05:33 +0000] "GET /articles/ssh-security/ HTTP/1.1" 200 16543 "-" "msnbot/2.0b (+http://search.msn.com/msnbot.htm)"
65.55.213.73 - - [17/May/2015:14:05:11 +0000] "GET /projects/firefox-tabsearch HTTP/1.1" 301 341 "-" "msnbot/2.0b (+http://search.msn.com/msnbot.htm)"
65.55.213.73 - - [17/May/2015:14:05:50 +0000] "GET /projects/firefox-tabsearch/ HTTP/1.1" 200 9661 "-" "msnbot/2.0b (+http://search.msn.com/msnbot.htm)"
65.55.213.73 - - [17/May/2015:14:05:44 +0000] "GET /projects/pam_captcha HTTP/1.1" 301 335 "-" "msnbot/2.0b (+http://search.msn.com/msnbot.htm)"
65.55.213.73 - - [17/May/2015:14:05:28 +0000] "GET /projects/pam_captcha/ HTTP/1.1" 200 10514 "-" "msnbot/2.0b (+http://search.msn.com/msnbot.htm)"
65.55.213.73 - - [17/May/2015:14:05:39 +0000] "GET /articles/ppp-over-ssh/ HTTP/1.1" 200 18586 "-" "msnbot/2.0b (+http://search.msn.com/msnbot.htm)"
65.55.213.73 - - [17/May/2015:14:05:38 +0000] "GET /projects/xdotool HTTP/1.1" 301 331 "-" "msnbot/2.0b (+http://search.msn.com/msnbot.htm)"
65.55.213.73 - - [17/May/2015:14:05:05 +0000] "GET /projects/xdotool/ HTTP/1.1" 200 12292 "-" "msnbot/2.0b (+http://search.msn.com/msnbot.htm)"
65.55.213.73 - - [17/May/2015:14:05:48 +0000] "GET /presentations/vim HTTP/1.1" 301 332 "-" "msnbot/2.0b (+http://search.msn.com/msnbot.htm)"
207.241.237.102 - - [17/May/2015:14:05:33 +0000] "GET /icons/text.gif HTTP/1.0" 200 229 "http://www.semicomplete.com/scripts/" "Mozilla/5.0 (compatible; special_archiver/3.1.1 +http://www.archive.org/details/archive.org_bot)"
65.55.213.73 - - [17/May/2015:14:05:30 +0000] "GET /presentations/vim/ HTTP/1.1" 200 20572 "-" "msnbot/2.0b (+http://search.msn.com/msnbot.htm)"
65.55.213.73 - - [17/May/2015:14:05:35 +0000] "GET /projects/fex HTTP/1.1" 301 327 "-" "msnbot/2.0b (+http://search.msn.com/msnbot.htm)"
65.55.213.73 - - [17/May/2015:14:05:00 +0000] "GET /projects/fex/ HTTP/1.1" 200 14352 "-" "msnbot/2.0b (+http://search.msn.com/msnbot.htm)"
65.55.213.73 - - [17/May/2015:14:05:35 +0000] "GET /presentations/unix-basics HTTP/1.1" 301 340 "-" "msnbot/2.0b (+http://search.msn.com/msnbot.htm)"
65.55.213.73 - - [17/May/2015:14:05:16 +0000] "GET /presentations/unix-basics/ HTTP/1.1" 200 38555 "-" "msnbot/2.0b (+http://search.msn.com/msnbot.htm)"
65.55.213.73 - - [17/May/2015:14:05:34 +0000] "GET /presentations/semantic-blogging HTTP/1.1" 301 346 "-" "msnbot/2.0b (+http://search.msn.com/msnbot.htm)"
65.55.213.73 - - [17/May/2015:14:05:09 +0000] "GET /presentations/semantic-blogging/ HTTP/1.1" 200 6649 "-" "msnbot/2.0b (+http://search.msn.com/msnbot.htm)"
207.241.237.226 - - [17/May/2015:14:05:57 +0000] "GET /icons/back.gif HTTP/1.0" 200 216 "http://www.semicomplete.com/scripts/" "Mozilla/5.0 (compatible; special_archiver/3.1.1 +http://www.archive.org/details/archive.org_bot)"
217.212.224.183 - - [17/May/2015:14:05:30 +0000] "GET /robots.txt HTTP/1.0" 200 - "-" "psbot/0.1 (+http://www.picsearch.com/bot.html)"
217.212.224.181 - - [17/May/2015:14:05:43 +0000] "GET /blog/projects/xmlpresenter/main.html HTTP/1.0" 200 11628 "-" "psbot/0.1 (+http://www.picsearch.com/bot.html)"
65.55.213.73 - - [17/May/2015:14:05:39 +0000] "GET /blog/tags/project HTTP/1.1" 200 29189 "-" "msnbot/2.0b (+http://search.msn.com/msnbot.htm)"
65.55.213.73 - - [17/May/2015:14:05:22 +0000] "GET /blog/tags/release HTTP/1.1" 200 40693 "-" "msnbot/2.0b (+http://search.msn.com/msnbot.htm)"
65.55.213.73 - - [17/May/2015:14:05:13 +0000] "GET /blog/tags/xdotool HTTP/1.1" 200 44297 "-" "msnbot/2.0b (+http://search.msn.com/msnbot.htm)"
65.55.213.73 - - [17/May/2015:14:05:51 +0000] "GET /blog/geekery/disabling-battery-in-ubuntu-vms.html HTTP/1.1" 200 9316 "-" "msnbot/2.0b (+http://search.msn.com/msnbot.htm)"
65.55.213.73 - - [17/May/2015:14:05:46 +0000] "GET /blog/tags/debugging HTTP/1.1" 200 24083 "-" "msnbot/2.0b (+http://search.msn.com/msnbot.htm)"
65.55.213.73 - - [17/May/2015:15:05:11 +0000] "GET /blog/tags/assert HTTP/1.1" 200 9514 "-" "msnbot/2.0b (+http://search.msn.com/msnbot.htm)"
65.55.213.73 - - [17/May/2015:15:05:49 +0000] "GET /blog/tags/C HTTP/1.1" 200 37991 "-" "msnbot/2.0b (+http://search.msn.com/msnbot.htm)"
217.212.224.181 - - [17/May/2015:15:05:44 +0000] "GET /demo/jquery-magicpuff.html HTTP/1.0" 304 - "-" "psbot/0.1 (+http://www.picsearch.com/bot.html)"
65.55.213.73 - - [17/May/2015:15:05:42 +0000] "GET /blog/tags/tf2 HTTP/1.1" 200 10021 "-" "msnbot/2.0b (+http://search.msn.com/msnbot.htm)"
65.55.213.73 - - [17/May/2015:15:05:27 +0000] "GET /blog/tags/Xlib HTTP/1.1" 200 25745 "-" "msnbot/2.0b (+http://search.msn.com/msnbot.htm)"
65.55.213.73 - - [17/May/2015:15:05:44 +0000] "GET /blog/tags/year%20review HTTP/1.1" 200 34590 "-" "msnbot/2.0b (+http://search.msn.com/msnbot.htm)"
65.55.213.73 - - [17/May/2015:15:05:01 +0000] "GET /blog/geekery/year-in-review-2011.html HTTP/1.1" 200 11118 "-" "msnbot/2.0b (+http://search.msn.com/msnbot.htm)"
65.55.213.73 - - [17/May/2015:15:05:44 +0000] "GET /blog/geekery/xdotool-2.20110530.html HTTP/1.1" 200 11936 "-" "msnbot/2.0b (+http://search.msn.com/msnbot.htm)"
65.55.213.73 - - [17/May/2015:15:05:01 +0000] "GET /blog/tags/tools HTTP/1.1" 200 26510 "-" "msnbot/2.0b (+http://search.msn.com/msnbot.htm)"
65.55.213.73 - - [17/May/2015:15:05:50 +0000] "GET /blog/geekery/solving-good-or-bad-problems.html HTTP/1.1" 200 10756 "-" "msnbot/2.0b (+http://search.msn.com/msnbot.htm)"
65.55.213.74 - - [17/May/2015:15:05:55 +0000] "GET /blog/tags/windows HTTP/1.1" 200 16691 "-" "msnbot/2.0b (+http://search.msn.com/msnbot.htm)"
65.55.213.74 - - [17/May/2015:15:05:32 +0000] "GET /blog/tags/installer%20failure HTTP/1.1" 200 8948 "-" "msnbot/2.0b (+http://search.msn.com/msnbot.htm)"
65.55.213.74 - - [17/May/2015:15:05:41 +0000] "GET /blog/tags/logstash HTTP/1.1" 200 19007 "-" "msnbot/2.0b (+http://search.msn.com/msnbot.htm)"
65.55.213.74 - - [17/May/2015:15:05:40 +0000] "GET /blog/growing-logstash-value.html HTTP/1.1" 200 11113 "-" "msnbot/2.0b (+http://search.msn.com/msnbot.htm)"
65.55.213.74 - - [17/May/2015:15:05:45 +0000] "GET /blog/tags/logging HTTP/1.1" 200 19423 "-" "msnbot/2.0b (+http://search.msn.com/msnbot.htm)"
65.55.213.74 - - [17/May/2015:15:05:36 +0000] "GET /blog/geekery/CEE-logging-for-profit.html HTTP/1.1" 200 13358 "-" "msnbot/2.0b (+http://search.msn.com/msnbot.htm)"
65.55.213.74 - - [17/May/2015:15:05:34 +0000] "GET /blog/tags/wine HTTP/1.1" 200 10021 "-" "msnbot/2.0b (+http://search.msn.com/msnbot.htm)"
65.55.213.74 - - [17/May/2015:15:05:57 +0000] "GET /blog/geekery/tf2-wine-linux-performance-tuning.html HTTP/1.1" 200 10021 "-" "msnbot/2.0b (+http://search.msn.com/msnbot.htm)"
65.55.213.74 - - [17/May/2015:15:05:15 +0000] "GET /blog/tags/rants HTTP/1.1" 200 39692 "-" "msnbot/2.0b (+http://search.msn.com/msnbot.htm)"
65.55.213.74 - - [17/May/2015:15:05:21 +0000] "GET /blog/tags/X11 HTTP/1.1" 200 32742 "-" "msnbot/2.0b (+http://search.msn.com/msnbot.htm)"
65.55.213.74 - - [17/May/2015:15:05:20 +0000] "GET /blog/tags/open%20source HTTP/1.1" 200 11113 "-" "msnbot/2.0b (+http://search.msn.com/msnbot.htm)"
65.55.213.73 - - [17/May/2015:15:05:57 +0000] "GET /blog/geekery/insist-on-better-asserts.html HTTP/1.1" 200 9514 "-" "msnbot/2.0b (+http://search.msn.com/msnbot.htm)"
65.55.213.73 - - [17/May/2015:15:05:40 +0000] "GET /blog/tags/sysadmin HTTP/1.1" 200 40797 "-" "msnbot/2.0b (+http://search.msn.com/msnbot.htm)"
65.55.213.73 - - [17/May/2015:15:05:13 +0000] "GET /blog/tags/standards HTTP/1.1" 200 13358 "-" "msnbot/2.0b (+http://search.msn.com/msnbot.htm)"
65.55.213.73 - - [17/May/2015:15:05:26 +0000] "GET /blog/tags/linux HTTP/1.1" 200 29219 "-" "msnbot/2.0b (+http://search.msn.com/msnbot.htm)"
65.55.213.73 - - [17/May/2015:15:05:20 +0000] "GET /about/ HTTP/1.1" 200 11474 "-" "msnbot/2.0b (+http://search.msn.com/msnbot.htm)"
65.55.213.73 - - [17/May/2015:15:05:15 +0000] "GET /blog/geekery/installing-windows-8-consumer-preview.html HTTP/1.1" 200 8948 "-" "msnbot/2.0b (+http://search.msn.com/msnbot.htm)"
65.55.213.73 - - [17/May/2015:15:05:49 +0000] "GET /blog/tags/ruby HTTP/1.1" 200 35904 "-" "msnbot/2.0b (+http://search.msn.com/msnbot.htm)"
65.55.213.73 - - [17/May/2015:15:05:46 +0000] "GET /blog/geekery/logstash-1.0.0-release.html HTTP/1.1" 200 8764 "-" "msnbot/2.0b (+http://search.msn.com/msnbot.htm)"
65.55.213.73 - - [17/May/2015:15:05:04 +0000] "GET /blog/tags/management HTTP/1.1" 200 8764 "-" "msnbot/2.0b (+http://search.msn.com/msnbot.htm)"
65.55.213.73 - - [17/May/2015:15:05:30 +0000] "GET /blog/tags/log HTTP/1.1" 200 8764 "-" "msnbot/2.0b (+http://search.msn.com/msnbot.htm)"
207.241.237.227 - - [17/May/2015:15:05:19 +0000] "GET /icons/blank.gif HTTP/1.0" 200 148 "http://www.semicomplete.com/scripts/" "Mozilla/5.0 (compatible; special_archiver/3.1.1 +http://www.archive.org/details/archive.org_bot)"
217.212.224.181 - - [17/May/2015:15:05:58 +0000] "GET /blog/tags/graphs HTTP/1.0" 200 25853 "-" "psbot/0.1 (+http://www.picsearch.com/bot.html)"
207.241.237.227 - - [17/May/2015:15:05:17 +0000] "GET /icons/folder.gif HTTP/1.0" 200 225 "http://www.semicomplete.com/scripts/" "Mozilla/5.0 (compatible; special_archiver/3.1.1 +http://www.archive.org/details/archive.org_bot)"
173.192.238.58 - - [17/May/2015:15:05:07 +0000] "GET /blog HTTP/1.1" 200 37936 "-" "Mozilla/5.0 (X11; U; Linux x86_64; en-US; rv:1.9.0.19; aggregator:Spinn3r (Spinn3r 3.1); http://spinn3r.com/robot) Gecko/2010040121 Firefox/3.0.19"
217.212.224.181 - - [17/May/2015:15:05:40 +0000] "GET /blog/tags/selenium HTTP/1.0" 200 9633 "-" "psbot/0.1 (+http://www.picsearch.com/bot.html)"
207.241.237.223 - - [17/May/2015:15:05:34 +0000] "GET /blog/geekery/oniguruma-named-capture-example.html HTTP/1.0" 200 9208 "http://www.semicomplete.com/blog/tags/C" "Mozilla/5.0 (compatible; archive.org_bot +http://www.archive.org/details/archive.org_bot)"
66.249.73.135 - - [17/May/2015:15:05:03 +0000] "GET /?flav=atom HTTP/1.1" 200 32352 "-" "Mozilla/5.0 (compatible; Googlebot/2.1; +http://www.google.com/bot.html)"
207.241.237.227 - - [17/May/2015:15:05:50 +0000] "GET /blog/tags/soekris HTTP/1.0" 200 19483 "http://www.semicomplete.com/blog/tags/C" "Mozilla/5.0 (compatible; archive.org_bot +http://www.archive.org/details/archive.org_bot)"
66.249.73.135 - - [17/May/2015:15:05:05 +0000] "GET /blog/tags/c++?page=2 HTTP/1.1" 200 9088 "-" "Mozilla/5.0 (compatible; Googlebot/2.1; +http://www.google.com/bot.html)"
66.249.73.135 - - [17/May/2015:15:05:17 +0000] "GET /?flav=rss20 HTTP/1.1" 200 29941 "-" "Mozilla/5.0 (compatible; Googlebot/2.1; +http://www.google.com/bot.html)"
66.249.73.135 - - [17/May/2015:15:05:15 +0000] "GET /blog/tags/release HTTP/1.1" 200 40693 "-" "SAMSUNG-SGH-E250/1.0 Profile/MIDP-2.0 Configuration/CLDC-1.1 UP.Browser/6.2.3.3.c.1.101 (GUI) MMP/2.0 (compatible; Googlebot-Mobile/2.1; +http://www.google.com/bot.html)"
66.249.73.135 - - [17/May/2015:15:05:12 +0000] "GET /projects/xdotool/ HTTP/1.1" 200 12292 "-" "Mozilla/5.0 (compatible; Googlebot/2.1; +http://www.google.com/bot.html)"
100.43.83.137 - - [17/May/2015:15:05:20 +0000] "GET /images/google.gif HTTP/1.1" 304 - "-" "Mozilla/5.0 (compatible; YandexImages/3.0; +http://yandex.com/bots)"
207.241.237.221 - - [17/May/2015:15:05:27 +0000] "GET /blog/tags/headless HTTP/1.0" 200 11902 "http://www.semicomplete.com/blog/tags/xdotool" "Mozilla/5.0 (compatible; archive.org_bot +http://www.archive.org/details/archive.org_bot)"
207.241.237.228 - - [17/May/2015:15:05:51 +0000] "GET /?page=1 HTTP/1.0" 200 37932 "http://semicomplete.com/?page=2" "Mozilla/5.0 (compatible; archive.org_bot +http://www.archive.org/details/archive.org_bot)"
207.241.237.228 - - [17/May/2015:15:05:15 +0000] "GET /files/blogposts/20101209/fullheight.html HTTP/1.0" 200 2501 "http://semicomplete.com/?page=2" "Mozilla/5.0 (compatible; archive.org_bot +http://www.archive.org/details/archive.org_bot)"
180.76.6.48 - - [17/May/2015:15:05:56 +0000] "GET /blog/geekery/mini-freebsd-script.html?commentlimit=0 HTTP/1.1" 200 10638 "-" "Mozilla/5.0 (compatible; Baiduspider/2.0; +http://www.baidu.com/search/spider.html)"
207.241.237.101 - - [17/May/2015:15:05:57 +0000] "GET /blog/geekery/xdotool-1.20100227.html HTTP/1.0" 200 10675 "http://www.semicomplete.com/blog/tags/xdotool" "Mozilla/5.0 (compatible; archive.org_bot +http://www.archive.org/details/archive.org_bot)"
207.241.237.104 - - [17/May/2015:15:05:45 +0000] "GET /blog/geekery/xdotool-2.20100818.html HTTP/1.0" 200 11417 "http://www.semicomplete.com/blog/tags/xdotool" "Mozilla/5.0 (compatible; archive.org_bot +http://www.archive.org/details/archive.org_bot)"
207.241.237.102 - - [17/May/2015:16:05:14 +0000] "GET /files/blogposts/20100511/xephyr-ephemeral-x-example.png HTTP/1.0" 200 75275 "http://www.semicomplete.com/blog/tags/xdotool" "Mozilla/5.0 (compatible; archive.org_bot +http://www.archive.org/details/archive.org_bot)"
207.241.237.104 - - [17/May/2015:16:05:36 +0000] "GET /robots.txt HTTP/1.0" 200 - "-" "Mozilla/5.0 (compatible; archive.org_bot +http://www.archive.org/details/archive.org_bot)"
207.241.237.104 - - [17/May/2015:16:05:04 +0000] "GET /files/xdotool/docs/html/ HTTP/1.0" 200 3870 "http://www.semicomplete.com/blog/tags/xdotool" "Mozilla/5.0 (compatible; archive.org_bot +http://www.archive.org/details/archive.org_bot)"
119.63.196.16 - - [17/May/2015:16:05:30 +0000] "GET / HTTP/1.1" 200 36824 "-" "Mozilla/5.0 (compatible; Baiduspider/2.0; +http://www.baidu.com/search/spider.html)"
207.241.237.220 - - [17/May/2015:16:05:07 +0000] "GET /blog/tags/webdriver HTTP/1.0" 200 11902 "http://www.semicomplete.com/blog/tags/xdotool" "Mozilla/5.0 (compatible; archive.org_bot +http://www.archive.org/details/archive.org_bot)"
66.249.73.135 - - [17/May/2015:16:05:33 +0000] "GET / HTTP/1.1" 200 37932 "-" "Mozilla/5.0 (iPhone; CPU iPhone OS 6_0 like Mac OS X) AppleWebKit/536.26 (KHTML, like Gecko) Version/6.0 Mobile/10A5376e Safari/8536.25 (compatible; Googlebot/2.1; +http://www.google.com/bot.html)"
207.241.237.101 - - [17/May/2015:16:05:00 +0000] "GET /blog/tags/xorg HTTP/1.0" 200 14533 "http://www.semicomplete.com/blog/tags/xdotool" "Mozilla/5.0 (compatible; archive.org_bot +http://www.archive.org/details/archive.org_bot)"
157.55.32.190 - - [17/May/2015:16:05:00 +0000] "GET /robots.txt HTTP/1.1" 200 - "-" "Mozilla/5.0 (compatible; bingbot/2.0; +http://www.bing.com/bingbot.htm)"
207.241.237.225 - - [17/May/2015:16:05:27 +0000] "GET /blog/tags/xdotool?page=2 HTTP/1.0" 200 23125 "http://www.semicomplete.com/blog/tags/xdotool" "Mozilla/5.0 (compatible; archive.org_bot +http://www.archive.org/details/archive.org_bot)"
180.76.5.149 - - [17/May/2015:16:05:39 +0000] "GET /blog/geekery/xdo.html?commentlimit=0 HTTP/1.1" 200 10521 "-" "Mozilla/5.0 (compatible; Baiduspider/2.0; +http://www.baidu.com/search/spider.html)"
173.192.238.41 - - [17/May/2015:16:05:21 +0000] "GET /blog HTTP/1.1" 200 37936 "-" "Mozilla/5.0 (X11; U; Linux x86_64; en-US; rv:1.9.0.19; aggregator:Spinn3r (Spinn3r 3.1); http://spinn3r.com/robot) Gecko/2010040121 Firefox/3.0.19"
144.76.95.39 - - [17/May/2015:16:05:23 +0000] "GET /robots.txt HTTP/1.0" 200 - "-" "Mozilla/5.0 (compatible; MJ12bot/v1.4.4; http://www.majestic12.co.uk/bot.php?+)"
144.76.95.39 - - [17/May/2015:16:05:34 +0000] "GET /files/?C=N;O=A HTTP/1.0" 200 13277 "-" "Mozilla/5.0 (compatible; MJ12bot/v1.4.4; http://www.majestic12.co.uk/bot.php?+)"
66.249.73.135 - - [17/May/2015:16:05:02 +0000] "GET /blog/tags/kpc650 HTTP/1.1" 200 10475 "-" "Mozilla/5.0 (compatible; Googlebot/2.1; +http://www.google.com/bot.html)"
157.55.32.190 - - [17/May/2015:16:05:44 +0000] "GET /blog/geekery/jquery-formfill-v1.html HTTP/1.1" 200 10279 "-" "Mozilla/5.0 (compatible; bingbot/2.0; +http://www.bing.com/bingbot.htm)"
207.241.237.224 - - [17/May/2015:16:05:51 +0000] "GET /robots.txt HTTP/1.0" 200 - "-" "Mozilla/5.0 (compatible; archive.org_bot +http://www.archive.org/details/archive.org_bot)"
207.241.237.224 - - [17/May/2015:16:05:57 +0000] "GET /articles/arp-security/arpmitm HTTP/1.0" 200 1788 "http://semicomplete.com/articles/arp-security/" "Mozilla/5.0 (compatible; archive.org_bot +http://www.archive.org/details/archive.org_bot)"
116.125.143.84 - - [17/May/2015:16:05:22 +0000] "GET /robots.txt HTTP/1.1" 200 - "http://search.daum.net/" "Mozilla/5.0 (compatible; MSIE or Firefox mutant; not on Windows server; + http://tab.search.daum.net/aboutWebSearch.html) Daumoa/3.0"
100.43.83.137 - - [17/May/2015:16:05:53 +0000] "GET /presentations/logstash-puppetconf-2012/images/trollface.png HTTP/1.1" 304 - "-" "Mozilla/5.0 (compatible; YandexImages/3.0; +http://yandex.com/bots)"
180.76.6.53 - - [17/May/2015:16:05:29 +0000] "GET /blog/geekery/screen-solaris-terminfo.html?commentlimit=0 HTTP/1.1" 200 9239 "-" "Mozilla/5.0 (compatible; Baiduspider/2.0; +http://www.baidu.com/search/spider.html)"
207.241.237.226 - - [17/May/2015:16:05:49 +0000] "GET /blog/articles/arp-security/main.html HTTP/1.0" 200 19735 "http://semicomplete.com/articles/arp-security/" "Mozilla/5.0 (compatible; archive.org_bot +http://www.archive.org/details/archive.org_bot)"
66.249.73.135 - - [17/May/2015:16:05:58 +0000] "GET /blog/tags/firefox?flav=rss20 HTTP/1.1" 200 16021 "-" "Mozilla/5.0 (compatible; Googlebot/2.1; +http://www.google.com/bot.html)"
46.165.197.151 - - [17/May/2015:17:05:13 +0000] "GET /robots.txt HTTP/1.0" 200 - "-" "Mozilla/5.0 (compatible; MJ12bot/v1.4.4; http://www.majestic12.co.uk/bot.php?+)"
46.165.197.151 - - [17/May/2015:17:05:34 +0000] "GET / HTTP/1.0" 200 37932 "-" "Mozilla/5.0 (compatible; MJ12bot/v1.4.4; http://www.majestic12.co.uk/bot.php?+)"
157.56.92.164 - - [17/May/2015:17:05:08 +0000] "GET /images/jordan-80.png HTTP/1.1" 200 6146 "-" "Mozilla/5.0 (compatible; bingbot/2.0; +http://www.bing.com/bingbot.htm)"
180.76.5.59 - - [17/May/2015:17:05:19 +0000] "GET /robots.txt HTTP/1.1" 200 - "-" "Mozilla/5.0 (Windows NT 5.1; rv:6.0.2) Gecko/20100101 Firefox/6.0.2"
199.16.156.124 - - [17/May/2015:17:05:26 +0000] "GET /robots.txt HTTP/1.1" 200 - "-" "Twitterbot/1.0"
199.16.156.124 - - [17/May/2015:17:05:53 +0000] "GET /files/lumberjack/lumberjack-0.3.0.exe HTTP/1.1" 200 4378624 "-" "Twitterbot/1.0"
66.249.73.185 - - [17/May/2015:17:05:07 +0000] "GET /images/ HTTP/1.1" 200 85649 "-" "Mozilla/5.0 (iPhone; CPU iPhone OS 6_0 like Mac OS X) AppleWebKit/536.26 (KHTML, like Gecko) Version/6.0 Mobile/10A5376e Safari/8536.25 (compatible; Googlebot/2.1; +http://www.google.com/bot.html)"
66.249.73.135 - - [17/May/2015:17:05:37 +0000] "GET / HTTP/1.1" 200 37932 "-" "Mozilla/5.0 (compatible; Googlebot/2.1; +http://www.google.com/bot.html)"
66.249.73.135 - - [17/May/2015:17:05:19 +0000] "GET /projects/xdotool%3E HTTP/1.1" 404 7861 "-" "Mozilla/5.0 (compatible; Googlebot/2.1; +http://www.google.com/bot.html)"
66.249.73.185 - - [17/May/2015:17:05:09 +0000] "GET /presentations/logstash-metrics-sf-2012.10/ HTTP/1.1" 304 - "-" "Mozilla/5.0 (iPhone; CPU iPhone OS 6_0 like Mac OS X) AppleWebKit/536.26 (KHTML, like Gecko) Version/6.0 Mobile/10A5376e Safari/8536.25 (compatible; Googlebot/2.1; +http://www.google.com/bot.html)"
66.249.73.135 - - [17/May/2015:17:05:54 +0000] "GET /blog/geekery/grok-and-eventdb.html HTTP/1.1" 200 12456 "-" "Mozilla/5.0 (iPhone; CPU iPhone OS 6_0 like Mac OS X) AppleWebKit/536.26 (KHTML, like Gecko) Version/6.0 Mobile/10A5376e Safari/8536.25 (compatible; Googlebot/2.1; +http://www.google.com/bot.html)"
66.249.73.135 - - [17/May/2015:17:05:46 +0000] "GET /?flav=rss20 HTTP/1.1" 200 29941 "-" "Mozilla/5.0 (compatible; Googlebot/2.1; +http://www.google.com/bot.html)"
180.76.6.57 - - [17/May/2015:17:05:27 +0000] "GET /blog/geekery/grok-pattern-predicates?commentlimit=0 HTTP/1.1" 200 10730 "-" "Mozilla/5.0 (compatible; Baiduspider/2.0; +http://www.baidu.com/search/spider.html)"
100.43.83.137 - - [17/May/2015:17:05:18 +0000] "GET /images/selenium-squid-hack_iexplore.png HTTP/1.1" 304 - "-" "Mozilla/5.0 (compatible; YandexImages/3.0; +http://yandex.com/bots)"
66.249.73.135 - - [17/May/2015:17:05:48 +0000] "GET /blog/geekery/solving-good-or-bad-problems.html HTTP/1.1" 200 10756 "-" "Mozilla/5.0 (iPhone; CPU iPhone OS 6_0 like Mac OS X) AppleWebKit/536.26 (KHTML, like Gecko) Version/6.0 Mobile/10A5376e Safari/8536.25 (compatible; Googlebot/2.1; +http://www.google.com/bot.html)"
66.249.73.135 - - [17/May/2015:17:05:03 +0000] "GET /?flav=atom HTTP/1.1" 200 32352 "-" "Mozilla/5.0 (compatible; Googlebot/2.1; +http://www.google.com/bot.html)"
66.249.73.135 - - [17/May/2015:17:05:10 +0000] "GET /blog/tags/Xlib HTTP/1.1" 200 25745 "-" "Mozilla/5.0 (iPhone; CPU iPhone OS 6_0 like Mac OS X) AppleWebKit/536.26 (KHTML, like Gecko) Version/6.0 Mobile/10A5376e Safari/8536.25 (compatible; Googlebot/2.1; +http://www.google.com/bot.html)"
100.43.83.137 - - [17/May/2015:17:05:33 +0000] "GET /images/packaging.png HTTP/1.1" 304 - "-" "Mozilla/5.0 (compatible; YandexImages/3.0; +http://yandex.com/bots)"
100.43.83.137 - - [17/May/2015:17:05:05 +0000] "GET /blog/tags/X11 HTTP/1.1" 200 32742 "-" "Mozilla/5.0 (compatible; YandexBot/3.0; +http://yandex.com/bots)"
100.43.83.137 - - [17/May/2015:17:05:28 +0000] "GET /blog/tags/x11 HTTP/1.1" 200 33820 "-" "Mozilla/5.0 (compatible; YandexBot/3.0; +http://yandex.com/bots)"
100.43.83.137 - - [17/May/2015:17:05:48 +0000] "GET /blog/tags/X11 HTTP/1.1" 200 32742 "-" "Mozilla/5.0 (compatible; YandexBot/3.0; +http://yandex.com/bots)"
100.43.83.137 - - [17/May/2015:17:05:37 +0000] "GET /blog/tags/x11 HTTP/1.1" 200 33820 "-" "Mozilla/5.0 (compatible; YandexBot/3.0; +http://yandex.com/bots)"
66.249.73.135 - - [17/May/2015:18:05:46 +0000] "GET /blog/tags/assert HTTP/1.1" 200 9514 "-" "Mozilla/5.0 (iPhone; CPU iPhone OS 6_0 like Mac OS X) AppleWebKit/536.26 (KHTML, like Gecko) Version/6.0 Mobile/10A5376e Safari/8536.25 (compatible; Googlebot/2.1; +http://www.google.com/bot.html)"
100.43.83.137 - - [17/May/2015:18:05:57 +0000] "GET /blog/tags/xlib HTTP/1.1" 200 23353 "-" "Mozilla/5.0 (compatible; YandexBot/3.0; +http://yandex.com/bots)"
100.43.83.137 - - [17/May/2015:18:05:30 +0000] "GET /blog/tags/Xlib HTTP/1.1" 200 25745 "-" "Mozilla/5.0 (compatible; YandexBot/3.0; +http://yandex.com/bots)"
100.43.83.137 - - [17/May/2015:18:05:57 +0000] "GET /blog/tags/xlib HTTP/1.1" 200 23353 "-" "Mozilla/5.0 (compatible; YandexBot/3.0; +http://yandex.com/bots)"
100.43.83.137 - - [17/May/2015:18:05:21 +0000] "GET /blog/tags/Xlib HTTP/1.1" 200 25745 "-" "Mozilla/5.0 (compatible; YandexBot/3.0; +http://yandex.com/bots)"
157.56.92.158 - - [17/May/2015:18:05:20 +0000] "GET /misc/backup/ HTTP/1.1" 200 692 "-" "Mozilla/5.0 (compatible; bingbot/2.0; +http://www.bing.com/bingbot.htm)"
217.69.133.237 - - [17/May/2015:18:05:34 +0000] "GET /robots.txt HTTP/1.1" 200 - "-" "Mozilla/5.0 (compatible; Linux x86_64; Mail.RU_Bot/2.0; +http://go.mail.ru/help/robots)"
217.69.133.238 - - [17/May/2015:18:05:37 +0000] "GET /blog/projects/xboxproxy/main.html HTTP/1.1" 200 13171 "-" "Mozilla/5.0 (compatible; Linux x86_64; Mail.RU_Bot/2.0; +http://go.mail.ru/help/robots)"
66.249.73.135 - - [17/May/2015:18:05:31 +0000] "GET /blog/tags/writing HTTP/1.1" 200 9907 "-" "Mozilla/5.0 (compatible; Googlebot/2.1; +http://www.google.com/bot.html)"
180.76.5.22 - - [17/May/2015:18:05:54 +0000] "GET /misc/funkyoutput HTTP/1.1" 200 4147 "-" "Mozilla/5.0 (compatible; Baiduspider/2.0; +http://www.baidu.com/search/spider.html)"
100.43.83.137 - - [17/May/2015:18:05:47 +0000] "GET /images/ec2_m1large_cost.png HTTP/1.1" 304 - "-" "Mozilla/5.0 (compatible; YandexImages/3.0; +http://yandex.com/bots)"
66.249.73.135 - - [17/May/2015:18:05:16 +0000] "GET /blog/tags/barcampsf HTTP/1.1" 200 22492 "-" "Mozilla/5.0 (iPhone; CPU iPhone OS 6_0 like Mac OS X) AppleWebKit/536.26 (KHTML, like Gecko) Version/6.0 Mobile/10A5376e Safari/8536.25 (compatible; Googlebot/2.1; +http://www.google.com/bot.html)"
123.125.71.116 - - [17/May/2015:18:05:34 +0000] "GET / HTTP/1.1" 200 36824 "-" "Mozilla/5.0 (compatible; Baiduspider/2.0; +http://www.baidu.com/search/spider.html)"
100.43.83.137 - - [17/May/2015:18:05:01 +0000] "GET /blog/tags/c HTTP/1.1" 200 28169 "-" "Mozilla/5.0 (compatible; YandexBot/3.0; +http://yandex.com/bots)"
100.43.83.137 - - [17/May/2015:18:05:12 +0000] "GET /blog/tags/C HTTP/1.1" 200 37991 "-" "Mozilla/5.0 (compatible; YandexBot/3.0; +http://yandex.com/bots)"
100.43.83.137 - - [17/May/2015:18:05:06 +0000] "GET /blog/tags/c HTTP/1.1" 200 28169 "-" "Mozilla/5.0 (compatible; YandexBot/3.0; +http://yandex.com/bots)"
100.43.83.137 - - [17/May/2015:18:05:09 +0000] "GET /blog/tags/C HTTP/1.1" 200 37991 "-" "Mozilla/5.0 (compatible; YandexBot/3.0; +http://yandex.com/bots)"
220.181.108.149 - - [17/May/2015:18:05:02 +0000] "GET / HTTP/1.1" 200 36824 "-" "Mozilla/5.0 (compatible; Baiduspider/2.0; +http://www.baidu.com/search/spider.html)"
66.249.73.135 - - [17/May/2015:18:05:17 +0000] "GET /projects/xdotool/xdotool.xhtml HTTP/1.1" 200 50112 "-" "DoCoMo/2.0 N905i(c100;TB;W24H16) (compatible; Googlebot-Mobile/2.1; +http://www.google.com/bot.html)"
66.249.73.135 - - [17/May/2015:18:05:22 +0000] "GET /blog/tags/gtk HTTP/1.1" 200 14316 "-" "Mozilla/5.0 (iPhone; CPU iPhone OS 6_0 like Mac OS X) AppleWebKit/536.26 (KHTML, like Gecko) Version/6.0 Mobile/10A5376e Safari/8536.25 (compatible; Googlebot/2.1; +http://www.google.com/bot.html)"
66.249.73.135 - - [17/May/2015:18:05:56 +0000] "GET /blog/tags/rants HTTP/1.1" 200 39692 "-" "Mozilla/5.0 (iPhone; CPU iPhone OS 6_0 like Mac OS X) AppleWebKit/536.26 (KHTML, like Gecko) Version/6.0 Mobile/10A5376e Safari/8536.25 (compatible; Googlebot/2.1; +http://www.google.com/bot.html)"
199.16.156.125 - - [17/May/2015:18:05:37 +0000] "GET /robots.txt HTTP/1.1" 200 - "-" "Twitterbot/1.0"
199.16.156.125 - - [17/May/2015:18:05:40 +0000] "GET /files/lumberjack/lumberjack-0.3.0.exe HTTP/1.1" 200 4378624 "-" "Twitterbot/1.0"
66.249.73.135 - - [17/May/2015:18:05:28 +0000] "GET /blog/tags/music HTTP/1.1" 200 17268 "-" "Mozilla/5.0 (iPhone; CPU iPhone OS 6_0 like Mac OS X) AppleWebKit/536.26 (KHTML, like Gecko) Version/6.0 Mobile/10A5376e Safari/8536.25 (compatible; Googlebot/2.1; +http://www.google.com/bot.html)"
180.76.5.194 - - [17/May/2015:18:05:53 +0000] "GET /blog/geekery/parsing-config-files.html?commentlimit=0 HTTP/1.1" 200 9258 "-" "Mozilla/5.0 (compatible; Baiduspider/2.0; +http://www.baidu.com/search/spider.html)"
178.255.215.83 - - [17/May/2015:18:05:36 +0000] "GET /robots.txt HTTP/1.1" 200 - "-" "Mozilla/5.0 (compatible; Exabot/3.0 (BiggerBetter); +http://www.exabot.com/go/robot)"
178.255.215.83 - - [17/May/2015:18:05:40 +0000] "GET /blog/tags/urledit HTTP/1.1" 200 10127 "-" "Mozilla/5.0 (compatible; Exabot/3.0 (BiggerBetter); +http://www.exabot.com/go/robot)"
66.249.73.135 - - [17/May/2015:18:05:43 +0000] "GET /blog/tags/release HTTP/1.1" 200 40693 "-" "Mozilla/5.0 (iPhone; CPU iPhone OS 6_0 like Mac OS X) AppleWebKit/536.26 (KHTML, like Gecko) Version/6.0 Mobile/10A5376e Safari/8536.25 (compatible; Googlebot/2.1; +http://www.google.com/bot.html)"
100.43.83.137 - - [17/May/2015:19:05:27 +0000] "GET /images/selenium-squid-hack_firefox.png HTTP/1.1" 304 - "-" "Mozilla/5.0 (compatible; YandexImages/3.0; +http://yandex.com/bots)"
66.249.73.135 - - [17/May/2015:19:05:56 +0000] "GET /blog/tags/X11 HTTP/1.1" 200 32742 "-" "Mozilla/5.0 (compatible; Googlebot/2.1; +http://www.google.com/bot.html)"
66.249.73.135 - - [17/May/2015:19:05:25 +0000] "GET /blog/tags/shmoocon2007 HTTP/1.1" 200 14763 "-" "Mozilla/5.0 (iPhone; CPU iPhone OS 6_0 like Mac OS X) AppleWebKit/536.26 (KHTML, like Gecko) Version/6.0 Mobile/10A5376e Safari/8536.25 (compatible; Googlebot/2.1; +http://www.google.com/bot.html)"
66.249.73.135 - - [17/May/2015:19:05:13 +0000] "GET /blog/tags/shmoocon HTTP/1.1" 200 16395 "-" "Mozilla/5.0 (iPhone; CPU iPhone OS 6_0 like Mac OS X) AppleWebKit/536.26 (KHTML, like Gecko) Version/6.0 Mobile/10A5376e Safari/8536.25 (compatible; Googlebot/2.1; +http://www.google.com/bot.html)"
100.43.83.137 - - [17/May/2015:19:05:55 +0000] "GET /images/barcampblock.jpg HTTP/1.1" 304 - "-" "Mozilla/5.0 (compatible; YandexImages/3.0; +http://yandex.com/bots)"
180.76.6.65 - - [17/May/2015:19:05:20 +0000] "GET /misc/grokc/omgsadness HTTP/1.1" 200 6178 "-" "Mozilla/5.0 (compatible; Baiduspider/2.0; +http://www.baidu.com/search/spider.html)"
66.249.73.135 - - [17/May/2015:19:05:36 +0000] "GET /blog/tags/tools HTTP/1.1" 200 26510 "-" "Mozilla/5.0 (iPhone; CPU iPhone OS 6_0 like Mac OS X) AppleWebKit/536.26 (KHTML, like Gecko) Version/6.0 Mobile/10A5376e Safari/8536.25 (compatible; Googlebot/2.1; +http://www.google.com/bot.html)"
66.249.73.135 - - [17/May/2015:19:05:57 +0000] "GET /?flav=rss20 HTTP/1.1" 200 29941 "-" "Mozilla/5.0 (compatible; Googlebot/2.1; +http://www.google.com/bot.html)"
66.249.73.135 - - [17/May/2015:19:05:17 +0000] "GET /blog/tags/firefox?flav=rss20 HTTP/1.1" 200 16021 "-" "Mozilla/5.0 (compatible; Googlebot/2.1; +http://www.google.com/bot.html)"
66.249.73.135 - - [17/May/2015:19:05:29 +0000] "GET /blog/tags/windows HTTP/1.1" 200 16691 "-" "Mozilla/5.0 (iPhone; CPU iPhone OS 6_0 like Mac OS X) AppleWebKit/536.26 (KHTML, like Gecko) Version/6.0 Mobile/10A5376e Safari/8536.25 (compatible; Googlebot/2.1; +http://www.google.com/bot.html)"
66.249.73.135 - - [17/May/2015:19:05:00 +0000] "GET /blog/tags/year%20review HTTP/1.1" 200 34590 "-" "Mozilla/5.0 (iPhone; CPU iPhone OS 6_0 like Mac OS X) AppleWebKit/536.26 (KHTML, like Gecko) Version/6.0 Mobile/10A5376e Safari/8536.25 (compatible; Googlebot/2.1; +http://www.google.com/bot.html)"
208.115.111.72 - - [17/May/2015:19:05:33 +0000] "GET /robots.txt HTTP/1.1" 200 - "-" "Mozilla/5.0 (compatible; Ezooms/1.0; help@moz.com)"
208.115.111.72 - - [17/May/2015:19:05:35 +0000] "GET /robots.txt HTTP/1.1" 200 - "-" "Mozilla/5.0 (compatible; Ezooms/1.0; help@moz.com)"
66.249.73.135 - - [17/May/2015:19:05:46 +0000] "GET /files/blogposts/20071009/dxargs.py HTTP/1.1" 200 8171 "-" "Mozilla/5.0 (iPhone; CPU iPhone OS 6_0 like Mac OS X) AppleWebKit/536.26 (KHTML, like Gecko) Version/6.0 Mobile/10A5376e Safari/8536.25 (compatible; Googlebot/2.1; +http://www.google.com/bot.html)"
66.249.73.135 - - [17/May/2015:19:05:40 +0000] "GET / HTTP/1.1" 200 37932 "-" "Mozilla/5.0 (compatible; Googlebot/2.1; +http://www.google.com/bot.html)"
66.249.73.135 - - [17/May/2015:20:05:30 +0000] "GET /?flav=atom HTTP/1.1" 200 32352 "-" "Mozilla/5.0 (compatible; Googlebot/2.1; +http://www.google.com/bot.html)"
