94.228.34.233 - - [19/May/2015:06:05:07 +0000] "GET /resume.xml HTTP/1.1" 304 - "-" "magpie-crawler/1.1 (U; Linux amd64; en-GB; +http://www.brandwatch.net)"
100.43.83.137 - - [19/May/2015:06:05:02 +0000] "GET /blog/tags/wmi HTTP/1.1" 200 10068 "-" "Mozilla/5.0 (compatible; YandexBot/3.0; +http://yandex.com/bots)"
66.249.73.135 - - [19/May/2015:06:05:27 +0000] "GET /?flav=rss20 HTTP/1.1" 200 29941 "-" "Mozilla/5.0 (compatible; Googlebot/2.1; +http://www.google.com/bot.html)"
66.249.73.135 - - [19/May/2015:06:05:31 +0000] "GET /blog/tags/logger HTTP/1.1" 200 11024 "-" "Mozilla/5.0 (compatible; Googlebot/2.1; +http://www.google.com/bot.html)"
66.249.73.135 - - [19/May/2015:06:05:14 +0000] "GET /blog/geekery/xdotool-20080606.html HTTP/1.1" 200 8590 "-" "Mozilla/5.0 (iPhone; CPU iPhone OS 6_0 like Mac OS X) AppleWebKit/536.26 (KHTML, like Gecko) Version/6.0 Mobile/10A5376e Safari/8536.25 (compatible; Googlebot/2.1; +http://www.google.com/bot.html)"
208.43.252.200 - - [19/May/2015:07:05:26 +0000] "GET /robots.txt HTTP/1.1" 200 - "-" "Mozilla/5.0 (compatible; MSIE 9.0; Windows NT 6.1; WOW64; Trident/5.0; chromeframe/19.0.1084.52)"
63.249.66.212 - - [19/May/2015:07:05:39 +0000] "GET /robots.txt HTTP/1.1" 200 - "-" "Mozilla/4.0 (compatible; MSIE 6.0; Windows NT 5.1; SV1;  http://www.changedetection.com/bot.html )"
63.249.66.212 - - [19/May/2015:07:05:26 +0000] "GET /files/logstash/ HTTP/1.1" 200 13320 "-" "Mozilla/4.0 (compatible; MSIE 6.0; Windows NT 5.1; SV1;  http://www.changedetection.com/bot.html )"
180.76.5.213 - - [19/May/2015:07:05:56 +0000] "GET /blog/geekery/vmware-console-on-freebsd.html?commentlimit=0 HTTP/1.1" 200 8765 "-" "Mozilla/5.0 (compatible; Baiduspider/2.0; +http://www.baidu.com/search/spider.html)"
66.249.73.135 - - [19/May/2015:08:05:16 +0000] "GET /blog/geekery/ssl-latency.html HTTP/1.1" 200 17147 "-" "Mozilla/5.0 (iPhone; CPU iPhone OS 6_0 like Mac OS X) AppleWebKit/536.26 (KHTML, like Gecko) Version/6.0 Mobile/10A5376e Safari/8536.25 (compatible; Googlebot/2.1; +http://www.google.com/bot.html)"
180.76.5.157 - - [19/May/2015:08:05:16 +0000] "GET /robots.txt HTTP/1.1" 200 - "-" "Mozilla/5.0 (Windows NT 5.1; rv:6.0.2) Gecko/20100101 Firefox/6.0.2"
66.249.73.135 - - [19/May/2015:08:05:54 +0000] "GET /blog/productivity/3.html HTTP/1.1" 200 8778 "-" "Mozilla/5.0 (iPhone; CPU iPhone OS 6_0 like Mac OS X) AppleWebKit/536.26 (KHTML, like Gecko) Version/6.0 Mobile/10A5376e Safari/8536.25 (compatible; Googlebot/2.1; +http://www.google.com/bot.html)"
66.249.73.135 - - [19/May/2015:08:05:37 +0000] "GET /blog/tags/firefox?flav=rss20 HTTP/1.1" 200 16021 "-" "Mozilla/5.0 (compatible; Googlebot/2.1; +http://www.google.com/bot.html)"
93.17.51.134 - - [19/May/2015:08:05:21 +0000] "GET /presentations/logstash-monitorama-2013/css/fonts/Roboto.css HTTP/1.1" 200 357 "http://semicomplete.com/presentations/logstash-monitorama-2013/" "Mozilla/5.0 (Windows NT 6.1; WOW64) AppleWebKit/537.36 (KHTML, like Gecko) Chrome/32.0.1700.107 Safari/537.36"
93.17.51.134 - - [19/May/2015:08:05:54 +0000] "GET /presentations/logstash-monitorama-2013/css/fonts/Roboto-Bold.ttf HTTP/1.1" 200 38720 "http://semicomplete.com/presentations/logstash-monitorama-2013/" "Mozilla/5.0 (Windows NT 6.1; WOW64) AppleWebKit/537.36 (KHTML, like Gecko) Chrome/32.0.1700.107 Safari/537.36"
93.17.51.134 - - [19/May/2015:08:05:38 +0000] "GET /presentations/logstash-monitorama-2013/css/fonts/Roboto-Regular.ttf HTTP/1.1" 200 41820 "http://semicomplete.com/presentations/logstash-monitorama-2013/" "Mozilla/5.0 (Windows NT 6.1; WOW64) AppleWebKit/537.36 (KHTML, like Gecko) Chrome/32.0.1700.107 Safari/537.36"
180.76.5.77 - - [19/May/2015:08:05:53 +0000] "GET /files/java-chatclient/?C=M;O=D HTTP/1.1" 200 964 "-" "Mozilla/5.0 (compatible; Baiduspider/2.0; +http://www.baidu.com/search/spider.html)"
66.249.73.135 - - [19/May/2015:09:05:02 +0000] "GET /blog/geekery/xdotool-20070713.html HTTP/1.1" 200 9147 "-" "Mozilla/5.0 (iPhone; CPU iPhone OS 6_0 like Mac OS X) AppleWebKit/536.26 (KHTML, like Gecko) Version/6.0 Mobile/10A5376e Safari/8536.25 (compatible; Googlebot/2.1; +http://www.google.com/bot.html)"
157.56.93.154 - - [19/May/2015:09:05:12 +0000] "GET /robots.txt HTTP/1.1" 200 - "-" "Mozilla/5.0 (compatible; bingbot/2.0; +http://www.bing.com/bingbot.htm)"
66.249.73.135 - - [19/May/2015:09:05:29 +0000] "GET / HTTP/1.1" 200 37932 "-" "Mozilla/5.0 (compatible; Googlebot/2.1; +http://www.google.com/bot.html)"
66.249.73.135 - - [19/May/2015:09:05:19 +0000] "GET /?flav=atom HTTP/1.1" 200 32352 "-" "Mozilla/5.0 (compatible; Googlebot/2.1; +http://www.google.com/bot.html)"
66.249.73.135 - - [19/May/2015:09:05:54 +0000] "GET /blog/site/163.html HTTP/1.1" 200 8166 "-" "Mozilla/5.0 (iPhone; CPU iPhone OS 6_0 like Mac OS X) AppleWebKit/536.26 (KHTML, like Gecko) Version/6.0 Mobile/10A5376e Safari/8536.25 (compatible; Googlebot/2.1; +http://www.google.com/bot.html)"
180.76.5.154 - - [19/May/2015:09:05:19 +0000] "GET /robots.txt HTTP/1.1" 200 - "-" "Mozilla/5.0 (Windows NT 5.1; rv:6.0.2) Gecko/20100101 Firefox/6.0.2"
66.249.73.185 - - [19/May/2015:09:05:08 +0000] "GET /presentations/logstash-puppetconf-2012/ HTTP/1.1" 304 - "-" "Mozilla/5.0 (iPhone; CPU iPhone OS 6_0 like Mac OS X) AppleWebKit/536.26 (KHTML, like Gecko) Version/6.0 Mobile/10A5376e Safari/8536.25 (compatible; Googlebot/2.1; +http://www.google.com/bot.html)"
66.249.73.135 - - [19/May/2015:10:05:56 +0000] "GET /blog/geekery/159.html HTTP/1.1" 200 9482 "-" "Mozilla/5.0 (compatible; Googlebot/2.1; +http://www.google.com/bot.html)"
66.249.73.135 - - [19/May/2015:10:05:11 +0000] "GET /blog/geekery/xdo-updates-2.html HTTP/1.1" 200 9886 "-" "Mozilla/5.0 (iPhone; CPU iPhone OS 6_0 like Mac OS X) AppleWebKit/536.26 (KHTML, like Gecko) Version/6.0 Mobile/10A5376e Safari/8536.25 (compatible; Googlebot/2.1; +http://www.google.com/bot.html)"
66.249.73.135 - - [19/May/2015:10:05:21 +0000] "GET /blog/tags/X11 HTTP/1.1" 200 32742 "-" "Mozilla/5.0 (iPhone; CPU iPhone OS 6_0 like Mac OS X) AppleWebKit/536.26 (KHTML, like Gecko) Version/6.0 Mobile/10A5376e Safari/8536.25 (compatible; Googlebot/2.1; +http://www.google.com/bot.html)"
66.249.73.135 - - [19/May/2015:10:05:25 +0000] "GET /blog/tags/vmware HTTP/1.1" 200 25370 "-" "SAMSUNG-SGH-E250/1.0 Profile/MIDP-2.0 Configuration/CLDC-1.1 UP.Browser/6.2.3.3.c.1.101 (GUI) MMP/2.0 (compatible; Googlebot-Mobile/2.1; +http://www.google.com/bot.html)"
66.249.73.135 - - [19/May/2015:10:05:59 +0000] "GET /blog/tags/sysprep HTTP/1.1" 200 9043 "-" "Mozilla/5.0 (compatible; Googlebot/2.1; +http://www.google.com/bot.html)"
66.249.73.135 - - [19/May/2015:10:05:52 +0000] "GET /?flav=rss20 HTTP/1.1" 200 29941 "-" "Mozilla/5.0 (compatible; Googlebot/2.1; +http://www.google.com/bot.html)"
178.255.215.71 - - [19/May/2015:11:05:04 +0000] "GET /blog/geekery/zsh-disable-cd-username.html HTTP/1.1" 200 9183 "-" "Mozilla/5.0 (compatible; Exabot/3.0; +http://www.exabot.com/go/robot)"
66.249.73.135 - - [19/May/2015:11:05:19 +0000] "GET /blog/tags/web HTTP/1.1" 200 44019 "-" "Mozilla/5.0 (iPhone; CPU iPhone OS 6_0 like Mac OS X) AppleWebKit/536.26 (KHTML, like Gecko) Version/6.0 Mobile/10A5376e Safari/8536.25 (compatible; Googlebot/2.1; +http://www.google.com/bot.html)"
217.69.133.234 - - [19/May/2015:11:05:01 +0000] "GET /robots.txt HTTP/1.1" 200 - "-" "Mozilla/5.0 (compatible; Linux x86_64; Mail.RU_Bot/2.0; +http://go.mail.ru/help/robots)"
217.69.133.236 - - [19/May/2015:11:05:06 +0000] "GET /presentations/logstash-scale11x/ HTTP/1.1" 304 - "-" "Mozilla/5.0 (compatible; Linux x86_64; Mail.RU_Bot/2.0; +http://go.mail.ru/help/robots)"
66.249.73.135 - - [19/May/2015:12:05:37 +0000] "GET /blog/2006?page=3 HTTP/1.1" 200 30792 "-" "Mozilla/5.0 (iPhone; CPU iPhone OS 6_0 like Mac OS X) AppleWebKit/536.26 (KHTML, like Gecko) Version/6.0 Mobile/10A5376e Safari/8536.25 (compatible; Googlebot/2.1; +http://www.google.com/bot.html)"
180.76.6.134 - - [19/May/2015:12:05:37 +0000] "GET /blog/geekery/brute-force-gets-distributed.html?commentlimit=0 HTTP/1.1" 200 9654 "-" "Mozilla/5.0 (compatible; Baiduspider/2.0; +http://www.baidu.com/search/spider.html)"
208.43.251.181 - - [19/May/2015:12:05:32 +0000] "GET /robots.txt HTTP/1.1" 200 - "-" "Mozilla/5.0 (compatible; MSIE 9.0; Windows NT 6.1; WOW64; Trident/5.0; chromeframe/19.0.1084.52)"
66.249.73.135 - - [19/May/2015:12:05:49 +0000] "GET /blog/tags/firefox?flav=rss20 HTTP/1.1" 200 16021 "-" "Mozilla/5.0 (compatible; Googlebot/2.1; +http://www.google.com/bot.html)"
66.249.73.135 - - [19/May/2015:12:05:28 +0000] "GET / HTTP/1.1" 200 37932 "-" "Mozilla/5.0 (compatible; Googlebot/2.1; +http://www.google.com/bot.html)"
66.249.73.135 - - [19/May/2015:12:05:56 +0000] "GET /misc/rcfiles/ HTTP/1.1" 200 2551 "-" "Mozilla/5.0 (iPhone; CPU iPhone OS 6_0 like Mac OS X) AppleWebKit/536.26 (KHTML, like Gecko) Version/6.0 Mobile/10A5376e Safari/8536.25 (compatible; Googlebot/2.1; +http://www.google.com/bot.html)"
66.249.73.135 - - [19/May/2015:12:05:17 +0000] "GET /blog/tags/history HTTP/1.1" 200 21103 "-" "Mozilla/5.0 (compatible; Googlebot/2.1; +http://www.google.com/bot.html)"
66.249.73.185 - - [19/May/2015:13:05:22 +0000] "GET /files/rubygems615/java-ssl-debug.txt HTTP/1.1" 200 22869910 "-" "Mozilla/5.0 (iPhone; CPU iPhone OS 6_0 like Mac OS X) AppleWebKit/536.26 (KHTML, like Gecko) Version/6.0 Mobile/10A5376e Safari/8536.25 (compatible; Googlebot/2.1; +http://www.google.com/bot.html)"
157.55.32.109 - - [19/May/2015:13:05:27 +0000] "GET /robots.txt HTTP/1.1" 200 - "-" "Mozilla/5.0 (compatible; bingbot/2.0; +http://www.bing.com/bingbot.htm)"
54.242.167.99 - - [19/May/2015:13:05:28 +0000] "GET /robots.txt HTTP/1.1" 200 - "-" "Mozilla/5.0 (Macintosh; U; Intel Mac OS X 10.6; en-US; rv:1.9.2) Gecko/20100115 Firefox/3.6 (FlipboardProxy/1.1; +http://flipboard.com/browserproxy)"
66.249.73.135 - - [19/May/2015:13:05:39 +0000] "GET /blog/geekery/2000-to-2009.html HTTP/1.1" 200 19924 "-" "Mozilla/5.0 (iPhone; CPU iPhone OS 6_0 like Mac OS X) AppleWebKit/536.26 (KHTML, like Gecko) Version/6.0 Mobile/10A5376e Safari/8536.25 (compatible; Googlebot/2.1; +http://www.google.com/bot.html)"
66.249.73.135 - - [19/May/2015:14:05:37 +0000] "GET /?flav=atom HTTP/1.1" 200 32352 "-" "Mozilla/5.0 (compatible; Googlebot/2.1; +http://www.google.com/bot.html)"
66.249.73.135 - - [19/May/2015:14:05:43 +0000] "GET /blog/projects/xboxproxy/systemlink.html HTTP/1.1" 200 9600 "-" "Mozilla/5.0 (iPhone; CPU iPhone OS 6_0 like Mac OS X) AppleWebKit/536.26 (KHTML, like Gecko) Version/6.0 Mobile/10A5376e Safari/8536.25 (compatible; Googlebot/2.1; +http://www.google.com/bot.html)"
100.43.83.137 - - [19/May/2015:14:05:11 +0000] "GET /robots.txt HTTP/1.1" 200 - "-" "Mozilla/5.0 (compatible; YandexBot/3.0; +http://yandex.com/bots)"
66.249.73.135 - - [19/May/2015:14:05:53 +0000] "GET /misc/worst-it-job-posting-ever.pdf HTTP/1.1" 200 139121 "-" "Mozilla/5.0 (compatible; Googlebot/2.1; +http://www.google.com/bot.html)"
217.212.224.183 - - [19/May/2015:14:05:56 +0000] "GET /robots.txt HTTP/1.0" 200 - "-" "psbot/0.1 (+http://www.picsearch.com/bot.html)"
217.212.224.181 - - [19/May/2015:14:05:00 +0000] "GET /blog/tags/programming HTTP/1.0" 200 19892 "-" "psbot/0.1 (+http://www.picsearch.com/bot.html)"
66.249.73.135 - - [19/May/2015:14:05:28 +0000] "GET /blog/geekery/when-a-typo-kills-you.html?source=rss20 HTTP/1.1" 200 9645 "-" "Mozilla/5.0 (iPhone; CPU iPhone OS 6_0 like Mac OS X) AppleWebKit/536.26 (KHTML, like Gecko) Version/6.0 Mobile/10A5376e Safari/8536.25 (compatible; Googlebot/2.1; +http://www.google.com/bot.html)"
66.249.73.135 - - [19/May/2015:14:05:09 +0000] "GET /blog/tags/temperature HTTP/1.1" 200 10068 "-" "Mozilla/5.0 (compatible; Googlebot/2.1; +http://www.google.com/bot.html)"
66.249.73.135 - - [19/May/2015:14:05:23 +0000] "GET /?flav=rss20 HTTP/1.1" 200 29941 "-" "Mozilla/5.0 (compatible; Googlebot/2.1; +http://www.google.com/bot.html)"
180.76.6.137 - - [19/May/2015:14:05:33 +0000] "GET /misc/homework4.tex HTTP/1.1" 200 4089 "-" "Mozilla/5.0 (compatible; Baiduspider/2.0; +http://www.baidu.com/search/spider.html)"
66.249.73.135 - - [19/May/2015:14:05:33 +0000] "GET /robots.txt HTTP/1.1" 200 - "-" "Mozilla/5.0 (compatible; Googlebot/2.1; +http://www.google.com/bot.html)"
66.249.73.135 - - [19/May/2015:14:05:18 +0000] "GET /misc/viquickref.pdf HTTP/1.1" 304 - "-" "Mozilla/5.0 (iPhone; CPU iPhone OS 6_0 like Mac OS X) AppleWebKit/536.26 (KHTML, like Gecko) Version/6.0 Mobile/10A5376e Safari/8536.25 (compatible; Googlebot/2.1; +http://www.google.com/bot.html)"
208.43.251.181 - - [19/May/2015:14:05:13 +0000] "GET /robots.txt HTTP/1.1" 200 - "-" "Mozilla/5.0 (compatible; MSIE 9.0; Windows NT 6.1; WOW64; Trident/5.0; chromeframe/19.0.1084.52)"
66.249.73.135 - - [19/May/2015:14:05:44 +0000] "GET /presentations/unix-basics/images/gnome-2.png HTTP/1.1" 200 405750 "-" "Googlebot-Image/1.0"
218.30.103.114 - - [19/May/2015:15:05:26 +0000] "GET /blog/geekery/puppet-nodeless-configuration.html HTTP/1.1" 200 10301 "-" "Sogou web spider/4.0(+http://www.sogou.com/docs/help/webmasters.htm#07)"
180.76.6.17 - - [19/May/2015:15:05:16 +0000] "GET /blog/geekery/?page=4 HTTP/1.1" 200 47646 "-" "Mozilla/5.0 (compatible; Baiduspider/2.0; +http://www.baidu.com/search/spider.html)"
218.30.103.114 - - [19/May/2015:15:05:48 +0000] "GET /articles/ssh-security/ HTTP/1.1" 200 16543 "-" "Sogou web spider/4.0(+http://www.sogou.com/docs/help/webmasters.htm#07)"
66.249.73.135 - - [19/May/2015:15:05:07 +0000] "GET /misc/scriptaculous-xhtml.diff HTTP/1.1" 304 - "-" "Mozilla/5.0 (iPhone; CPU iPhone OS 6_0 like Mac OS X) AppleWebKit/536.26 (KHTML, like Gecko) Version/6.0 Mobile/10A5376e Safari/8536.25 (compatible; Googlebot/2.1; +http://www.google.com/bot.html)"
100.43.83.137 - - [19/May/2015:15:05:20 +0000] "GET /projects/fex/ HTTP/1.1" 200 14352 "-" "Mozilla/5.0 (compatible; YandexBot/3.0; +http://yandex.com/bots)"
66.249.73.135 - - [19/May/2015:15:05:32 +0000] "GET /blog/tags/firefox?flav=rss20 HTTP/1.1" 200 16021 "-" "Mozilla/5.0 (compatible; Googlebot/2.1; +http://www.google.com/bot.html)"
66.249.73.135 - - [19/May/2015:15:05:44 +0000] "GET /blog/geekery/terminal-titles.html HTTP/1.1" 200 12495 "-" "Mozilla/5.0 (iPhone; CPU iPhone OS 6_0 like Mac OS X) AppleWebKit/536.26 (KHTML, like Gecko) Version/6.0 Mobile/10A5376e Safari/8536.25 (compatible; Googlebot/2.1; +http://www.google.com/bot.html)"
66.249.73.135 - - [19/May/2015:15:05:03 +0000] "GET /blog/geekery/xvfb-firefox.html HTTP/1.1" 200 10975 "-" "Mozilla/5.0 (compatible; Googlebot/2.1; +http://www.google.com/bot.html)"
183.60.244.24 - - [19/May/2015:15:05:47 +0000] "GET / HTTP/1.1" 200 37932 "http://www.baidu.com/search/spider.htm" "Mozilla/5.0 (compatible; Baiduspider/2.0; +http://www.baidu.com/search/spider.html)"
193.252.149.15 - - [19/May/2015:15:05:19 +0000] "GET /blog/tags/soekris HTTP/1.1" 200 19483 "-" "Mozilla/5.0 (Windows; U; Windows NT 5.1; fr; rv:1.8.1) VoilaBot BETA 1.2 (support.voilabot@orange-ftgroup.com)"
66.249.73.135 - - [19/May/2015:15:05:14 +0000] "GET /?page=35 HTTP/1.1" 200 29190 "-" "Mozilla/5.0 (iPhone; CPU iPhone OS 6_0 like Mac OS X) AppleWebKit/536.26 (KHTML, like Gecko) Version/6.0 Mobile/10A5376e Safari/8536.25 (compatible; Googlebot/2.1; +http://www.google.com/bot.html)"
66.249.73.135 - - [19/May/2015:15:05:58 +0000] "GET /presentations/mpi HTTP/1.1" 301 340 "-" "Mozilla/5.0 (iPhone; CPU iPhone OS 6_0 like Mac OS X) AppleWebKit/536.26 (KHTML, like Gecko) Version/6.0 Mobile/10A5376e Safari/8536.25 (compatible; Googlebot/2.1; +http://www.google.com/bot.html)"
66.249.73.135 - - [19/May/2015:15:05:51 +0000] "GET /presentations/mpi/ HTTP/1.1" 200 6676 "-" "Mozilla/5.0 (iPhone; CPU iPhone OS 6_0 like Mac OS X) AppleWebKit/536.26 (KHTML, like Gecko) Version/6.0 Mobile/10A5376e Safari/8536.25 (compatible; Googlebot/2.1; +http://www.google.com/bot.html)"
180.76.6.51 - - [19/May/2015:15:05:27 +0000] "GET /blog/geekery/show-headers-in-get-request.html?commentlimit=0 HTTP/1.1" 200 10538 "-" "Mozilla/5.0 (compatible; Baiduspider/2.0; +http://www.baidu.com/search/spider.html)"
204.236.226.210 - - [19/May/2015:16:05:40 +0000] "GET /robots.txt HTTP/1.0" 200 - "-" "ia_archiver (+http://www.alexa.com/site/help/webmasters; crawler@alexa.com)"
204.236.226.210 - - [19/May/2015:16:05:11 +0000] "GET /articles/ssh-security HTTP/1.0" 301 344 "-" "ia_archiver (+http://www.alexa.com/site/help/webmasters; crawler@alexa.com)"
204.236.226.210 - - [19/May/2015:16:05:02 +0000] "GET /articles/ssh-security/ HTTP/1.0" 200 16543 "-" "ia_archiver (+http://www.alexa.com/site/help/webmasters; crawler@alexa.com)"
66.249.73.135 - - [19/May/2015:16:05:33 +0000] "GET /?flav=atom HTTP/1.1" 200 32352 "-" "Mozilla/5.0 (compatible; Googlebot/2.1; +http://www.google.com/bot.html)"
66.249.73.135 - - [19/May/2015:16:05:41 +0000] "GET / HTTP/1.1" 200 37932 "-" "DoCoMo/2.0 N905i(c100;TB;W24H16) (compatible; Googlebot-Mobile/2.1; +http://www.google.com/bot.html)"
208.115.111.72 - - [19/May/2015:16:05:31 +0000] "GET /robots.txt HTTP/1.1" 200 - "-" "Mozilla/5.0 (compatible; Ezooms/1.0; help@moz.com)"
66.249.73.185 - - [19/May/2015:17:05:56 +0000] "GET /presentations/logstash-1/ HTTP/1.1" 304 - "-" "Mozilla/5.0 (iPhone; CPU iPhone OS 6_0 like Mac OS X) AppleWebKit/536.26 (KHTML, like Gecko) Version/6.0 Mobile/10A5376e Safari/8536.25 (compatible; Googlebot/2.1; +http://www.google.com/bot.html)"
66.249.73.135 - - [19/May/2015:17:05:29 +0000] "GET /?flav=rss20 HTTP/1.1" 200 29941 "-" "Mozilla/5.0 (compatible; Googlebot/2.1; +http://www.google.com/bot.html)"
66.249.73.135 - - [19/May/2015:17:05:19 +0000] "GET /blog/geekery/jquery-interface-/pppuffer.html HTTP/1.1" 404 7861 "-" "Mozilla/5.0 (compatible; Googlebot/2.1; +http://www.google.com/bot.html)"
66.249.73.135 - - [19/May/2015:17:05:25 +0000] "GET /blog/geekery/pam_captcha_research.html HTTP/1.1" 200 9752 "-" "Mozilla/5.0 (compatible; Googlebot/2.1; +http://www.google.com/bot.html)"
100.43.83.137 - - [19/May/2015:17:05:39 +0000] "GET /files/xdotool/docs/html/structcontext.html HTTP/1.1" 304 - "-" "Mozilla/5.0 (compatible; YandexBot/3.0; +http://yandex.com/bots)"
66.249.73.135 - - [19/May/2015:17:05:23 +0000] "GET /blog/tags/python?page=4 HTTP/1.1" 200 13934 "-" "Mozilla/5.0 (iPhone; CPU iPhone OS 6_0 like Mac OS X) AppleWebKit/536.26 (KHTML, like Gecko) Version/6.0 Mobile/10A5376e Safari/8536.25 (compatible; Googlebot/2.1; +http://www.google.com/bot.html)"
54.227.17.146 - - [19/May/2015:17:05:24 +0000] "GET /robots.txt HTTP/1.1" 200 - "-" "Mozilla/5.0 (Macintosh; U; Intel Mac OS X 10.6; en-US; rv:1.9.2) Gecko/20100115 Firefox/3.6 (FlipboardProxy/2.0; +http://flipboard.com/browserproxy)"
66.249.73.135 - - [19/May/2015:17:05:34 +0000] "GET /blog/tags/sqlite HTTP/1.1" 200 8979 "-" "Mozilla/5.0 (iPhone; CPU iPhone OS 6_0 like Mac OS X) AppleWebKit/536.26 (KHTML, like Gecko) Version/6.0 Mobile/10A5376e Safari/8536.25 (compatible; Googlebot/2.1; +http://www.google.com/bot.html)"
220.181.108.162 - - [19/May/2015:17:05:54 +0000] "GET / HTTP/1.1" 200 36824 "-" "Mozilla/5.0 (compatible; Baiduspider/2.0; +http://www.baidu.com/search/spider.html)"
123.125.71.82 - - [19/May/2015:17:05:45 +0000] "GET / HTTP/1.1" 200 36824 "-" "Mozilla/5.0 (compatible; Baiduspider/2.0; +http://www.baidu.com/search/spider.html)"
66.249.73.185 - - [19/May/2015:17:05:21 +0000] "GET /kibana/ HTTP/1.1" 200 4483 "-" "Mozilla/5.0 (compatible; Googlebot/2.1; +http://www.google.com/bot.html)"
66.249.73.135 - - [19/May/2015:17:05:25 +0000] "GET /projects/solaudio/ HTTP/1.1" 200 8301 "-" "SAMSUNG-SGH-E250/1.0 Profile/MIDP-2.0 Configuration/CLDC-1.1 UP.Browser/6.2.3.3.c.1.101 (GUI) MMP/2.0 (compatible; Googlebot-Mobile/2.1; +http://www.google.com/bot.html)"
65.55.213.73 - - [19/May/2015:18:05:07 +0000] "GET /robots.txt HTTP/1.1" 200 - "-" "msnbot/2.0b (+http://search.msn.com/msnbot.htm)"
65.55.213.73 - - [19/May/2015:18:05:25 +0000] "GET / HTTP/1.1" 200 37932 "-" "msnbot/2.0b (+http://search.msn.com/msnbot.htm)"
66.249.73.135 - - [19/May/2015:18:05:44 +0000] "GET /blog/geekery/136.html HTTP/1.1" 200 9255 "-" "Mozilla/5.0 (compatible; Googlebot/2.1; +http://www.google.com/bot.html)"
66.249.73.185 - - [19/May/2015:18:05:49 +0000] "GET /kibana/css/style.css HTTP/1.1" 200 2715 "-" "Mozilla/5.0 (compatible; Googlebot/2.1; +http://www.google.com/bot.html)"
66.249.73.185 - - [19/May/2015:18:05:54 +0000] "GET /kibana/bootstrap/css/bootstrap.min.css HTTP/1.1" 200 71463 "-" "Mozilla/5.0 (compatible; Googlebot/2.1; +http://www.google.com/bot.html)"
66.249.73.185 - - [19/May/2015:18:05:07 +0000] "GET /kibana/loader2.php?page=eyJzZWFyY2giOiIiLCJmaWVsZHMiOltdLCJvZmZzZXQiOjAsInRpbWVmcmFtZSI6IjE1IG1pbnV0ZXMiLCJncmFwaG1vZGUiOiJjb3VudCJ9&_=1391904000000 HTTP/1.1" 200 573 "http://semicomplete.com/kibana/" "Mozilla/5.0 (compatible; Googlebot/2.1; +http://www.google.com/bot.html)"
66.249.73.135 - - [19/May/2015:18:05:42 +0000] "GET /blog/geekery/221.html HTTP/1.1" 200 8530 "-" "Mozilla/5.0 (iPhone; CPU iPhone OS 6_0 like Mac OS X) AppleWebKit/536.26 (KHTML, like Gecko) Version/6.0 Mobile/10A5376e Safari/8536.25 (compatible; Googlebot/2.1; +http://www.google.com/bot.html)"
178.255.215.71 - - [19/May/2015:18:05:02 +0000] "GET /blog/tags/nonroot HTTP/1.1" 200 11550 "-" "Mozilla/5.0 (compatible; Exabot/3.0; +http://www.exabot.com/go/robot)"
66.249.73.135 - - [19/May/2015:18:05:16 +0000] "GET /blog/geekery/rrdtool-for-the-win.html HTTP/1.1" 200 13791 "-" "Mozilla/5.0 (iPhone; CPU iPhone OS 6_0 like Mac OS X) AppleWebKit/536.26 (KHTML, like Gecko) Version/6.0 Mobile/10A5376e Safari/8536.25 (compatible; Googlebot/2.1; +http://www.google.com/bot.html)"
100.43.83.137 - - [19/May/2015:18:05:38 +0000] "GET /blog/tags/zsh HTTP/1.1" 200 16958 "-" "Mozilla/5.0 (compatible; YandexBot/3.0; +http://yandex.com/bots)"
100.43.83.137 - - [19/May/2015:18:05:39 +0000] "GET /files/blogposts/20080611/bpf-jail.patch HTTP/1.1" 304 - "-" "Mozilla/5.0 (compatible; YandexBot/3.0; +http://yandex.com/bots)"
100.43.83.137 - - [19/May/2015:18:05:16 +0000] "GET /blog/tags/sqlobject HTTP/1.1" 200 8909 "-" "Mozilla/5.0 (compatible; YandexBot/3.0; +http://yandex.com/bots)"
100.43.83.137 - - [19/May/2015:18:05:50 +0000] "GET /logging/ HTTP/1.1" 304 - "-" "Mozilla/5.0 (compatible; YandexBot/3.0; +http://yandex.com/bots)"
100.43.83.137 - - [19/May/2015:18:05:08 +0000] "GET /files/rpm/hbase.spec HTTP/1.1" 304 - "-" "Mozilla/5.0 (compatible; YandexBot/3.0; +http://yandex.com/bots)"
100.43.83.137 - - [19/May/2015:18:05:49 +0000] "GET /files/xdotool/docs/html/structcontext.html HTTP/1.1" 304 - "-" "Mozilla/5.0 (compatible; YandexBot/3.0; +http://yandex.com/bots)"
100.43.83.137 - - [19/May/2015:18:05:14 +0000] "GET /logging/ HTTP/1.1" 304 - "-" "Mozilla/5.0 (compatible; YandexBot/3.0; +http://yandex.com/bots)"
100.43.83.137 - - [19/May/2015:18:05:30 +0000] "GET /files/rpm/hbase.spec HTTP/1.1" 304 - "-" "Mozilla/5.0 (compatible; YandexBot/3.0; +http://yandex.com/bots)"
100.43.83.137 - - [19/May/2015:18:05:02 +0000] "GET /files/blogposts/20080611/bpf-jail.patch HTTP/1.1" 304 - "-" "Mozilla/5.0 (compatible; YandexBot/3.0; +http://yandex.com/bots)"
100.43.83.137 - - [19/May/2015:18:05:07 +0000] "GET /blog/tags/x11 HTTP/1.1" 200 33820 "-" "Mozilla/5.0 (compatible; YandexBot/3.0; +http://yandex.com/bots)"
100.43.83.137 - - [19/May/2015:18:05:09 +0000] "GET /blog/tags/X11 HTTP/1.1" 200 32742 "-" "Mozilla/5.0 (compatible; YandexBot/3.0; +http://yandex.com/bots)"
100.43.83.137 - - [19/May/2015:18:05:39 +0000] "GET /blog/tags/x11 HTTP/1.1" 200 33820 "-" "Mozilla/5.0 (compatible; YandexBot/3.0; +http://yandex.com/bots)"
100.43.83.137 - - [19/May/2015:18:05:13 +0000] "GET /blog/tags/X11 HTTP/1.1" 200 32742 "-" "Mozilla/5.0 (compatible; YandexBot/3.0; +http://yandex.com/bots)"
157.55.33.88 - - [19/May/2015:18:05:14 +0000] "GET /robots.txt HTTP/1.1" 200 - "-" "Mozilla/5.0 (compatible; bingbot/2.0; +http://www.bing.com/bingbot.htm)"
66.249.73.135 - - [19/May/2015:18:05:27 +0000] "GET /blog/geekery/bypassing-captive-portals.html HTTP/1.1" 200 10613 "-" "Mozilla/5.0 (compatible; Googlebot/2.1; +http://www.google.com/bot.html)"
157.55.33.88 - - [19/May/2015:18:05:22 +0000] "GET /blog/geekery/179.html HTTP/1.1" 200 9616 "-" "Mozilla/5.0 (compatible; bingbot/2.0; +http://www.bing.com/bingbot.htm)"
66.249.73.135 - - [19/May/2015:18:05:32 +0000] "GET /blog/tags/firefox?flav=rss20 HTTP/1.1" 200 16021 "-" "Mozilla/5.0 (compatible; Googlebot/2.1; +http://www.google.com/bot.html)"
100.43.83.137 - - [19/May/2015:18:05:48 +0000] "GET /blog/tags/xlib HTTP/1.1" 200 23353 "-" "Mozilla/5.0 (compatible; YandexBot/3.0; +http://yandex.com/bots)"
100.43.83.137 - - [19/May/2015:18:05:30 +0000] "GET /blog/tags/Xlib HTTP/1.1" 200 25745 "-" "Mozilla/5.0 (compatible; YandexBot/3.0; +http://yandex.com/bots)"
100.43.83.137 - - [19/May/2015:18:05:31 +0000] "GET /blog/tags/xlib HTTP/1.1" 200 23353 "-" "Mozilla/5.0 (compatible; YandexBot/3.0; +http://yandex.com/bots)"
100.43.83.137 - - [19/May/2015:18:05:03 +0000] "GET /blog/tags/Xlib HTTP/1.1" 200 25745 "-" "Mozilla/5.0 (compatible; YandexBot/3.0; +http://yandex.com/bots)"
100.43.83.137 - - [19/May/2015:18:05:14 +0000] "GET /blog/tags/c HTTP/1.1" 200 28169 "-" "Mozilla/5.0 (compatible; YandexBot/3.0; +http://yandex.com/bots)"
100.43.83.137 - - [19/May/2015:18:05:50 +0000] "GET /blog/tags/C HTTP/1.1" 200 37991 "-" "Mozilla/5.0 (compatible; YandexBot/3.0; +http://yandex.com/bots)"
100.43.83.137 - - [19/May/2015:18:05:04 +0000] "GET /blog/tags/c HTTP/1.1" 200 28169 "-" "Mozilla/5.0 (compatible; YandexBot/3.0; +http://yandex.com/bots)"
100.43.83.137 - - [19/May/2015:18:05:30 +0000] "GET /blog/tags/C HTTP/1.1" 200 37991 "-" "Mozilla/5.0 (compatible; YandexBot/3.0; +http://yandex.com/bots)"
180.76.6.49 - - [19/May/2015:18:05:34 +0000] "GET /scripts/?C=N;O=D HTTP/1.1" 200 21894 "-" "Mozilla/5.0 (compatible; Baiduspider/2.0; +http://www.baidu.com/search/spider.html)"
66.249.73.135 - - [19/May/2015:18:05:08 +0000] "GET /blog/tags/firewall HTTP/1.1" 200 13233 "-" "Mozilla/5.0 (iPhone; CPU iPhone OS 6_0 like Mac OS X) AppleWebKit/536.26 (KHTML, like Gecko) Version/6.0 Mobile/10A5376e Safari/8536.25 (compatible; Googlebot/2.1; +http://www.google.com/bot.html)"
208.115.113.88 - - [19/May/2015:19:05:32 +0000] "GET /robots.txt HTTP/1.1" 200 - "-" "Mozilla/5.0 (compatible; Ezooms/1.0; help@moz.com)"
103.245.44.13 - - [19/May/2015:19:05:42 +0000] "GET /robots.txt HTTP/1.0" 200 - "-" "binlar_2.6.3 (test@mgmt.mic)"
157.55.32.107 - - [19/May/2015:19:05:32 +0000] "GET /blog/geekery/131.html HTTP/1.1" 200 8278 "-" "Mozilla/5.0 (compatible; bingbot/2.0; +http://www.bing.com/bingbot.htm)"
66.249.73.135 - - [19/May/2015:19:05:05 +0000] "GET /misc/funkyoutput HTTP/1.1" 304 - "-" "Mozilla/5.0 (iPhone; CPU iPhone OS 6_0 like Mac OS X) AppleWebKit/536.26 (KHTML, like Gecko) Version/6.0 Mobile/10A5376e Safari/8536.25 (compatible; Googlebot/2.1; +http://www.google.com/bot.html)"
66.249.73.135 - - [19/May/2015:19:05:26 +0000] "GET /?flav=atom HTTP/1.1" 200 32352 "-" "Mozilla/5.0 (compatible; Googlebot/2.1; +http://www.google.com/bot.html)"
66.249.73.135 - - [19/May/2015:19:05:31 +0000] "GET / HTTP/1.1" 200 37932 "-" "Mozilla/5.0 (compatible; Googlebot/2.1; +http://www.google.com/bot.html)"
68.180.224.235 - - [19/May/2015:19:05:49 +0000] "GET /robots.txt HTTP/1.1" 200 - "-" "Mozilla/5.0 (compatible; Yahoo! Slurp; http://help.yahoo.com/help/us/ysearch/slurp)"
66.249.73.135 - - [19/May/2015:19:05:14 +0000] "GET /misc/pythonchallenge/ HTTP/1.1" 200 811 "-" "Mozilla/5.0 (iPhone; CPU iPhone OS 6_0 like Mac OS X) AppleWebKit/536.26 (KHTML, like Gecko) Version/6.0 Mobile/10A5376e Safari/8536.25 (compatible; Googlebot/2.1; +http://www.google.com/bot.html)"
66.249.73.135 - - [19/May/2015:19:05:57 +0000] "GET /?flav=rss20 HTTP/1.1" 200 29941 "-" "Mozilla/5.0 (compatible; Googlebot/2.1; +http://www.google.com/bot.html)"
180.76.6.65 - - [19/May/2015:19:05:58 +0000] "GET /robots.txt HTTP/1.1" 200 - "-" "Mozilla/5.0 (Windows NT 5.1; rv:6.0.2) Gecko/20100101 Firefox/6.0.2"
123.125.71.56 - - [19/May/2015:20:05:35 +0000] "GET /misc/Size.xs HTTP/1.1" 200 695 "-" "Mozilla/5.0 (compatible; Baiduspider/2.0; +http://www.baidu.com/search/spider.html)"
180.76.6.50 - - [19/May/2015:20:05:48 +0000] "GET /robots.txt HTTP/1.1" 200 - "-" "Mozilla/5.0 (Windows NT 5.1; rv:6.0.2) Gecko/20100101 Firefox/6.0.2"
66.249.73.135 - - [19/May/2015:20:05:24 +0000] "GET / HTTP/1.1" 200 37932 "-" "Mozilla/5.0 (compatible; Googlebot/2.1; +http://www.google.com/bot.html)"
66.249.73.135 - - [19/May/2015:20:05:20 +0000] "GET /?page=7 HTTP/1.1" 200 45289 "-" "Mozilla/5.0 (compatible; Googlebot/2.1; +http://www.google.com/bot.html)"
66.249.73.185 - - [19/May/2015:20:05:48 +0000] "GET /files/logstash/ HTTP/1.1" 200 13316 "-" "Mozilla/5.0 (iPhone; CPU iPhone OS 6_0 like Mac OS X) AppleWebKit/536.26 (KHTML, like Gecko) Version/6.0 Mobile/10A5376e Safari/8536.25 (compatible; Googlebot/2.1; +http://www.google.com/bot.html)"
66.249.73.135 - - [19/May/2015:21:05:18 +0000] "GET /blog/geekery/96.html HTTP/1.1" 200 8981 "-" "Mozilla/5.0 (iPhone; CPU iPhone OS 6_0 like Mac OS X) AppleWebKit/536.26 (KHTML, like Gecko) Version/6.0 Mobile/10A5376e Safari/8536.25 (compatible; Googlebot/2.1; +http://www.google.com/bot.html)"
66.249.73.135 - - [19/May/2015:21:05:29 +0000] "GET /blog/geekery/ec2-reserved-vs-ondemand.html HTTP/1.1" 200 11834 "-" "Mozilla/5.0 (iPhone; CPU iPhone OS 6_0 like Mac OS X) AppleWebKit/536.26 (KHTML, like Gecko) Version/6.0 Mobile/10A5376e Safari/8536.25 (compatible; Googlebot/2.1; +http://www.google.com/bot.html)"
66.249.73.135 - - [19/May/2015:21:05:39 +0000] "GET /blog/geekery/124.html HTTP/1.1" 200 8647 "-" "Mozilla/5.0 (compatible; Googlebot/2.1; +http://www.google.com/bot.html)"
178.255.215.71 - - [19/May/2015:21:05:13 +0000] "GET /blog/tags/tabsearch HTTP/1.1" 200 9480 "-" "Mozilla/5.0 (compatible; Exabot/3.0; +http://www.exabot.com/go/robot)"
217.69.133.235 - - [19/May/2015:22:05:33 +0000] "GET /robots.txt HTTP/1.1" 200 - "-" "Mozilla/5.0 (compatible; Linux x86_64; Mail.RU_Bot/2.0; +http://go.mail.ru/help/robots)"
217.69.133.238 - - [19/May/2015:22:05:41 +0000] "GET /presentations/puppet-presentation/puppet-at-loggly.html HTTP/1.1" 304 - "-" "Mozilla/5.0 (compatible; Linux x86_64; Mail.RU_Bot/2.0; +http://go.mail.ru/help/robots)"
66.249.73.135 - - [19/May/2015:22:05:21 +0000] "GET /blog/tags/gphoto HTTP/1.1" 200 9048 "-" "Mozilla/5.0 (iPhone; CPU iPhone OS 6_0 like Mac OS X) AppleWebKit/536.26 (KHTML, like Gecko) Version/6.0 Mobile/10A5376e Safari/8536.25 (compatible; Googlebot/2.1; +http://www.google.com/bot.html)"
199.30.20.30 - - [19/May/2015:22:05:05 +0000] "GET /robots.txt HTTP/1.1" 200 - "-" "msnbot-media/1.1 (+http://search.msn.com/msnbot.htm)"
199.30.20.30 - - [19/May/2015:22:05:52 +0000] "GET /blog/geekery/bypassing-captive-portals.html HTTP/1.1" 200 10613 "-" "msnbot-media/1.1 (+http://search.msn.com/msnbot.htm)"
66.249.73.135 - - [19/May/2015:22:05:53 +0000] "GET /blog/tags/logstash HTTP/1.1" 200 19007 "-" "Mozilla/5.0 (iPhone; CPU iPhone OS 6_0 like Mac OS X) AppleWebKit/536.26 (KHTML, like Gecko) Version/6.0 Mobile/10A5376e Safari/8536.25 (compatible; Googlebot/2.1; +http://www.google.com/bot.html)"
218.30.103.62 - - [19/May/2015:22:05:46 +0000] "GET / HTTP/1.1" 200 37932 "-" "Sogou web spider/4.0(+http://www.sogou.com/docs/help/webmasters.htm#07)"
66.249.73.135 - - [19/May/2015:22:05:18 +0000] "GET /blog/tags/minstrel HTTP/1.1" 200 10598 "-" "Mozilla/5.0 (compatible; Googlebot/2.1; +http://www.google.com/bot.html)"
218.30.103.62 - - [19/May/2015:22:05:27 +0000] "GET / HTTP/1.1" 200 37932 "-" "Sogou web spider/4.0(+http://www.sogou.com/docs/help/webmasters.htm#07)"
218.30.103.62 - - [19/May/2015:22:05:21 +0000] "GET /blog/geekery/debugging-java-performance.html HTTP/1.1" 200 15796 "-" "Sogou web spider/4.0(+http://www.sogou.com/docs/help/webmasters.htm#07)"
218.30.103.62 - - [19/May/2015:22:05:09 +0000] "GET /blog HTTP/1.1" 200 37936 "-" "Sogou web spider/4.0(+http://www.sogou.com/docs/help/webmasters.htm#07)"
218.30.103.62 - - [19/May/2015:22:05:00 +0000] "GET /projects/xboxproxy HTTP/1.1" 301 341 "-" "Sogou web spider/4.0(+http://www.sogou.com/docs/help/webmasters.htm#07)"
218.30.103.62 - - [19/May/2015:22:05:06 +0000] "GET /projects/xboxproxy/ HTTP/1.1" 200 13171 "-" "Sogou web spider/4.0(+http://www.sogou.com/docs/help/webmasters.htm#07)"
100.43.83.137 - - [19/May/2015:22:05:06 +0000] "GET /projects/xdotool/xdotool.xhtml HTTP/1.1" 200 50112 "-" "Mozilla/5.0 (compatible; YandexDirect/3.0; +http://yandex.com/bots)"
66.249.73.135 - - [19/May/2015:22:05:29 +0000] "GET /blog/tags/firefox?flav=rss20 HTTP/1.1" 200 16021 "-" "Mozilla/5.0 (compatible; Googlebot/2.1; +http://www.google.com/bot.html)"
66.249.73.135 - - [19/May/2015:23:05:12 +0000] "GET /scripts/pagetitle.py HTTP/1.1" 304 - "-" "Mozilla/5.0 (iPhone; CPU iPhone OS 6_0 like Mac OS X) AppleWebKit/536.26 (KHTML, like Gecko) Version/6.0 Mobile/10A5376e Safari/8536.25 (compatible; Googlebot/2.1; +http://www.google.com/bot.html)"
208.43.251.181 - - [19/May/2015:23:05:04 +0000] "GET /robots.txt HTTP/1.1" 200 - "-" "Mozilla/5.0 (compatible; MSIE 9.0; Windows NT 6.1; WOW64; Trident/5.0; chromeframe/19.0.1084.52)"
208.43.251.181 - - [19/May/2015:23:05:43 +0000] "GET /blog/geekery/tracking-ssh-bots.html HTTP/1.1" 200 11350 "-" "Mozilla/5.0 (compatible; MSIE 9.0; Windows NT 6.1; WOW64; Trident/5.0; chromeframe/19.0.1084.52)"
66.249.73.185 - - [19/May/2015:23:05:00 +0000] "GET /files/logstash/ HTTP/1.1" 200 13316 "-" "DoCoMo/2.0 N905i(c100;TB;W24H16) (compatible; Googlebot-Mobile/2.1; +http://www.google.com/bot.html)"
66.249.73.135 - - [19/May/2015:23:05:37 +0000] "GET /?flav=atom HTTP/1.1" 200 32352 "-" "Mozilla/5.0 (compatible; Googlebot/2.1; +http://www.google.com/bot.html)"
66.249.73.185 - - [20/May/2015:00:05:26 +0000] "GET /files/images/ HTTP/1.1" 200 944 "-" "Mozilla/5.0 (iPhone; CPU iPhone OS 6_0 like Mac OS X) AppleWebKit/536.26 (KHTML, like Gecko) Version/6.0 Mobile/10A5376e Safari/8536.25 (compatible; Googlebot/2.1; +http://www.google.com/bot.html)"
82.80.14.189 - - [20/May/2015:00:05:28 +0000] "GET /presentations/logstash-monitorama-2013/css/fonts/Roboto.css HTTP/1.1" 200 357 "http://semicomplete.com/presentations/logstash-monitorama-2013/" "Mozilla/5.0 (Windows NT 6.1; WOW64) AppleWebKit/537.36 (KHTML, like Gecko) Chrome/32.0.1700.107 Safari/537.36"
82.80.14.189 - - [20/May/2015:00:05:17 +0000] "GET /presentations/logstash-monitorama-2013/css/fonts/Roboto-Bold.ttf HTTP/1.1" 200 38720 "http://semicomplete.com/presentations/logstash-monitorama-2013/" "Mozilla/5.0 (Windows NT 6.1; WOW64) AppleWebKit/537.36 (KHTML, like Gecko) Chrome/32.0.1700.107 Safari/537.36"
82.80.14.189 - - [20/May/2015:00:05:44 +0000] "GET /presentations/logstash-monitorama-2013/css/fonts/Roboto-Regular.ttf HTTP/1.1" 200 41820 "http://semicomplete.com/presentations/logstash-monitorama-2013/" "Mozilla/5.0 (Windows NT 6.1; WOW64) AppleWebKit/537.36 (KHTML, like Gecko) Chrome/32.0.1700.107 Safari/537.36"
199.16.156.125 - - [20/May/2015:00:05:49 +0000] "GET /robots.txt HTTP/1.1" 200 - "-" "Twitterbot/1.0"
199.16.156.126 - - [20/May/2015:00:05:53 +0000] "GET /files/lumberjack/lumberjack-0.3.0.exe HTTP/1.1" 200 4378624 "-" "Twitterbot/1.0"
123.125.71.41 - - [20/May/2015:00:05:21 +0000] "GET /presentations/hackday08/images/candicetags.png HTTP/1.1" 200 156350 "http://image.baidu.com/i?ct=503316480&z=0&tn=baiduimagedetail" "Baiduspider-image+(+http://www.baidu.com/search/spider.htm)"
66.249.73.135 - - [20/May/2015:00:05:50 +0000] "GET /?flav=rss20 HTTP/1.1" 200 29941 "-" "Mozilla/5.0 (compatible; Googlebot/2.1; +http://www.google.com/bot.html)"
66.249.73.135 - - [20/May/2015:00:05:21 +0000] "GET /?flav=rss20 HTTP/1.1" 200 29941 "-" "Mozilla/5.0 (compatible; Googlebot/2.1; +http://www.google.com/bot.html)"
66.249.73.135 - - [20/May/2015:00:05:35 +0000] "GET /articles/arp-security/arpmitm HTTP/1.1" 304 - "-" "Mozilla/5.0 (iPhone; CPU iPhone OS 6_0 like Mac OS X) AppleWebKit/536.26 (KHTML, like Gecko) Version/6.0 Mobile/10A5376e Safari/8536.25 (compatible; Googlebot/2.1; +http://www.google.com/bot.html)"
200.141.109.74 - - [20/May/2015:00:05:46 +0000] "GET / HTTP/1.1" 200 37932 "-" "Mozilla/5.0 (compatible; Googlebot/2.1; +http://www.google.com/bot.html)"
130.237.218.86 - - [20/May/2015:01:05:53 +0000] "GET /presentations/logstash-scale11x/css/fonts/Roboto.css HTTP/1.1" 200 357 "http://semicomplete.com/presentations/logstash-scale11x/" "Mozilla/5.0 (Macintosh; Intel Mac OS X 10_9_1) AppleWebKit/537.36 (KHTML, like Gecko) Chrome/33.0.1750.91 Safari/537.36"
130.237.218.86 - - [20/May/2015:01:05:02 +0000] "GET /presentations/logstash-scale11x/css/fonts/Roboto-Regular.ttf HTTP/1.1" 200 41820 "http://semicomplete.com/presentations/logstash-scale11x/" "Mozilla/5.0 (Macintosh; Intel Mac OS X 10_9_1) AppleWebKit/537.36 (KHTML, like Gecko) Chrome/33.0.1750.91 Safari/537.36"
130.237.218.86 - - [20/May/2015:01:05:52 +0000] "GET /presentations/logstash-scale11x/css/fonts/Roboto-Bold.ttf HTTP/1.1" 200 38720 "http://semicomplete.com/presentations/logstash-scale11x/" "Mozilla/5.0 (Macintosh; Intel Mac OS X 10_9_1) AppleWebKit/537.36 (KHTML, like Gecko) Chrome/33.0.1750.91 Safari/537.36"
66.249.73.135 - - [20/May/2015:01:05:03 +0000] "GET /files/xdotool/docs/html/xdotool_8h_source.html HTTP/1.1" 304 - "-" "Mozilla/5.0 (compatible; Googlebot/2.1; +http://www.google.com/bot.html)"
66.249.73.135 - - [20/May/2015:01:05:13 +0000] "GET /blog/tags/verbosity HTTP/1.1" 200 9936 "-" "Mozilla/5.0 (iPhone; CPU iPhone OS 6_0 like Mac OS X) AppleWebKit/536.26 (KHTML, like Gecko) Version/6.0 Mobile/10A5376e Safari/8536.25 (compatible; Googlebot/2.1; +http://www.google.com/bot.html)"
66.249.73.135 - - [20/May/2015:02:05:13 +0000] "GET /files/dynamic-dns-with-dhcp/named.conf HTTP/1.1" 200 996 "-" "Mozilla/5.0 (iPhone; CPU iPhone OS 6_0 like Mac OS X) AppleWebKit/536.26 (KHTML, like Gecko) Version/6.0 Mobile/10A5376e Safari/8536.25 (compatible; Googlebot/2.1; +http://www.google.com/bot.html)"
66.249.73.135 - - [20/May/2015:02:05:07 +0000] "GET /presentations/logstash-preso-1.0/ HTTP/1.1" 304 - "-" "Mozilla/5.0 (iPhone; CPU iPhone OS 6_0 like Mac OS X) AppleWebKit/536.26 (KHTML, like Gecko) Version/6.0 Mobile/10A5376e Safari/8536.25 (compatible; Googlebot/2.1; +http://www.google.com/bot.html)"
66.249.73.135 - - [20/May/2015:02:05:11 +0000] "GET /blog/tags/firefox?flav=rss20 HTTP/1.1" 200 16021 "-" "Mozilla/5.0 (compatible; Googlebot/2.1; +http://www.google.com/bot.html)"
180.76.5.98 - - [20/May/2015:03:05:10 +0000] "GET / HTTP/1.1" 200 37932 "-" "Mozilla/5.0 (compatible; Baiduspider/2.0; +http://www.baidu.com/search/spider.html)"
66.249.73.135 - - [20/May/2015:03:05:23 +0000] "GET /misc/tempest.netstat.Jan05 HTTP/1.1" 200 37554 "-" "Mozilla/5.0 (compatible; Googlebot/2.1; +http://www.google.com/bot.html)"
66.249.73.135 - - [20/May/2015:03:05:51 +0000] "GET /blog/tags/xmlpresenter HTTP/1.1" 200 9178 "-" "Mozilla/5.0 (compatible; Googlebot/2.1; +http://www.google.com/bot.html)"
66.249.73.135 - - [20/May/2015:03:05:06 +0000] "GET /blog/2007/Jan/31 HTTP/1.1" 200 12384 "-" "Mozilla/5.0 (iPhone; CPU iPhone OS 6_0 like Mac OS X) AppleWebKit/536.26 (KHTML, like Gecko) Version/6.0 Mobile/10A5376e Safari/8536.25 (compatible; Googlebot/2.1; +http://www.google.com/bot.html)"
66.249.73.185 - - [20/May/2015:03:05:41 +0000] "GET /robots.txt HTTP/1.1" 200 - "-" "Mozilla/5.0 (compatible; Googlebot/2.1; +http://www.google.com/bot.html)"
66.249.73.185 - - [20/May/2015:03:05:46 +0000] "GET / HTTP/1.1" 200 37932 "-" "SAMSUNG-SGH-E250/1.0 Profile/MIDP-2.0 Configuration/CLDC-1.1 UP.Browser/6.2.3.3.c.1.101 (GUI) MMP/2.0 (compatible; Googlebot-Mobile/2.1; +http://www.google.com/bot.html)"
66.249.73.185 - - [20/May/2015:03:05:41 +0000] "GET /kibana/css/jquery-ui-1.8.16.custom.css HTTP/1.1" 200 50829 "-" "Mozilla/5.0 (compatible; Googlebot/2.1; +http://www.google.com/bot.html)"
66.249.73.185 - - [20/May/2015:03:05:48 +0000] "GET /kibana/css/jquery.ui.datepicker.css HTTP/1.1" 200 33035 "-" "Mozilla/5.0 (compatible; Googlebot/2.1; +http://www.google.com/bot.html)"
66.249.73.185 - - [20/May/2015:03:05:43 +0000] "GET /kibana/bootstrap/css/bootstrap-responsive.min.css HTTP/1.1" 200 7680 "-" "Mozilla/5.0 (compatible; Googlebot/2.1; +http://www.google.com/bot.html)"
66.249.73.135 - - [20/May/2015:04:05:43 +0000] "GET /blog/tags/nodeless HTTP/1.1" 200 10301 "-" "Mozilla/5.0 (iPhone; CPU iPhone OS 6_0 like Mac OS X) AppleWebKit/536.26 (KHTML, like Gecko) Version/6.0 Mobile/10A5376e Safari/8536.25 (compatible; Googlebot/2.1; +http://www.google.com/bot.html)"
66.249.73.135 - - [20/May/2015:04:05:09 +0000] "GET /blog/tags/testing HTTP/1.1" 200 13982 "-" "Mozilla/5.0 (iPhone; CPU iPhone OS 6_0 like Mac OS X) AppleWebKit/536.26 (KHTML, like Gecko) Version/6.0 Mobile/10A5376e Safari/8536.25 (compatible; Googlebot/2.1; +http://www.google.com/bot.html)"
66.249.73.135 - - [20/May/2015:04:05:24 +0000] "GET /?flav=atom HTTP/1.1" 200 32352 "-" "Mozilla/5.0 (compatible; Googlebot/2.1; +http://www.google.com/bot.html)"
66.249.73.135 - - [20/May/2015:04:05:27 +0000] "GET /?flav=rss20 HTTP/1.1" 200 29941 "-" "Mozilla/5.0 (compatible; Googlebot/2.1; +http://www.google.com/bot.html)"
66.249.73.135 - - [20/May/2015:04:05:57 +0000] "GET /projects/newpsm/patch-CURRENT-Apr.13.06.newmoused+newpsm HTTP/1.1" 304 - "-" "Mozilla/5.0 (iPhone; CPU iPhone OS 6_0 like Mac OS X) AppleWebKit/536.26 (KHTML, like Gecko) Version/6.0 Mobile/10A5376e Safari/8536.25 (compatible; Googlebot/2.1; +http://www.google.com/bot.html)"
66.249.73.135 - - [20/May/2015:04:05:50 +0000] "GET /presentations/unix-basics/images/metacity-gnome.png HTTP/1.1" 200 713096 "-" "Googlebot-Image/1.0"
66.249.73.135 - - [20/May/2015:04:05:05 +0000] "GET /projects/pmbackup/ HTTP/1.1" 200 15945 "-" "Mozilla/5.0 (compatible; Googlebot/2.1; +http://www.google.com/bot.html)"
94.228.34.233 - - [20/May/2015:04:05:02 +0000] "GET /resume.xml HTTP/1.1" 304 - "-" "magpie-crawler/1.1 (U; Linux amd64; en-GB; +http://www.brandwatch.net)"
66.249.73.135 - - [20/May/2015:04:05:24 +0000] "GET /scripts/tune-ospf-metrics.rb HTTP/1.1" 304 - "-" "Mozilla/5.0 (iPhone; CPU iPhone OS 6_0 like Mac OS X) AppleWebKit/536.26 (KHTML, like Gecko) Version/6.0 Mobile/10A5376e Safari/8536.25 (compatible; Googlebot/2.1; +http://www.google.com/bot.html)"
66.249.73.135 - - [20/May/2015:05:05:49 +0000] "GET /presentations/vim/ HTTP/1.1" 304 - "-" "Mozilla/5.0 (iPhone; CPU iPhone OS 6_0 like Mac OS X) AppleWebKit/536.26 (KHTML, like Gecko) Version/6.0 Mobile/10A5376e Safari/8536.25 (compatible; Googlebot/2.1; +http://www.google.com/bot.html)"
194.250.79.71 - - [20/May/2015:05:05:01 +0000] "GET /blog/geekery/tracking-ssh-bots.html HTTP/1.1" 200 11350 "https://www.google.fr/" "Mozilla/5.0 (Windows NT 6.1; WOW64) AppleWebKit/537.36 (KHTML, like Gecko) Chrome/32.0.1700.107 Safari/537.36"
194.250.79.71 - - [20/May/2015:05:05:00 +0000] "GET /images/jordan-80.png HTTP/1.1" 200 6146 "http://www.semicomplete.com/blog/geekery/tracking-ssh-bots.html" "Mozilla/5.0 (Windows NT 6.1; WOW64) AppleWebKit/537.36 (KHTML, like Gecko) Chrome/32.0.1700.107 Safari/537.36"
194.250.79.71 - - [20/May/2015:05:05:59 +0000] "GET /images/web/2009/banner.png HTTP/1.1" 200 52315 "http://www.semicomplete.com/blog/geekery/tracking-ssh-bots.html" "Mozilla/5.0 (Windows NT 6.1; WOW64) AppleWebKit/537.36 (KHTML, like Gecko) Chrome/32.0.1700.107 Safari/537.36"
180.76.5.98 - - [20/May/2015:06:05:40 +0000] "GET /robots.txt HTTP/1.1" 200 - "-" "Mozilla/5.0 (Windows NT 5.1; rv:6.0.2) Gecko/20100101 Firefox/6.0.2"
66.249.73.135 - - [20/May/2015:06:05:46 +0000] "GET /blog/tags/firefox?flav=rss20 HTTP/1.1" 200 16021 "-" "Mozilla/5.0 (compatible; Googlebot/2.1; +http://www.google.com/bot.html)"
178.255.215.71 - - [20/May/2015:06:05:11 +0000] "GET /articles/openldap-with-saslauthd/ HTTP/1.1" 200 12700 "-" "Mozilla/5.0 (compatible; Exabot/3.0; +http://www.exabot.com/go/robot)"
157.55.33.19 - - [20/May/2015:06:05:37 +0000] "GET /robots.txt HTTP/1.1" 200 - "-" "Mozilla/5.0 (compatible; bingbot/2.0; +http://www.bing.com/bingbot.htm)"
157.55.33.19 - - [20/May/2015:06:05:09 +0000] "GET /misc/rcfiles/vimrc HTTP/1.1" 200 8363 "-" "Mozilla/5.0 (compatible; bingbot/2.0; +http://www.bing.com/bingbot.htm)"
180.76.5.21 - - [20/May/2015:06:05:31 +0000] "GET /robots.txt HTTP/1.1" 200 - "-" "Mozilla/5.0 (Windows NT 5.1; rv:6.0.2) Gecko/20100101 Firefox/6.0.2"
162.213.42.132 - - [20/May/2015:06:05:14 +0000] "GET /robots.txt HTTP/1.1" 200 - "-" "python-requests/1.2.0 CPython/2.7.4 Linux/3.8.0-33-generic"
66.249.73.135 - - [20/May/2015:07:05:09 +0000] "GET /?flav=rss20 HTTP/1.1" 200 29941 "-" "Mozilla/5.0 (compatible; Googlebot/2.1; +http://www.google.com/bot.html)"
66.249.73.135 - - [20/May/2015:07:05:37 +0000] "GET /blog/geekery/vmware-cpu-performance.html HTTP/1.1" 200 12908 "-" "Mozilla/5.0 (compatible; Googlebot/2.1; +http://www.google.com/bot.html)"
66.249.73.135 - - [20/May/2015:07:05:13 +0000] "GET /?flav=atom HTTP/1.1" 200 32352 "-" "Mozilla/5.0 (compatible; Googlebot/2.1; +http://www.google.com/bot.html)"
66.249.73.135 - - [20/May/2015:07:05:41 +0000] "GET /misc/job_description_is_clearly_not_an_oracle_dba.html HTTP/1.1" 200 2596 "-" "Mozilla/5.0 (compatible; Googlebot/2.1; +http://www.google.com/bot.html)"
66.249.73.135 - - [20/May/2015:07:05:07 +0000] "GET / HTTP/1.1" 200 37932 "-" "Mozilla/5.0 (compatible; Googlebot/2.1; +http://www.google.com/bot.html)"
157.55.34.93 - - [20/May/2015:07:05:33 +0000] "GET /robots.txt HTTP/1.1" 200 - "-" "Mozilla/5.0 (compatible; bingbot/2.0; +http://www.bing.com/bingbot.htm)"
216.107.155.114 - - [20/May/2015:07:05:37 +0000] "GET /robots.txt HTTP/1.0" 200 - "-" "Mozilla/5.0 (compatible; MJ12bot/v1.4.4; http://www.majestic12.co.uk/bot.php?+)"
216.107.155.114 - - [20/May/2015:07:05:40 +0000] "GET /blog/tags/deb HTTP/1.0" 200 11275 "-" "Mozilla/5.0 (compatible; MJ12bot/v1.4.4; http://www.majestic12.co.uk/bot.php?+)"
180.76.6.147 - - [20/May/2015:07:05:06 +0000] "GET /articles/ssh-security/ HTTP/1.1" 200 16543 "-" "Mozilla/5.0 (compatible; Baiduspider/2.0; +http://www.baidu.com/search/spider.html)"
180.76.5.69 - - [20/May/2015:07:05:59 +0000] "GET /robots.txt HTTP/1.1" 200 - "-" "Mozilla/5.0 (Windows NT 5.1; rv:6.0.2) Gecko/20100101 Firefox/6.0.2"
157.55.34.93 - - [20/May/2015:07:05:07 +0000] "GET /blog/geekery/www.csh.rit.edu/~robertp HTTP/1.1" 404 7861 "-" "Mozilla/5.0 (compatible; bingbot/2.0; +http://www.bing.com/bingbot.htm)"
66.249.73.135 - - [20/May/2015:07:05:40 +0000] "GET /blog/tags/sata HTTP/1.1" 200 9368 "-" "Mozilla/5.0 (compatible; Googlebot/2.1; +http://www.google.com/bot.html)"
119.63.196.17 - - [20/May/2015:08:05:41 +0000] "GET / HTTP/1.1" 200 37932 "-" "Mozilla/5.0 (compatible; Baiduspider/2.0; +http://www.baidu.com/search/spider.html)"
157.56.92.158 - - [20/May/2015:08:05:17 +0000] "GET /blog/2007/Mar HTTP/1.1" 200 29519 "-" "Mozilla/5.0 (compatible; bingbot/2.0; +http://www.bing.com/bingbot.htm)"
66.249.73.135 - - [20/May/2015:08:05:33 +0000] "GET / HTTP/1.1" 200 37932 "-" "Mozilla/5.0 (compatible; Googlebot/2.1; +http://www.google.com/bot.html)"
193.252.118.175 - - [20/May/2015:08:05:58 +0000] "GET /robots.txt HTTP/1.1" 200 - "-" "Mozilla/5.0 (Windows; U; Windows NT 5.1; fr; rv:1.8.1) VoilaBot BETA 1.2 (support.voilabot@orange-ftgroup.com)"
193.252.118.175 - - [20/May/2015:08:05:41 +0000] "GET /files/blogposts/20080107/oniguruma_named_captures.c HTTP/1.1" 200 2056 "-" "Mozilla/5.0 (Windows; U; Windows NT 5.1; fr; rv:1.8.1) VoilaBot BETA 1.2 (support.voilabot@orange-ftgroup.com)"
157.55.32.190 - - [20/May/2015:08:05:48 +0000] "GET /presentations/logstash-puppetconf-2012/ HTTP/1.1" 304 - "-" "Mozilla/5.0 (compatible; bingbot/2.0; +http://www.bing.com/bingbot.htm)"
66.249.73.135 - - [20/May/2015:08:05:32 +0000] "GET /presentations/vim/ HTTP/1.1" 304 - "-" "Mozilla/5.0 (compatible; Googlebot/2.1; +http://www.google.com/bot.html)"
130.237.218.86 - - [20/May/2015:09:05:28 +0000] "GET /presentations/logstash-scale11x/css/fonts/Roboto.css HTTP/1.1" 200 357 "http://semicomplete.com/presentations/logstash-scale11x/" "Mozilla/5.0 (Macintosh; Intel Mac OS X 10_9_1) AppleWebKit/537.36 (KHTML, like Gecko) Chrome/33.0.1750.91 Safari/537.36"
130.237.218.86 - - [20/May/2015:09:05:55 +0000] "GET /presentations/logstash-scale11x/css/fonts/Roboto-Regular.ttf HTTP/1.1" 200 41820 "http://semicomplete.com/presentations/logstash-scale11x/" "Mozilla/5.0 (Macintosh; Intel Mac OS X 10_9_1) AppleWebKit/537.36 (KHTML, like Gecko) Chrome/33.0.1750.91 Safari/537.36"
180.76.6.144 - - [20/May/2015:09:05:11 +0000] "GET /robots.txt HTTP/1.1" 200 - "-" "Mozilla/5.0 (Windows NT 5.1; rv:6.0.2) Gecko/20100101 Firefox/6.0.2"
194.250.79.71 - - [20/May/2015:09:05:38 +0000] "GET /blog/geekery/tracking-ssh-bots.html HTTP/1.1" 200 11350 "-" "Mozilla/5.0 (Windows NT 6.1; WOW64) AppleWebKit/537.36 (KHTML, like Gecko) Chrome/32.0.1700.107 Safari/537.36"
199.30.20.64 - - [20/May/2015:09:05:52 +0000] "GET /robots.txt HTTP/1.1" 200 - "-" "msnbot-media/1.1 (+http://search.msn.com/msnbot.htm)"
199.30.20.64 - - [20/May/2015:09:05:46 +0000] "GET /projects/xmlpresenter/ HTTP/1.1" 200 11628 "-" "msnbot-media/1.1 (+http://search.msn.com/msnbot.htm)"
144.76.95.39 - - [20/May/2015:09:05:12 +0000] "GET /robots.txt HTTP/1.0" 200 - "-" "Mozilla/5.0 (compatible; MJ12bot/v1.4.4; http://www.majestic12.co.uk/bot.php?+)"
144.76.95.39 - - [20/May/2015:09:05:15 +0000] "GET /blog/tags/c HTTP/1.0" 200 28169 "-" "Mozilla/5.0 (compatible; MJ12bot/v1.4.4; http://www.majestic12.co.uk/bot.php?+)"
144.76.95.39 - - [20/May/2015:09:05:48 +0000] "GET /files/logstash/logstash-%25 HTTP/1.0" 404 305 "-" "Mozilla/5.0 (compatible; MJ12bot/v1.4.4; http://www.majestic12.co.uk/bot.php?+)"
144.76.95.39 - - [20/May/2015:09:05:04 +0000] "GET /misc/nmh//%22file://$file/%22 HTTP/1.0" 404 315 "-" "Mozilla/5.0 (compatible; MJ12bot/v1.4.4; http://www.majestic12.co.uk/bot.php?+)"
144.76.95.39 - - [20/May/2015:09:05:46 +0000] "GET /scripts//%22$%7BWEBLOC%7D/view.php?file=$%7Blinkto%7D%5C%22 HTTP/1.0" 404 313 "-" "Mozilla/5.0 (compatible; MJ12bot/v1.4.4; http://www.majestic12.co.uk/bot.php?+)"
